------------------------------------------------------
      name:  log_01
       log:  C:/Users/ji252/Documents/GitHub/multnomah
> -county-tax/code/logs/01_log_data_clean_multnomah_20
> 25-12-15.log
  log type:  text
 opened on:  15 Dec 2025, 18:01:00

. 
. //--------------------------------------------------
. // STEP 0: Preliminary Set-Up 
. //--------------------------------------------------
. 
. ** Define labels 
. label define lb_move_type       0 "ERROR"           
>                     ///
>                                                     
>     1 "Non-movers"                  ///
>                                                     
>     2 "All movers"                  ///
>                                                     
>     3 "Domestic movers"             ///
>                                                     
>     4 "Within-state movers" ///
>                                                     
>     5 "Inter-state movers"  ///
>                                                     
>     6 "Foreign movers", modify

.                                                     
>     
. label define lb_agi             1 "Under $1"        
>             ///
>                                                     
>     2 "$1 under $10K"               ///
>                                                     
>     3 "$10K under $25K"             ///
>                                                     
>     4 "$25K under $50K"             ///
>                                                     
>     5 "$50K under $75K"             ///
>                                                     
>     6 "$75K under $100K"    ///
>                                                     
>     7 "$100K under $200K"   ///
>                                                     
>     8 "$200K or more", modify                       
>                                 

. 
. 
. ** Define Programs
. 
. ** Make FIPS code from state and county fips codes 
. capture program drop make_fips

. program define make_fips
  1.     syntax varlist(min=2 max=2 numeric), GEN(name
> )
  2. 
.     quietly {
  3.         tempvar s c
  4. 
.         local v1 : word 1 of `varlist'
  5.         local v2 : word 2 of `varlist'
  6. 
.         gen `s' = string(`v1', "%02.0f")
  7.         gen `c' = string(`v2', "%03.0f")
  8. 
.         gen `gen' = real(`s' + `c')
  9.     }
 10. end

. 
. ** Reclassify suppressed values as 0 
. 
. capture program drop unsuppress

. program define unsuppress
  1.     syntax varlist
  2. 
.     foreach v of varlist `varlist' {
  3.         replace `v' = 0 if `v' == -1
  4.     }
  5. end

. 
. //--------------------------------------------------
. // STEP -1: Acquire raw data (automated where possib
> le)
. //--------------------------------------------------
. /*
> This block downloads public-use source data directly
>  from official URLs if not present locally.
> 
> Automated downloads included:
>   - IRS SOI county-to-county migration: countyinflow
> YYZZ.csv / countyoutflowYYZZ.csv
>   - IRS SOI county data: YYincyallagi.csv
>   - BEA Regional Economic Accounts (CAINC1): CAINC1.
> zip (unzips to CAINC1__ALL_AREAS_*.csv and related f
> iles)
> 
> */
. 
. * Ensure expected directory structure exists
. capture mkdir "${data}"

. capture mkdir "${data}working"

. capture mkdir "${data}demographic"

. capture mkdir "${data}demographic/CAINC1"

. capture mkdir "${data}demographic/nhgis0031_csv"

. capture mkdir "${data}irs"

. capture mkdir "${data}covid"

. 
. * ----------------------------
. * IRS SOI: migration files
. * ----------------------------
. local irs_base "https://www.irs.gov/pub/irs-soi"

. 
. forvalues yy = 15/21 {
  2.     local zz = `yy' + 1
  3.     local fn_out "countyoutflow`yy'`zz'.csv"
  4.     local fn_in  "countyinflow`yy'`zz'.csv"
  5. 
.     capture confirm file "${data}irs/`fn_out'"
  6.     if _rc {
  7.         di as txt "Downloading (IRS SOI) `fn_out'
>  ..."
  8.         copy "`irs_base'/`fn_out'" "${data}irs/`f
> n_out'", replace
  9.     }
 10. 
.     capture confirm file "${data}irs/`fn_in'"
 11.     if _rc {
 12.         di as txt "Downloading (IRS SOI) `fn_in' 
> ..."
 13.         copy "`irs_base'/`fn_in'" "${data}irs/`fn
> _in'", replace
 14.     }
 15. }

. 
. * ----------------------------
. * IRS SOI: county income (AGI) files
. * ----------------------------
. forvalues yy = 15/22 {
  2.     local fn_inc "`yy'incyallagi.csv"
  3. 
.     capture confirm file "${data}irs/`fn_inc'"
  4.     if _rc {
  5.         di as txt "Downloading (IRS SOI) `fn_inc'
>  ..."
  6.         copy "`irs_base'/`fn_inc'" "${data}irs/`f
> n_inc'", replace
  7.     }
  8. }

. 
. * ----------------------------
. * BEA Regional: CAINC1.zip
. * ----------------------------
. local bea_dir "${data}demographic/CAINC1"

. local bea_url "https://apps.bea.gov/regional/zip/CAI
> NC1.zip"

. local bea_zip "`bea_dir'/CAINC1.zip"

. 
. * If we don't already have a CAINC1 "_ALL_AREAS" fil
> e, download + unzip the ZIP.
. local bea_files : dir "`bea_dir'" files "CAINC1__ALL
> _AREAS_*.csv"

. if "`bea_files'"=="" {
.     local bea_files : dir "`bea_dir'" files "CAINC1_
> _ALL_STATES_*.csv"
. }

. 
. if "`bea_files'"=="" {
.     di as txt "Downloading (BEA) CAINC1.zip ..."
Downloading (BEA) CAINC1.zip ...
.     copy "`bea_url'" "`bea_zip'", replace
(file
    C:/Users/ji252/Documents/GitHub/multnomah-county
    > -tax/data/demographic/CAINC1/CAINC1.zip not
    found)
. 
.     local curdir "`c(pwd)'"
.     cd "`bea_dir'"
C:\Users\ji252\Documents\GitHub\multnomah-county-tax\d
> ata\demographic\CAINC1
.     unzipfile "CAINC1.zip", replace
    inflating: CAINC1__ALL_AREAS_1969_2023.csv
    inflating: CAINC1__definition.xml
    inflating: CAINC1__Footnotes.html
    inflating: CAINC1_AK_1969_2023.csv
    inflating: CAINC1_AL_1969_2023.csv
    inflating: CAINC1_AR_1969_2023.csv
    inflating: CAINC1_AZ_1969_2023.csv
    inflating: CAINC1_CA_1969_2023.csv
    inflating: CAINC1_CO_1969_2023.csv
    inflating: CAINC1_CSA_1969_2023.csv
    inflating: CAINC1_CT_1969_2023.csv
    inflating: CAINC1_DC_1969_2023.csv
    inflating: CAINC1_DE_1969_2023.csv
    inflating: CAINC1_FL_1969_2023.csv
    inflating: CAINC1_GA_1969_2023.csv
    inflating: CAINC1_HI_1969_2023.csv
    inflating: CAINC1_IA_1969_2023.csv
    inflating: CAINC1_ID_1969_2023.csv
    inflating: CAINC1_IL_1969_2023.csv
    inflating: CAINC1_IN_1969_2023.csv
    inflating: CAINC1_KS_1969_2023.csv
    inflating: CAINC1_KY_1969_2023.csv
    inflating: CAINC1_LA_1969_2023.csv
    inflating: CAINC1_MA_1969_2023.csv
    inflating: CAINC1_MD_1969_2023.csv
    inflating: CAINC1_MDIV_1969_2023.csv
    inflating: CAINC1_ME_1969_2023.csv
    inflating: CAINC1_MI_1969_2023.csv
    inflating: CAINC1_MIC_1969_2023.csv
    inflating: CAINC1_MN_1969_2023.csv
    inflating: CAINC1_MO_1969_2023.csv
    inflating: CAINC1_MS_1969_2023.csv
    inflating: CAINC1_MSA_1969_2023.csv
    inflating: CAINC1_MT_1969_2023.csv
    inflating: CAINC1_NC_1969_2023.csv
    inflating: CAINC1_ND_1969_2023.csv
    inflating: CAINC1_NE_1969_2023.csv
    inflating: CAINC1_NH_1969_2023.csv
    inflating: CAINC1_NJ_1969_2023.csv
    inflating: CAINC1_NM_1969_2023.csv
    inflating: CAINC1_NV_1969_2023.csv
    inflating: CAINC1_NY_1969_2023.csv
    inflating: CAINC1_OH_1969_2023.csv
    inflating: CAINC1_OK_1969_2023.csv
    inflating: CAINC1_OR_1969_2023.csv
    inflating: CAINC1_PA_1969_2023.csv
    inflating: CAINC1_PORT_1969_2023.csv
    inflating: CAINC1_RI_1969_2023.csv
    inflating: CAINC1_SC_1969_2023.csv
    inflating: CAINC1_SD_1969_2023.csv
    inflating: CAINC1_TN_1969_2023.csv
    inflating: CAINC1_TX_1969_2023.csv
    inflating: CAINC1_US_1969_2023.csv
    inflating: CAINC1_UT_1969_2023.csv
    inflating: CAINC1_VA_1969_2023.csv
    inflating: CAINC1_VT_1969_2023.csv
    inflating: CAINC1_WA_1969_2023.csv
    inflating: CAINC1_WI_1969_2023.csv
    inflating: CAINC1_WV_1969_2023.csv
    inflating: CAINC1_WY_1969_2023.csv

successfully unzipped CAINC1.zip to current directory
total processed:  60
        skipped:  0
      extracted:  60
.     cd "`curdir'"
C:\Users\ji252\Documents\GitHub\multnomah-county-tax
. 
.     capture erase "`bea_zip'"
. }

. 
. * ----------------------------
. * NYTimes COVID Data 
. * ----------------------------
. local covid_dir "${data}covid"

. local covid_url "https://raw.githubusercontent.com/n
> ytimes/covid-19-data/master/us-counties.csv"

. 
. * If we don't already have a COVID file, download.
. local covid_file : dir "`covid_dir'" files "covid_ny
> t.csv"

. if "`covid_file'"=="" {
.     local covid_file : dir "`covid_dir'" files "covi
> d_nyt.csv"
. }

. 
. if "`covid_file'"=="" {
.     di as txt "Downloading (COVID)  ..."
Downloading (COVID)  ...
.     copy "`covid_url'" "`covid_dir'/covid_nyt.csv", 
> replace
. }

. 
. 
. 
. //--------------------------------------------------
> ---------
. // STEP 1: Import and Clean Demographic Data via IPU
> MS + BEA  
. //--------------------------------------------------
> ---------
. 
. ** Import data 
. import delimited        ///
>         "${data}demographic/nhgis0031_csv/nhgis0031_
> ts_nominal_county.csv", clear 
(encoding automatically selected: ISO-8859-1)
(15 vars, 54,673 obs)

. 
. ** Describe data 
. des 

Contains data
 Observations:        54,673                  
    Variables:            15                  
------------------------------------------------------
Variable      Storage   Display    Value
    name         type    format    label      Variable
>  label
------------------------------------------------------
gisjoin         str8    %9s                   GISJOIN
year            str9    %9s                   YEAR
state           str20   %20s                  STATE
statefp         byte    %8.0g                 STATEFP
statenh         int     %8.0g                 STATENH
county          str46   %46s                  COUNTY
countyfp        int     %8.0g                 COUNTYFP
countynh        int     %8.0g                 COUNTYNH
name            str59   %59s                  NAME
av0aa           long    %12.0g                AV0AA
d15aa           long    %12.0g                D15AA
d15ab           long    %12.0g                D15AB
b79aa           long    %12.0g                B79AA
av0aam          long    %12.0g                AV0AAM
b79aam          long    %8.0g                 B79AAM
------------------------------------------------------
Sorted by: 
     Note: Dataset has changed since last saved.

. 
. ** Drop unnecc variables 
. drop gisjoin statenh countynh name 

. 
. ** Rename 
. rename state state_name 

. rename statefp state_fips 

. rename county county_name 

. rename countyfp county_fips 

. rename av0aa population 

. rename d15aa pop_urban 

. rename d15ab pop_rural 

. rename b79aa median_income 

. rename av0aam population_margin

. rename b79aam median_income_margin 

. 
. ** Create urban percent 
. gen percent_urban = pop_urban / population
(45,090 missing values generated)

. 
. ** Label variables 
. label var state_name "State name"

. label var state_fips "State FIPS code"

. label var county_name "County name"

. label var county_fips "County FIPS code"

. label var population "Population count"

. label var pop_rural "Rural population count"

. label var pop_urban "Urban population count"

. label var percent_urban "Percent of population in ur
> ban areas"

. label var median_income "Median household income (pr
> ior year)"

. label var population_margin "ACS margin for error: p
> opulation"

. label var median_income_margin "ACS margin for error
> : median income"

. 
. ** Save as temporary file 
. tempfile demo

. save `demo'
file
    C:\Users\ji252\AppData\Local\Temp\ST_67b0_000001
    > .tmp saved as .dta format

. 
. ** Create three datasets 
. 
. ** (1) Basic state and county IDs 
. keep if year == "2020" 
(51,452 observations deleted)

. keep state* county* 

. 
. ** Make FIPS 
. make_fips state_fips county_fips, gen(fips)

. 
. ** Save as state and county Ids 
. save "${data}working/ids", replace 
file
    C:/Users/ji252/Documents/GitHub/multnomah-county
    > -tax/data/working/ids.dta saved

. clear  

. 
. ** (2) Population data 
. use `demo'

. keep if !missing(pop_urban) 
(45,090 observations deleted)

. tab year 

       YEAR |      Freq.     Percent        Cum.
------------+-----------------------------------
       2000 |      3,141       32.78       32.78
       2010 |      3,221       33.61       66.39
       2020 |      3,221       33.61      100.00
------------+-----------------------------------
      Total |      9,583      100.00

. 
. ** Keep 2020 
. keep if year == "2020"
(6,362 observations deleted)

. drop year median_income* population_margin

. 
. ** Make FIPS 
. make_fips state_fips county_fips, gen(fips)

. 
. ** Save data
. save "${data}working/population_2020", replace 
file
    C:/Users/ji252/Documents/GitHub/multnomah-county
    > -tax/data/working/population_2020.dta saved

. clear  

. 
. ** (3) 2015-2019 ACS data 
. use `demo'

. keep if !missing(median_income) 
(6,447 observations deleted)

. tab year 

       YEAR |      Freq.     Percent        Cum.
------------+-----------------------------------
       2000 |      3,141        6.51        6.51
  2006-2010 |      3,221        6.68       13.19
  2007-2011 |      3,221        6.68       19.87
  2008-2012 |      3,221        6.68       26.55
  2009-2013 |      3,221        6.68       33.23
  2010-2014 |      3,220        6.68       39.91
  2011-2015 |      3,219        6.67       46.58
  2012-2016 |      3,220        6.68       53.26
  2013-2017 |      3,220        6.68       59.93
  2014-2018 |      3,219        6.67       66.61
  2015-2019 |      3,220        6.68       73.29
  2016-2020 |      3,220        6.68       79.96
  2017-2021 |      3,220        6.68       86.64
  2018-2022 |      3,221        6.68       93.32
  2019-2023 |      3,222        6.68      100.00
------------+-----------------------------------
      Total |     48,226      100.00

. 
. ** Keep 2020 
. keep if year == "2015-2019"
(45,006 observations deleted)

. drop year pop_rural pop_urban percent_urban

. 
. ** Make FIPS 
. make_fips state_fips county_fips, gen(fips)

. 
. ** Save data
. save "${data}working/acs_2015_2019_data", replace 
file
    C:/Users/ji252/Documents/GitHub/multnomah-county
    > -tax/data/working/acs_2015_2019_data.dta saved

. 
. ** Rename for merge 
. rename population population_acs

. 
. ** Merge with other data 
. merge 1:1 state_fips county_fips using "${data}worki
> ng/population_2020",                ///
>         keep(match) nogen 

    Result                      Number of obs
    -----------------------------------------
    Not matched                             0
    Matched                             3,219  
    -----------------------------------------

. 
. ** Save data
. save "${data}working/demographics_2020", replace 
file
    C:/Users/ji252/Documents/GitHub/multnomah-county
    > -tax/data/working/demographics_2020.dta saved

. 
. ** Load BEA Data 
. import delimited "${data}demographic/CAINC1/CAINC1__
> ALL_AREAS_1969_2023.csv",   ///
>         clear 
(encoding automatically selected: ISO-8859-1)
(63 vars, 9,604 obs)

. 
. ** Drop unnecc variables 
. drop region tablename industryclassification unit ge
> oname 

. 
. ** Drop empty cells 
. drop if missing(linecode)
(4 observations deleted)

. 
. ** Update names 
. rename geofips fips 

. replace fips = subinstr(fips, `"""', "", .)
(9,600 real changes made)

. destring fips, replace 
fips: all characters numeric; replaced as long

. 
. ** Keep population and per-capita income, dropping p
> ersonal income (total)
. tab description linecode

                      |  LineCode
          Description |         1 |     Total
----------------------+-----------+----------
Per capita personal.. |         0 |     3,200 
Personal income (th.. |     3,200 |     3,200 
Population (persons.. |         0 |     3,200 
----------------------+-----------+----------
                Total |     3,200 |     9,600 


                      |  LineCode
          Description |         2 |     Total
----------------------+-----------+----------
Per capita personal.. |         0 |     3,200 
Personal income (th.. |         0 |     3,200 
Population (persons.. |     3,200 |     3,200 
----------------------+-----------+----------
                Total |     3,200 |     9,600 


                      |  LineCode
          Description |         3 |     Total
----------------------+-----------+----------
Per capita personal.. |     3,200 |     3,200 
Personal income (th.. |         0 |     3,200 
Population (persons.. |         0 |     3,200 
----------------------+-----------+----------
                Total |     3,200 |     9,600 

. drop if linecode == 1   
(3,200 observations deleted)

. drop description

.         
. ** Get V* to be in terms of years 
. ** V9 == 1969 
. forvalues i = 9/63 {
  2.         
.         local j = 1960 + `i'
  3.         rename v`i' value`j'
  4.         
. } // END I LOOP 

. 
. ** Reshape 
. reshape long value, i(fips linecode) j(year)
(j = 1969 1970 1971 1972 1973 1974 1975 1976 1977 1978
>  1979 1980 1981 1982 1983 1984 1985 1986 1987 1988 1
> 989 1990 1991 1992 1993 1994 1995 1996 1997 1998 199
> 9 2000 2001 2002 2003 2004 2005 2006 2007 2008 2009 
> 2010 2011 2012 2013 2014 2015 2016 2017 2018 2019 20
> 20 2021 2022 2023)

Data                               Wide   ->   Long
------------------------------------------------------
> -----------------------
Number of observations            6,400   ->   352,000
>      
Number of variables                  57   ->   4      
>      
j variable (55 values)                    ->   year
xij variables:
      value1969 value1970 ... value2023   ->   value
------------------------------------------------------
> -----------------------

. reshape wide value, i(fips year ) j(linecode)
(j = 2 3)

Data                               Long   ->   Wide
------------------------------------------------------
> -----------------------
Number of observations          352,000   ->   176,000
>      
Number of variables                   4   ->   4      
>      
j variable (2 values)          linecode   ->   (droppe
> d)
xij variables:
                                  value   ->   value2 
> value3
------------------------------------------------------
> -----------------------

. 
. ** Keep years 
. keep if inrange(year, 2015, 2023)
(147,200 observations deleted)

. 
. ** Rename values 
. rename value2 population 

. rename value3 per_capita_income

. 
. ** Drop if missing values 
. drop if population == "(NA)"
(239 observations deleted)

. 
. ** Keep only counties with all observations 
. bysort fips: gen ct = _N 

. tab ct

         ct |      Freq.     Percent        Cum.
------------+-----------------------------------
          4 |          8        0.03        0.03
          5 |          5        0.02        0.05
          9 |     28,548       99.95      100.00
------------+-----------------------------------
      Total |     28,561      100.00

. keep if ct == 9
(13 observations deleted)

. drop ct

. 
. ** Destring 
. destring population, replace 
population: all characters numeric; replaced as long

. destring per_capita_income, replace 
per_capita_income: all characters numeric; replaced as
>  long

. 
. ** Save data
. save "${data}working/bea_economics", replace 
file
    C:/Users/ji252/Documents/GitHub/multnomah-county
    > -tax/data/working/bea_economics.dta saved

. 
. //--------------------------------------------------
> --
. // STEP 2: Import and Clean NYTimes COVID-19 Data 
. //--------------------------------------------------
> --
.  
. ** Import data 
. import delimited using "${data}covid/covid_nyt.csv",
>  varnames(1) clear case(lower) 
(encoding automatically selected: ISO-8859-1)
(6 vars, 2,502,832 obs)

. 
. ** Describe data 
. des 

Contains data
 Observations:     2,502,832                  
    Variables:             6                  
------------------------------------------------------
Variable      Storage   Display    Value
    name         type    format    label      Variable
>  label
------------------------------------------------------
date            str10   %10s                  
county          str35   %35s                  
state           str24   %24s                  
fips            long    %12.0g                
cases           long    %12.0g                
deaths          long    %8.0g                 
------------------------------------------------------
Sorted by: 
     Note: Dataset has changed since last saved.

. 
. ** Set up date information 
. generate num_date = date(date, "YMD")

. format num_date %td

. drop date 

. 
. ** Rename 
. rename state state_name 

. rename county county_name 

. rename num_date date 

. 
. ** keep only counties 
. keep if !missing(fips)
(23,678 observations deleted)

. 
. ** Keep in 50 states 
. drop if state_name == "Puerto Rico"
(57,605 observations deleted)

. drop if state_name == "Virgin Islands"
(2,304 observations deleted)

. drop if state_name == "Northern Mariana Islands"
(1,452 observations deleted)

. 
. ** Sort 
. sort date fips 

. 
. ** Create panel 
. xtset fips date

Panel variable: fips (unbalanced)
 Time variable: date, 21jan2020 to 13may2022, but
                with gaps
         Delta: 1 day

. 
. ** Fill in panel 
. tsfill, full 

. 
. ** Fill in missing values 
. replace cases = 0 if missing(cases)
(228,991 real changes made)

. replace deaths = 0 if missing(deaths)
(228,991 real changes made)

. 
. ** Preserve data 
. preserve 

. 
. ** Preserve fips codes and names 
. keep if !missing(state_name)
(228,991 observations deleted)

. keep if !missing(county_name)
(0 observations deleted)

. duplicates drop fips state_name county_name, force 

Duplicates in terms of fips state_name county_name

(2,414,657 observations deleted)

. 
. ** Save as temporary data 
. tempfile state_county_names 

. save `state_county_names'
file
    C:\Users\ji252\AppData\Local\Temp\ST_67b0_000003
    > .tmp saved as .dta format

. clear 

. 
. ** Restore 
. restore 

. 
. ** Drop and merge in names 
. drop state_name county_name

. merge m:1 fips using `state_county_names', keep(mast
> er match) nogen 

    Result                      Number of obs
    -----------------------------------------
    Not matched                             0
    Matched                         2,646,784  
    -----------------------------------------

. 
. ** Get year, month, day 
. gen year = year(date)

. gen month = month(date)

. gen day = day(date)

. 
. ** Order data 
. order date year month day fips state county cases de
> aths 

. 
. ** Calculate cumulative cases and deaths 
. bysort fips (date): gen cases_cum = sum(cases)

. bysort fips (date): gen deaths_cum = sum(deaths)

. 
. ** Merge population data (2020)
. merge m:1 fips using "${data}working/population_2020
> ", keep(match) nogen  
(variable county_name was str35, now str46 to
       accommodate using data's values)
(variable fips was long, now double to accommodate
       using data's values)

    Result                      Number of obs
    -----------------------------------------
    Not matched                             0
    Matched                         2,643,408  
    -----------------------------------------

. 
. ** Save file 
. save ${data}working/covid_cleaned.dta, replace 
file
    C:/Users/ji252/Documents/GitHub/multnomah-county
    > -tax/data/working/covid_cleaned.dta saved

. 
. ** Generate Clustering Variables 
. 
. ** Keep one observation per month 
. keep year month fips state_name county_name cases_cu
> m deaths_cum population

. collapse (sum) cases deaths population, by(year mont
> h fips state_name county_name) 

. sort year month fips 

. egen date = group(year month)

. drop year month 

. 
. ** Generate per capita figures
. replace cases = 1000 * cases / population
(82,955 real changes made)

. replace deaths = 1000 * deaths / population
(74,723 real changes made)

. drop population 

. 
. ** Reshape wide 
. reshape wide cases deaths, i(fips state_name county_
> name) j(date)
(j = 1 2 3 4 5 6 7 8 9 10 11 12 13 14 15 16 17 18 19 2
> 0 21 22 23 24 25 26 27 28 29)

Data                               Long   ->   Wide
------------------------------------------------------
> -----------------------
Number of observations           90,828   ->   3,132  
>      
Number of variables                   6   ->   61     
>      
j variable (29 values)             date   ->   (droppe
> d)
xij variables:
                              cases_cum   ->   cases_c
> um1 cases_cum2 ... cases_cum29
                             deaths_cum   ->   deaths_
> cum1 deaths_cum2 ... deaths_cum29
------------------------------------------------------
> -----------------------

. 
. ** Save file 
. save ${data}working/covid_cleaned_wide.dta, replace 
file
    C:/Users/ji252/Documents/GitHub/multnomah-county
    > -tax/data/working/covid_cleaned_wide.dta saved

. clear

. 
. //--------------------------------------------------
> --
. // STEP 3: Import and Clean ACS Micro Data via IPUMS
>  
. //--------------------------------------------------
> --
. 
. ** Load data 
. forvalues y = 2015(1)2023 {
  2.         
.         ** Import CSV
.         import delimited using "${data}acs/acs_`y'",
>  varnames(1) clear case(lower)
  3.         
.         ** Save as temporary data 
.         tempfile acs_`y'
  4.         save `acs_`y''
  5.         clear 
  6.         
. } // END YEAR LOOP 
(encoding automatically selected: ISO-8859-1)
(57 vars, 2,997,503 obs)
file
    C:\Users\ji252\AppData\Local\Temp\ST_67b0_000004
    > .tmp saved as .dta format
(encoding automatically selected: ISO-8859-1)
(57 vars, 3,007,847 obs)
file
    C:\Users\ji252\AppData\Local\Temp\ST_67b0_000005
    > .tmp saved as .dta format
(encoding automatically selected: ISO-8859-1)
(57 vars, 3,038,696 obs)
file
    C:\Users\ji252\AppData\Local\Temp\ST_67b0_000006
    > .tmp saved as .dta format
(encoding automatically selected: ISO-8859-1)
(57 vars, 3,060,442 obs)
file
    C:\Users\ji252\AppData\Local\Temp\ST_67b0_000007
    > .tmp saved as .dta format
(encoding automatically selected: ISO-8859-1)
(57 vars, 3,087,291 obs)
file
    C:\Users\ji252\AppData\Local\Temp\ST_67b0_000008
    > .tmp saved as .dta format
(encoding automatically selected: ISO-8859-1)
(57 vars, 2,454,160 obs)
file
    C:\Users\ji252\AppData\Local\Temp\ST_67b0_000009
    > .tmp saved as .dta format
(encoding automatically selected: ISO-8859-1)
(57 vars, 3,092,079 obs)
file
    C:\Users\ji252\AppData\Local\Temp\ST_67b0_00000a
    > .tmp saved as .dta format
(encoding automatically selected: ISO-8859-1)
(55 vars, 3,190,848 obs)
file
    C:\Users\ji252\AppData\Local\Temp\ST_67b0_00000b
    > .tmp saved as .dta format
(encoding automatically selected: ISO-8859-1)
(55 vars, 3,228,659 obs)
file
    C:\Users\ji252\AppData\Local\Temp\ST_67b0_00000c
    > .tmp saved as .dta format

. 
. ** Append data 
. forvalues y = 2015(1)2023 {
  2.         
.         append using `acs_`y''  
  3.         
. } // END YEAR LOOP 
(variable cbserial was long, now double to
       accommodate using data's values)

. 
. ** Des 
. tab year 

       year |      Freq.     Percent        Cum.
------------+-----------------------------------
       2015 |  2,997,503       11.04       11.04
       2016 |  3,007,847       11.08       22.11
       2017 |  3,038,696       11.19       33.30
       2018 |  3,060,442       11.27       44.57
       2019 |  3,087,291       11.37       55.94
       2020 |  2,454,160        9.04       64.98
       2021 |  3,092,079       11.39       76.36
       2022 |  3,190,848       11.75       88.11
       2023 |  3,228,659       11.89      100.00
------------+-----------------------------------
      Total | 27,157,525      100.00

. 
. ** Define # of adults and kids in HHs 
. gen adult = age >= 18 

. gen child = age < 18 

. bysort year serial: gen hh_size = _N 

. bysort year serial: egen hh_adult_ct = total(adult)

. bysort year serial: egen hh_child_ct = total(child)

. 
. ** Sample 18+
. drop if child == 1 
(5,629,869 observations deleted)

. drop child adult 

. 
. ** Sample not living abroad last year 
. drop if migplac1 > 56 
(108,862 observations deleted)

. drop if migrate1 == 4 
(0 observations deleted)

. 
. ** Rename variables 
. rename statefip state_fips_d

. rename countyfip county_fips_d 

. 
. ** Set up origin data 
. fre migrate1

migrate1
------------------------------------------------------
> -----
              |      Freq.    Percent      Valid      
>  Cum.
--------------+---------------------------------------
> -----
Valid   1     |   1.92e+07      89.51      89.51      
> 89.51
        2     |    1809920       8.45       8.45      
> 97.96
        3     |     436745       2.04       2.04     1
> 00.00
        Total |   2.14e+07     100.00     100.00      
>      
------------------------------------------------------
> -----

. drop migrate1d

. tab migplac1

   migplac1 |      Freq.     Percent        Cum.
------------+-----------------------------------
          0 | 19,172,129       89.51       89.51
          1 |     31,329        0.15       89.66
          2 |      5,825        0.03       89.68
          4 |     54,912        0.26       89.94
          5 |     21,714        0.10       90.04
          6 |    260,673        1.22       91.26
          8 |     52,539        0.25       91.50
          9 |     21,577        0.10       91.61
         10 |      5,369        0.03       91.63
         11 |      8,664        0.04       91.67
         12 |    152,989        0.71       92.38
         13 |     71,263        0.33       92.72
         15 |      9,845        0.05       92.76
         16 |     13,536        0.06       92.83
         17 |     86,306        0.40       93.23
         18 |     47,941        0.22       93.45
         19 |     21,469        0.10       93.55
         20 |     22,338        0.10       93.66
         21 |     31,888        0.15       93.81
         22 |     28,776        0.13       93.94
         23 |      7,911        0.04       93.98
         24 |     40,223        0.19       94.17
         25 |     48,684        0.23       94.39
         26 |     65,444        0.31       94.70
         27 |     35,177        0.16       94.86
         28 |     16,994        0.08       94.94
         29 |     45,200        0.21       95.15
         30 |      7,453        0.03       95.19
         31 |     13,567        0.06       95.25
         32 |     24,785        0.12       95.37
         33 |      8,787        0.04       95.41
         34 |     50,561        0.24       95.64
         35 |     12,299        0.06       95.70
         36 |    118,674        0.55       96.26
         37 |     70,555        0.33       96.59
         38 |      5,884        0.03       96.61
         39 |     81,541        0.38       96.99
         40 |     28,921        0.14       97.13
         41 |     36,246        0.17       97.30
         42 |     76,201        0.36       97.65
         44 |      6,551        0.03       97.68
         45 |     33,552        0.16       97.84
         46 |      6,067        0.03       97.87
         47 |     48,061        0.22       98.09
         48 |    197,912        0.92       99.02
         49 |     25,798        0.12       99.14
         50 |      4,106        0.02       99.16
         51 |     64,560        0.30       99.46
         53 |     64,790        0.30       99.76
         54 |     10,532        0.05       99.81
         55 |     35,653        0.17       99.98
         56 |      5,023        0.02      100.00
------------+-----------------------------------
      Total | 21,418,794      100.00

. rename migplac1 state_fips_o

. tab migcounty1

 migcounty1 |      Freq.     Percent        Cum.
------------+-----------------------------------
          0 | 19,952,847       93.16       93.16
          1 |     35,752        0.17       93.32
          3 |     58,525        0.27       93.60
          5 |     21,286        0.10       93.70
          7 |     13,720        0.06       93.76
          9 |     11,958        0.06       93.82
         11 |     23,663        0.11       93.93
         13 |     53,927        0.25       94.18
         15 |      7,126        0.03       94.21
         17 |     21,840        0.10       94.31
         19 |     24,348        0.11       94.43
         20 |      2,061        0.01       94.44
         21 |     12,848        0.06       94.50
         23 |      7,725        0.04       94.53
         25 |     21,090        0.10       94.63
         27 |     15,274        0.07       94.70
         29 |     32,454        0.15       94.85
         31 |     57,529        0.27       95.12
         33 |     33,851        0.16       95.28
         35 |     24,912        0.12       95.40
         37 |     72,280        0.34       95.73
         39 |     10,381        0.05       95.78
         41 |      8,696        0.04       95.82
         43 |      8,893        0.04       95.86
         45 |      5,998        0.03       95.89
         47 |     22,821        0.11       96.00
         49 |     21,522        0.10       96.10
         51 |     17,488        0.08       96.18
         53 |     17,759        0.08       96.26
         55 |     12,676        0.06       96.32
         57 |     18,309        0.09       96.41
         59 |     30,944        0.14       96.55
         61 |     31,725        0.15       96.70
         63 |     12,421        0.06       96.76
         65 |     18,670        0.09       96.85
         67 |     29,982        0.14       96.99
         69 |      4,036        0.02       97.01
         71 |     27,649        0.13       97.13
         73 |     36,959        0.17       97.31
         75 |     11,968        0.06       97.36
         77 |      8,293        0.04       97.40
         79 |      7,681        0.04       97.44
         81 |     30,275        0.14       97.58
         83 |      9,053        0.04       97.62
         85 |     28,918        0.14       97.76
         87 |      6,680        0.03       97.79
         89 |     10,158        0.05       97.83
         91 |     15,565        0.07       97.91
         93 |      4,960        0.02       97.93
         95 |     19,883        0.09       98.02
         97 |     19,460        0.09       98.11
         99 |     19,554        0.09       98.21
        101 |     14,457        0.07       98.27
        103 |     18,351        0.09       98.36
        105 |      7,421        0.03       98.39
        107 |      5,600        0.03       98.42
        109 |     10,761        0.05       98.47
        111 |     14,844        0.07       98.54
        113 |     30,918        0.14       98.68
        115 |      4,818        0.02       98.71
        117 |      7,798        0.04       98.74
        119 |     14,739        0.07       98.81
        121 |     10,181        0.05       98.86
        123 |      3,671        0.02       98.88
        125 |      9,036        0.04       98.92
        127 |      2,348        0.01       98.93
        129 |      1,814        0.01       98.94
        133 |      5,313        0.02       98.96
        135 |      7,844        0.04       99.00
        139 |      5,952        0.03       99.03
        141 |      6,936        0.03       99.06
        143 |      4,286        0.02       99.08
        145 |      1,975        0.01       99.09
        147 |      2,327        0.01       99.10
        149 |      2,146        0.01       99.11
        151 |      1,900        0.01       99.12
        153 |      5,155        0.02       99.14
        157 |     11,532        0.05       99.20
        159 |        751        0.00       99.20
        160 |        149        0.00       99.20
        161 |      4,716        0.02       99.22
        163 |     13,817        0.06       99.29
        165 |      2,418        0.01       99.30
        167 |      5,023        0.02       99.32
        169 |        850        0.00       99.33
        171 |        529        0.00       99.33
        173 |        264        0.00       99.33
        179 |      1,879        0.01       99.34
        183 |     11,521        0.05       99.39
        185 |        871        0.00       99.40
        187 |      2,303        0.01       99.41
        189 |      6,599        0.03       99.44
        191 |        759        0.00       99.44
        197 |      3,401        0.02       99.46
        201 |     29,158        0.14       99.59
        209 |      2,664        0.01       99.60
        215 |      3,046        0.01       99.62
        223 |        758        0.00       99.62
        227 |        946        0.00       99.63
        245 |      3,068        0.01       99.64
        251 |      1,020        0.00       99.65
        257 |        850        0.00       99.65
        303 |      3,247        0.02       99.67
        309 |      2,351        0.01       99.68
        313 |        456        0.00       99.68
        329 |      1,177        0.01       99.68
        339 |      3,176        0.01       99.70
        355 |      2,646        0.01       99.71
        367 |        977        0.00       99.72
        375 |      1,001        0.00       99.72
        381 |      1,199        0.01       99.73
        423 |      1,497        0.01       99.73
        439 |     14,652        0.07       99.80
        441 |      1,419        0.01       99.81
        451 |        952        0.00       99.81
        453 |     12,549        0.06       99.87
        479 |      1,301        0.01       99.88
        485 |      1,288        0.01       99.88
        491 |      4,036        0.02       99.90
        510 |     10,140        0.05       99.95
        550 |      1,187        0.01       99.95
        650 |      1,031        0.00       99.96
        700 |      1,438        0.01       99.97
        710 |        466        0.00       99.97
        760 |      2,799        0.01       99.98
        810 |      3,933        0.02      100.00
------------+-----------------------------------
      Total | 21,418,794      100.00

. rename migcounty1 county_fips_o

. 
. ** Use migrate1 to update values 
. 
. ** Within same house 
. replace state_fips_o = state_fips_d if migrate1 == 1
(19,172,129 real changes made)

. replace county_fips_o = county_fips_d if migrate1 ==
>  1 
(11,640,515 real changes made)

. 
. ** Within same state 
. replace state_fips_o = state_fips_d if migrate1 == 2
(0 real changes made)

. 
. ** Generate county IDS 
. foreach x in "o" "d" {
  2.         
.         make_fips state_fips_`x' county_fips_`x', ge
> n(fips_`x')
  3. 
. }

. 
. ** Check for within-state migration 
. gen same_county = fips_o == fips_d 

. tab year same_county

           |      same_county
      year |         0          1 |     Total
-----------+----------------------+----------
      2015 |    89,492  2,245,481 | 2,334,973 
      2016 |    91,109  2,255,901 | 2,347,010 
      2017 |    93,553  2,278,348 | 2,371,901 
      2018 |    96,080  2,306,022 | 2,402,102 
      2019 |    96,088  2,344,171 | 2,440,259 
      2020 |    71,827  1,877,155 | 1,948,982 
      2021 |    97,600  2,361,518 | 2,459,118 
      2022 |   106,231  2,430,426 | 2,536,657 
      2023 |    98,226  2,479,566 | 2,577,792 
-----------+----------------------+----------
     Total |   840,206 20,578,588 |21,418,794 

. tab year same_county if migrate1 == 2

           |      same_county
      year |         0          1 |     Total
-----------+----------------------+----------
      2015 |    42,597    172,956 |   215,553 
      2016 |    43,823    172,091 |   215,914 
      2017 |    45,058    174,386 |   219,444 
      2018 |    46,477    173,182 |   219,659 
      2019 |    46,329    168,101 |   214,430 
      2020 |    34,625    119,307 |   153,932 
      2021 |    46,470    148,925 |   195,395 
      2022 |    50,584    141,717 |   192,301 
      2023 |    47,498    135,794 |   183,292 
-----------+----------------------+----------
     Total |   403,461  1,406,459 | 1,809,920 

. 
. ** Tag HH head 
. gen byte hh_head = (relate == 1)

. 
. ** Compress file 
. compress 
  variable state_fips_o was int now byte
  variable hh_size was float now byte
  variable hh_adult_ct was float now byte
  variable hh_child_ct was float now byte
  variable same_county was float now byte
  (278,444,322 bytes saved)

. 
. ** Save 
. save "${data}working/acs_migration_file", replace 
file
    C:/Users/ji252/Documents/GitHub/multnomah-county
    > -tax/data/working/acs_migration_file.dta saved

. 
. // Keep only observations with valid origin/destinat
> ion counties and YEAR
. drop if missing(year) | missing(fips_o) | missing(fi
> ps_d)
(0 observations deleted)

. 
. // Clean income (treat missing as 0; keep negative v
> alues as reported)
. replace inctot = 0 if missing(inctot)
(0 real changes made)

. gen double income_wt = inctot * perwt

. label var income_wt "Person income (INCTOT) weighted
>  by PERWT"

. 
. // --- Persons + income totals by origin/destination
> /year
. preserve

. keep year fips_o fips_d perwt income_wt

. collapse (sum) persons=perwt income_total=income_wt,
>  by(year fips_o fips_d)

. tempfile acs_pi

. save `acs_pi'
file
    C:\Users\ji252\AppData\Local\Temp\ST_67b0_00000e
    > .tmp saved as .dta format

. restore

. 
. // --- Households by origin/destination/year
. // Use HHWT among household heads (RELATE==1) if ava
> ilable; else PERNUM==1 fallback.
. 
. preserve

. keep if hh_head
(10,269,992 observations deleted)

. keep year fips_o fips_d hhwt

. collapse (sum) households=hhwt, by(year fips_o fips_
> d)

. tempfile acs_hh

. save `acs_hh'
file
    C:\Users\ji252\AppData\Local\Temp\ST_67b0_00000g
    > .tmp saved as .dta format

. restore

. 
. // --- Merge persons/income with households
. use `acs_pi', clear

. merge 1:1 year fips_o fips_d using `acs_hh', nogen

    Result                      Number of obs
    -----------------------------------------
    Not matched                        45,163
        from master                    45,163  
        from using                          0  

    Matched                           162,899  
    -----------------------------------------

. 
. label var persons "Estimated number of persons (sum 
> PERWT)"

. label var households "Estimated number of households
>  (sum HHWT among heads)"

. label var income_total "Estimated total personal inc
> ome (sum INCTOT*PERWT)"

. 
. // --- Derive state/county components for merges wit
> h name crosswalk
. gen int state_fips_o  = floor(fips_o/1000)

. gen int county_fips_o = mod(fips_o,1000)

. gen int state_fips_d  = floor(fips_d/1000)

. gen int county_fips_d = mod(fips_d,1000)

. 
. label var state_fips_o "State FIPS (origin)"

. label var county_fips_o "County FIPS (origin)"

. label var state_fips_d "State FIPS (destination)"

. label var county_fips_d "County FIPS (destination)"

. 
. // --- Merge in names (from NHGIS IDs snapshot)
. preserve

. use "${data}working/ids", clear

. rename (state_fips county_fips state_name county_nam
> e) (state_fips_o county_fips_o state_name_o county_n
> ame_o)

. tempfile ids_o

. save `ids_o'
file
    C:\Users\ji252\AppData\Local\Temp\ST_67b0_00000i
    > .tmp saved as .dta format

. keep state_fips_o state_name_o 

. duplicates drop 

Duplicates in terms of all variables

(3,169 observations deleted)

. tempfile state_ids_o

. save `state_ids_o'
file
    C:\Users\ji252\AppData\Local\Temp\ST_67b0_00000j
    > .tmp saved as .dta format

. restore

. merge m:1 state_fips_o county_fips_o using `ids_o', 
> keep(master match) nogen

    Result                      Number of obs
    -----------------------------------------
    Not matched                        46,997
        from master                    46,997  
        from using                          0  

    Matched                           161,065  
    -----------------------------------------

. drop state_name_o 

. merge m:1 state_fips_o using `state_ids_o', keep(mas
> ter match) nogen

    Result                      Number of obs
    -----------------------------------------
    Not matched                             0
    Matched                           208,062  
    -----------------------------------------

. 
. preserve

. use "${data}working/ids", clear

. rename (state_fips county_fips state_name county_nam
> e) (state_fips_d county_fips_d state_name_d county_n
> ame_d)

. tempfile ids_d

. save `ids_d'
file
    C:\Users\ji252\AppData\Local\Temp\ST_67b0_00000l
    > .tmp saved as .dta format

. keep state_fips_d state_name_d 

. duplicates drop 

Duplicates in terms of all variables

(3,169 observations deleted)

. tempfile state_ids_d

. save `state_ids_d'
file
    C:\Users\ji252\AppData\Local\Temp\ST_67b0_00000m
    > .tmp saved as .dta format

. restore

. 
. merge m:1 state_fips_d county_fips_d using `ids_d', 
> keep(master match) nogen

    Result                      Number of obs
    -----------------------------------------
    Not matched                        50,197
        from master                    50,197  
        from using                          0  

    Matched                           157,865  
    -----------------------------------------

. drop state_name_d

. merge m:1 state_fips_d using `state_ids_d', keep(mas
> ter match) nogen

    Result                      Number of obs
    -----------------------------------------
    Not matched                             0
    Matched                           208,062  
    -----------------------------------------

. order year ///
>     state_fips_o county_fips_o state_name_o county_n
> ame_o fips_o ///
>     state_fips_d county_fips_d state_name_d county_n
> ame_d fips_d ///
>     persons households income_total

. 
. sort year state_fips_o county_fips_o state_fips_d co
> unty_fips_d

. 
. replace county_name_o = "Other" if county_fips_o == 
> 0 
(46,948 real changes made)

. replace county_name_d = "Other" if county_fips_d == 
> 0 
(49,676 real changes made)

. 
. save "${data}working/acs_county_flow", replace
file
    C:/Users/ji252/Documents/GitHub/multnomah-county
    > -tax/data/working/acs_county_flow.dta saved

. 
. // Optional: Multnomah-focused flow extract (origin 
> = Multnomah County, OR)
. // Multnomah County, OR = state 41, county 051
. preserve

. keep if state_fips_o == 41 & county_fips_o == 51
(207,316 observations deleted)

. save "${data}working/multnomah_acs_flow", replace
file
    C:/Users/ji252/Documents/GitHub/multnomah-county
    > -tax/data/working/multnomah_acs_flow.dta saved

. clear

. 
. 
. 
. //--------------------------------------------------
> --
. // STEP 4: Import and Clean IRS Migration Data 
. //--------------------------------------------------
> --
. 
. ** Loop over years 
. forvalues y = 15(1)21 {
  2.         
.         local start = `y'
  3.         local end = `y' + 1 
  4.         
.         ** Import data (out)
.         import delimited "${data}irs/countyoutflow`s
> tart'`end'.csv", clear 
  5.         
.         ** Describe data 
.         des 
  6.         
.         ** Generate year 
.         gen year = 2000 + `y' 
  7.         
.         ** Drop Regional Values 
.         drop if y2_state == "DS"
  8.         
.         ** Drop Foreign Migration 
.         drop if y2_state == "FR"
  9.         
.         ** Drop observations without a county
.         drop if y1_countyfips == 0 
 10.         
.         ** Deal with suppressed values 
.         unsuppress n1 n2 agi
 11.         
.         ** Drop unnecc variables 
.         drop y2_state y2_countyname
 12.                 
.         ** Create two versions: gross and net 
.         tempfile tmp
 13.         save `tmp'
 14.         
.         ** Gross first 
.         
.         ** Keep gross categories 
.         keep if ///
>                 (y1_statefips == y2_statefips & y1_c
> ountyfips == y2_countyfips) |       ///
>                 inlist(y2_statefips, 96, 97, 98)
 15. 
.         ** Clean up 
.         gen move_type = 0 
 16.         
.         ** Stayers 
.         replace move_type = 1 if        (y1_statefip
> s == y2_statefips) &        ///
>                                                     
>             (y1_countyfips == y2_countyfips) 
 17.         
.         ** Movers
.         replace move_type = 2 if        y2_statefips
>  == 96              // ALL 
 18.         replace move_type = 3 if        y2_statef
> ips == 97 &    ///
>                                                     
>             y2_countyfips == 0              // Domes
> tic Total
 19.         replace move_type = 4 if        y2_statef
> ips == 97 &    ///
>                                                     
>             y2_countyfips == 1              // Withi
> n-state
 20.         replace move_type = 5 if        y2_statef
> ips == 97 &    ///
>                                                     
>             y2_countyfips == 3              // Betwe
> en-states 
 21.         replace move_type = 6 if        y2_statef
> ips == 98              // Foreign 
 22.         
.         ** Label movers 
.         label values move_type lb_move_type 
 23.         
.         ** Generate total category 
.         foreach var of varlist n1 n2 agi {
 24.                 
.                 gen tmp = `var' if inlist(move_type,
>  1, 2)
 25.                 bysort y1_statefips y1_countyfips
> : egen `var'_total = total(tmp)
 26.                 drop tmp 
 27.                 
.         } // END VAR LOOP 
 28.         
.         ** Drop unnecc variables 
.         drop y2_* 
 29.         
.         ** Sort 
.         sort year y1_statefips y1_countyfips move_ty
> pe 
 30. 
.         ** Order 
.         order year y1_statefips y1_countyfips move_t
> ype 
 31.         
.         ** Rename 
.         rename y1_countyfips county_fips 
 32.         rename y1_statefips state_fips 
 33.         
.         ** Label variables 
.         label var year "Tax year (year before move)"
 34.         label var state_fips "State FIPS code (or
> igin state)"
 35.         label var county_fips "County FIPS code (
> origin county)"
 36.         label var move_type "Mover category"
 37.         label var n1 "Number of returns"
 38.         label var n2 "Number of exemptions"
 39.         label var agi "Adjusted Gross Income"
 40.         label var n1_total "Number of returns, co
> unty total (origin)"
 41.         label var n2_total "Number of exemptions,
>  county total (origin)"
 42.         label var agi_total "Adjusted Gross Incom
> e, county total (origin)"
 43.         
.         ** Save 
.         save "${data}working/irs_county_gross_out_`y
> '", replace 
 44.         
.         ** Create version for merge with net 
.         keep if move_type == 3 
 45.         
.         ** Rename variables 
.         rename n1 n1_mover
 46.         rename n2 n2_mover 
 47.         rename agi agi_mover 
 48.         
.         label var n1_mover "Number of domestic mover
>  returns"
 49.         label var n2_mover "Number of domestic mo
> ver exemptions"
 50.         label var agi_mover "Adjusted Gross Incom
> e, domestic movers"
 51.         
.         ** Save as temp file 
.         tempfile merge 
 52.         save `merge'
 53.         clear 
 54.         
.         ** Next, create flow file 
.         use `tmp', clear 
 55.         
.         ** Drop aggregate values 
.         drop if inlist(y2_statefips, 96, 97, 98)
 56.         drop if (y1_statefips == y2_statefips & y
> 1_countyfips == y2_countyfips) 
 57.         
.         ** Sort 
.         sort year y1_statefips y1_countyfips y2_stat
> efips y2_countyfips 
 58. 
.         ** Order 
.         order year y1_statefips y1_countyfips y2_sta
> tefips y2_countyfips
 59. 
.         
.         ** Rename 
.         rename y1_countyfips county_fips 
 60.         rename y1_statefips state_fips 
 61.         rename y2_countyfips y2_county_fips 
 62.         rename y2_statefips y2_state_fips       
 63.         
.         ** Label variables 
.         label var year "Tax year (year before move)"
 64.         label var state_fips "State FIPS code (or
> igin state)"
 65.         label var county_fips "County FIPS code (
> origin county)"
 66.         label var y2_state_fips "State FIPS code 
> (dest. state)"
 67.         label var y2_county_fips "County FIPS cod
> e (dest. county)"      
 68.         label var n1 "Number of returns"
 69.         label var n2 "Number of exemptions"
 70.         label var agi "Adjusted Gross Income"
 71.         
.         ** Merge with county of origin data 
.         merge m:1 state_fips county_fips using `merg
> e', nogen keep(master match)
 72.         
.         ** Rename 
.         rename state_fips state_fips_o
 73.         rename county_fips county_fips_o
 74.         rename y2_* *_d 
 75.         
.         ** Dropo unnecc variable 
.         drop move_type 
 76.         
.         ** Save 
.         save "${data}working/irs_county_flow_`y'", r
> eplace 
 77.         clear
 78.         
.         ** Import data (in)
.         import delimited "${data}irs/countyinflow`st
> art'`end'.csv", clear 
 79.         
.         ** Describe data 
.         des 
 80. 
.         ** Generate year 
.         gen year = 2000 + `y' 
 81.         
.         ** Drop Regional Values 
.         drop if y1_state == "DS"
 82.         
.         ** Drop Foreign Migration 
.         drop if y1_state == "FR"
 83.         
.         ** Drop observations with no county ID 
.         drop if y2_countyfips == 0 
 84.         
.         ** Keep gross categories 
.         keep if ///
>                 (y1_statefips == y2_statefips & y1_c
> ountyfips == y2_countyfips) |       ///
>                 inlist(y1_statefips, 96, 97, 98)
 85. 
.         ** Clean up 
.         gen move_type = 0 
 86.         
.         ** Deal with suppressed values 
.         unsuppress n1 n2 agi
 87.         
.         ** Stayers 
.         replace move_type = 1 if        (y1_statefip
> s == y2_statefips) &        ///
>                                                     
>             (y1_countyfips == y2_countyfips) 
 88.         
.         ** Movers
.         replace move_type = 2 if        y1_statefips
>  == 96              // ALL 
 89.         replace move_type = 3 if        y1_statef
> ips == 97 &    ///
>                                                     
>             y1_countyfips == 0              // Domes
> tic Total
 90.         replace move_type = 4 if        y1_statef
> ips == 97 &    ///
>                                                     
>             y1_countyfips == 1              // Withi
> n-state
 91.         replace move_type = 5 if        y1_statef
> ips == 97 &    ///
>                                                     
>             y1_countyfips == 3              // Betwe
> en-states 
 92.         replace move_type = 6 if        y1_statef
> ips == 98              // Foreign 
 93.         
.         ** Label move variable  
.         label values move_type lb_move_type 
 94.         
.         ** Generate total category 
.         foreach var of varlist n1 n2 agi {
 95.                 
.                 gen tmp = `var' if inlist(move_type,
>  1, 2)
 96.                 bysort y2_statefips y2_countyfips
> : egen `var'_total = total(tmp)
 97.                 drop tmp 
 98.                 
.         } // END VAR LOOP 
 99.         
.         ** Drop unnecc variables 
.         drop y1_*
100.         
.         ** Sort 
.         sort year y2_statefips y2_countyfips move_ty
> pe 
101. 
.         ** Order 
.         order year y2_statefips y2_countyfips move_t
> ype 
102.         
.         ** Rename 
.         rename y2_countyfips county_fips 
103.         rename y2_statefips state_fips 
104.         
.         ** Label variables 
.         label var year "Tax year (year before move)"
105.         label var state_fips "State FIPS code (de
> st. state)"
106.         label var county_fips "County FIPS code (
> dest. county)"
107.         label var move_type "Mover category"
108.         label var n1 "Number of returns"
109.         label var n2 "Number of exemptions"
110.         label var agi "Adjusted Gross Income"
111.         label var n1_total "Number of returns, co
> unty total (dest.)"
112.         label var n2_total "Number of exemptions,
>  county total (dest.)"
113.         label var agi_total "Adjusted Gross Incom
> e, county total (dest.)"
114.         
.         ** Save 
.         save "${data}working/irs_county_gross_in_`y'
> ", replace 
115.         clear 
116.         
. } // END YEAR LOOP 
(encoding automatically selected: ISO-8859-1)
(9 vars, 86,481 obs)

Contains data
 Observations:        86,481                  
    Variables:             9                  
------------------------------------------------------
Variable      Storage   Display    Value
    name         type    format    label      Variable
>  label
------------------------------------------------------
y1_statefips    byte    %8.0g                 
y1_countyfips   int     %8.0g                 
y2_statefips    byte    %8.0g                 
y2_countyfips   int     %8.0g                 
y2_state        str2    %9s                   
y2_countyname   str60   %60s                  
n1              long    %12.0g                
n2              long    %12.0g                
agi             long    %12.0g                
------------------------------------------------------
Sorted by: 
     Note: Dataset has changed since last saved.
(15,289 observations deleted)
(2,937 observations deleted)
(254 observations deleted)
(2,056 real changes made)
(2,056 real changes made)
(2,056 real changes made)
file
    C:\Users\ji252\AppData\Local\Temp\ST_67b0_00000o
    > .tmp saved as .dta format
(50,007 observations deleted)
(3,141 real changes made)
(3,141 real changes made)
(3,141 real changes made)
(3,140 real changes made)
(3,140 real changes made)
(2,291 real changes made)
(11,712 missing values generated)
(11,712 missing values generated)
(11,712 missing values generated)
file
    C:/Users/ji252/Documents/GitHub/multnomah-county
    > -tax/data/working/irs_county_gross_out_15.dta
    saved
(14,853 observations deleted)
file
    C:\Users\ji252\AppData\Local\Temp\ST_67b0_00000p
    > .tmp saved as .dta format
(14,853 observations deleted)
(3,141 observations deleted)

    Result                      Number of obs
    -----------------------------------------
    Not matched                             0
    Matched                            50,007  
    -----------------------------------------
file
    C:/Users/ji252/Documents/GitHub/multnomah-county
    > -tax/data/working/irs_county_flow_15.dta saved
(encoding automatically selected: ISO-8859-1)
(9 vars, 86,330 obs)

Contains data
 Observations:        86,330                  
    Variables:             9                  
------------------------------------------------------
Variable      Storage   Display    Value
    name         type    format    label      Variable
>  label
------------------------------------------------------
y2_statefips    byte    %8.0g                 
y2_countyfips   int     %8.0g                 
y1_statefips    byte    %8.0g                 
y1_countyfips   int     %8.0g                 
y1_state        str2    %9s                   
y1_countyname   str60   %60s                  
n1              long    %12.0g                
n2              long    %12.0g                
agi             long    %12.0g                
------------------------------------------------------
Sorted by: 
     Note: Dataset has changed since last saved.
(15,315 observations deleted)
(2,814 observations deleted)
(254 observations deleted)
(50,005 observations deleted)
(2,041 real changes made)
(2,041 real changes made)
(2,041 real changes made)
(3,141 real changes made)
(3,141 real changes made)
(3,141 real changes made)
(3,140 real changes made)
(3,140 real changes made)
(2,239 real changes made)
(11,660 missing values generated)
(11,660 missing values generated)
(11,660 missing values generated)
file
    C:/Users/ji252/Documents/GitHub/multnomah-county
    > -tax/data/working/irs_county_gross_in_15.dta
    saved
(encoding automatically selected: ISO-8859-1)
(9 vars, 98,948 obs)

Contains data
 Observations:        98,948                  
    Variables:             9                  
------------------------------------------------------
Variable      Storage   Display    Value
    name         type    format    label      Variable
>  label
------------------------------------------------------
y1_statefips    byte    %8.0g                 
y1_countyfips   int     %8.0g                 
y2_statefips    byte    %8.0g                 
y2_countyfips   int     %8.0g                 
y2_state        str2    %9s                   
y2_countyname   str60   %60s                  
n1              long    %12.0g                
n2              long    %12.0g                
agi             long    %12.0g                
------------------------------------------------------
Sorted by: 
     Note: Dataset has changed since last saved.
(15,372 observations deleted)
(2,360 observations deleted)
(254 observations deleted)
(1,877 real changes made)
(1,877 real changes made)
(1,877 real changes made)
file
    C:\Users\ji252\AppData\Local\Temp\ST_67b0_00000q
    > .tmp saved as .dta format
(63,249 observations deleted)
(3,140 real changes made)
(3,141 real changes made)
(3,141 real changes made)
(3,140 real changes made)
(3,141 real changes made)
(2,010 real changes made)
(11,432 missing values generated)
(11,432 missing values generated)
(11,432 missing values generated)
file
    C:/Users/ji252/Documents/GitHub/multnomah-county
    > -tax/data/working/irs_county_gross_out_16.dta
    saved
(14,572 observations deleted)
file
    C:\Users\ji252\AppData\Local\Temp\ST_67b0_00000r
    > .tmp saved as .dta format
(14,573 observations deleted)
(3,140 observations deleted)

    Result                      Number of obs
    -----------------------------------------
    Not matched                             0
    Matched                            63,249  
    -----------------------------------------
file
    C:/Users/ji252/Documents/GitHub/multnomah-county
    > -tax/data/working/irs_county_flow_16.dta saved
(encoding automatically selected: ISO-8859-1)
(9 vars, 98,874 obs)

Contains data
 Observations:        98,874                  
    Variables:             9                  
------------------------------------------------------
Variable      Storage   Display    Value
    name         type    format    label      Variable
>  label
------------------------------------------------------
y2_statefips    byte    %8.0g                 
y2_countyfips   int     %8.0g                 
y1_statefips    byte    %8.0g                 
y1_countyfips   int     %8.0g                 
y1_state        str2    %9s                   
y1_countyname   str60   %60s                  
n1              long    %12.0g                
n2              long    %12.0g                
agi             long    %12.0g                
------------------------------------------------------
Sorted by: 
     Note: Dataset has changed since last saved.
(15,432 observations deleted)
(2,282 observations deleted)
(254 observations deleted)
(63,249 observations deleted)
(1,788 real changes made)
(1,788 real changes made)
(1,788 real changes made)
(3,140 real changes made)
(3,141 real changes made)
(3,141 real changes made)
(3,140 real changes made)
(3,140 real changes made)
(1,955 real changes made)
(11,376 missing values generated)
(11,376 missing values generated)
(11,376 missing values generated)
file
    C:/Users/ji252/Documents/GitHub/multnomah-county
    > -tax/data/working/irs_county_gross_in_16.dta
    saved
(encoding automatically selected: ISO-8859-1)
(9 vars, 87,820 obs)

Contains data
 Observations:        87,820                  
    Variables:             9                  
------------------------------------------------------
Variable      Storage   Display    Value
    name         type    format    label      Variable
>  label
------------------------------------------------------
y1_statefips    byte    %8.0g                 
y1_countyfips   int     %8.0g                 
y2_statefips    byte    %8.0g                 
y2_countyfips   int     %8.0g                 
y2_state        str2    %9s                   
y2_countyname   str60   %60s                  
n1              long    %12.0g                
n2              long    %12.0g                
agi             long    %12.0g                
------------------------------------------------------
Sorted by: 
     Note: Dataset has changed since last saved.
(15,300 observations deleted)
(2,364 observations deleted)
(254 observations deleted)
(1,942 real changes made)
(1,942 real changes made)
(1,942 real changes made)
file
    C:\Users\ji252\AppData\Local\Temp\ST_67b0_00000s
    > .tmp saved as .dta format
(52,173 observations deleted)
(3,141 real changes made)
(3,141 real changes made)
(3,141 real changes made)
(3,140 real changes made)
(3,140 real changes made)
(2,026 real changes made)
(11,447 missing values generated)
(11,447 missing values generated)
(11,447 missing values generated)
file
    C:/Users/ji252/Documents/GitHub/multnomah-county
    > -tax/data/working/irs_county_gross_out_17.dta
    saved
(14,588 observations deleted)
file
    C:\Users\ji252\AppData\Local\Temp\ST_67b0_00000t
    > .tmp saved as .dta format
(14,588 observations deleted)
(3,141 observations deleted)

    Result                      Number of obs
    -----------------------------------------
    Not matched                             0
    Matched                            52,173  
    -----------------------------------------
file
    C:/Users/ji252/Documents/GitHub/multnomah-county
    > -tax/data/working/irs_county_flow_17.dta saved
(encoding automatically selected: ISO-8859-1)
(9 vars, 87,932 obs)

Contains data
 Observations:        87,932                  
    Variables:             9                  
------------------------------------------------------
Variable      Storage   Display    Value
    name         type    format    label      Variable
>  label
------------------------------------------------------
y2_statefips    byte    %8.0g                 
y2_countyfips   int     %8.0g                 
y1_statefips    byte    %8.0g                 
y1_countyfips   int     %8.0g                 
y1_state        str2    %9s                   
y1_countyname   str60   %60s                  
n1              long    %12.0g                
n2              long    %12.0g                
agi             long    %12.0g                
------------------------------------------------------
Sorted by: 
     Note: Dataset has changed since last saved.
(15,368 observations deleted)
(2,403 observations deleted)
(254 observations deleted)
(52,174 observations deleted)
(1,919 real changes made)
(1,919 real changes made)
(1,919 real changes made)
(3,141 real changes made)
(3,141 real changes made)
(3,141 real changes made)
(3,140 real changes made)
(3,140 real changes made)
(2,030 real changes made)
(11,451 missing values generated)
(11,451 missing values generated)
(11,451 missing values generated)
file
    C:/Users/ji252/Documents/GitHub/multnomah-county
    > -tax/data/working/irs_county_gross_in_17.dta
    saved
(encoding automatically selected: ISO-8859-1)
(9 vars, 83,878 obs)

Contains data
 Observations:        83,878                  
    Variables:             9                  
------------------------------------------------------
Variable      Storage   Display    Value
    name         type    format    label      Variable
>  label
------------------------------------------------------
y1_statefips    byte    %8.0g                 
y1_countyfips   int     %8.0g                 
y2_statefips    byte    %8.0g                 
y2_countyfips   int     %8.0g                 
y2_state        str2    %9s                   
y2_countyname   str60   %60s                  
n1              long    %12.0g                
n2              long    %12.0g                
agi             long    %12.0g                
------------------------------------------------------
Sorted by: 
     Note: Dataset has changed since last saved.
(14,919 observations deleted)
(2,298 observations deleted)
(0 observations deleted)
(53 real changes made)
(53 real changes made)
(53 real changes made)
file
    C:\Users\ji252\AppData\Local\Temp\ST_67b0_00000u
    > .tmp saved as .dta format
(51,090 observations deleted)
(3,141 real changes made)
(3,107 real changes made)
(3,107 real changes made)
(3,103 real changes made)
(2,778 real changes made)
(335 real changes made)
(9,323 missing values generated)
(9,323 missing values generated)
(9,323 missing values generated)
file
    C:/Users/ji252/Documents/GitHub/multnomah-county
    > -tax/data/working/irs_county_gross_out_18.dta
    saved
(12,464 observations deleted)
file
    C:\Users\ji252\AppData\Local\Temp\ST_67b0_00000v
    > .tmp saved as .dta format
(12,430 observations deleted)
(3,141 observations deleted)

    Result                      Number of obs
    -----------------------------------------
    Not matched                            34
        from master                        34  
        from using                          0  

    Matched                            51,056  
    -----------------------------------------
file
    C:/Users/ji252/Documents/GitHub/multnomah-county
    > -tax/data/working/irs_county_flow_18.dta saved
(encoding automatically selected: ISO-8859-1)
(9 vars, 83,762 obs)

Contains data
 Observations:        83,762                  
    Variables:             9                  
------------------------------------------------------
Variable      Storage   Display    Value
    name         type    format    label      Variable
>  label
------------------------------------------------------
y2_statefips    byte    %8.0g                 
y2_countyfips   int     %8.0g                 
y1_statefips    byte    %8.0g                 
y1_countyfips   int     %8.0g                 
y1_state        str2    %9s                   
y1_countyname   str60   %60s                  
n1              long    %12.0g                
n2              long    %12.0g                
agi             long    %12.0g                
------------------------------------------------------
Sorted by: 
     Note: Dataset has changed since last saved.
(14,890 observations deleted)
(2,290 observations deleted)
(0 observations deleted)
(51,090 observations deleted)
(0 real changes made)
(0 real changes made)
(0 real changes made)
(3,141 real changes made)
(3,086 real changes made)
(3,086 real changes made)
(3,082 real changes made)
(2,729 real changes made)
(368 real changes made)
(9,265 missing values generated)
(9,265 missing values generated)
(9,265 missing values generated)
file
    C:/Users/ji252/Documents/GitHub/multnomah-county
    > -tax/data/working/irs_county_gross_in_18.dta
    saved
(encoding automatically selected: ISO-8859-1)
(9 vars, 87,325 obs)

Contains data
 Observations:        87,325                  
    Variables:             9                  
------------------------------------------------------
Variable      Storage   Display    Value
    name         type    format    label      Variable
>  label
------------------------------------------------------
y1_statefips    byte    %8.0g                 
y1_countyfips   int     %8.0g                 
y2_statefips    byte    %8.0g                 
y2_countyfips   int     %8.0g                 
y2_state        str2    %9s                   
y2_countyname   str60   %60s                  
n1              long    %12.0g                
n2              long    %12.0g                
agi             long    %12.0g                
------------------------------------------------------
Sorted by: 
     Note: Dataset has changed since last saved.
(14,937 observations deleted)
(2,272 observations deleted)
(0 observations deleted)
(62 real changes made)
(62 real changes made)
(62 real changes made)
file
    C:\Users\ji252\AppData\Local\Temp\ST_67b0_00000w
    > .tmp saved as .dta format
(54,560 observations deleted)
(3,142 real changes made)
(3,104 real changes made)
(3,104 real changes made)
(3,101 real changes made)
(2,773 real changes made)
(332 real changes made)
(9,310 missing values generated)
(9,310 missing values generated)
(9,310 missing values generated)
file
    C:/Users/ji252/Documents/GitHub/multnomah-county
    > -tax/data/working/irs_county_gross_out_19.dta
    saved
(12,452 observations deleted)
file
    C:\Users\ji252\AppData\Local\Temp\ST_67b0_00000x
    > .tmp saved as .dta format
(12,414 observations deleted)
(3,142 observations deleted)

    Result                      Number of obs
    -----------------------------------------
    Not matched                            38
        from master                        38  
        from using                          0  

    Matched                            54,522  
    -----------------------------------------
file
    C:/Users/ji252/Documents/GitHub/multnomah-county
    > -tax/data/working/irs_county_flow_19.dta saved
(encoding automatically selected: ISO-8859-1)
(9 vars, 87,552 obs)

Contains data
 Observations:        87,552                  
    Variables:             9                  
------------------------------------------------------
Variable      Storage   Display    Value
    name         type    format    label      Variable
>  label
------------------------------------------------------
y2_statefips    byte    %8.0g                 
y2_countyfips   int     %8.0g                 
y1_statefips    byte    %8.0g                 
y1_countyfips   int     %8.0g                 
y1_state        str2    %9s                   
y1_countyname   str60   %60s                  
n1              long    %12.0g                
n2              long    %12.0g                
agi             long    %12.0g                
------------------------------------------------------
Sorted by: 
     Note: Dataset has changed since last saved.
(15,060 observations deleted)
(2,323 observations deleted)
(0 observations deleted)
(54,560 observations deleted)
(0 real changes made)
(0 real changes made)
(0 real changes made)
(3,142 real changes made)
(3,102 real changes made)
(3,102 real changes made)
(3,097 real changes made)
(2,805 real changes made)
(361 real changes made)
(9,365 missing values generated)
(9,365 missing values generated)
(9,365 missing values generated)
file
    C:/Users/ji252/Documents/GitHub/multnomah-county
    > -tax/data/working/irs_county_gross_in_19.dta
    saved
(encoding automatically selected: ISO-8859-1)
(9 vars, 89,511 obs)

Contains data
 Observations:        89,511                  
    Variables:             9                  
------------------------------------------------------
Variable      Storage   Display    Value
    name         type    format    label      Variable
>  label
------------------------------------------------------
y1_statefips    byte    %8.0g                 
y1_countyfips   int     %8.0g                 
y2_statefips    byte    %8.0g                 
y2_countyfips   int     %8.0g                 
y2_state        str2    %9s                   
y2_countyname   str60   %60s                  
n1              long    %12.0g                
n2              long    %12.0g                
agi             long    %12.0g                
------------------------------------------------------
Sorted by: 
     Note: Dataset has changed since last saved.
(14,963 observations deleted)
(2,175 observations deleted)
(0 observations deleted)
(79 real changes made)
(79 real changes made)
(79 real changes made)
file
    C:\Users\ji252\AppData\Local\Temp\ST_67b0_000010
    > .tmp saved as .dta format
(56,831 observations deleted)
(3,143 real changes made)
(3,097 real changes made)
(3,097 real changes made)
(3,094 real changes made)
(2,787 real changes made)
(324 real changes made)
(9,302 missing values generated)
(9,302 missing values generated)
(9,302 missing values generated)
file
    C:/Users/ji252/Documents/GitHub/multnomah-county
    > -tax/data/working/irs_county_gross_out_20.dta
    saved
(12,445 observations deleted)
file
    C:\Users\ji252\AppData\Local\Temp\ST_67b0_000011
    > .tmp saved as .dta format
(12,399 observations deleted)
(3,143 observations deleted)

    Result                      Number of obs
    -----------------------------------------
    Not matched                            46
        from master                        46  
        from using                          0  

    Matched                            56,785  
    -----------------------------------------
file
    C:/Users/ji252/Documents/GitHub/multnomah-county
    > -tax/data/working/irs_county_flow_20.dta saved
(encoding automatically selected: ISO-8859-1)
(9 vars, 89,850 obs)

Contains data
 Observations:        89,850                  
    Variables:             9                  
------------------------------------------------------
Variable      Storage   Display    Value
    name         type    format    label      Variable
>  label
------------------------------------------------------
y2_statefips    byte    %8.0g                 
y2_countyfips   int     %8.0g                 
y1_statefips    byte    %8.0g                 
y1_countyfips   int     %8.0g                 
y1_state        str2    %9s                   
y1_countyname   str60   %60s                  
n1              long    %12.0g                
n2              long    %12.0g                
agi             long    %12.0g                
------------------------------------------------------
Sorted by: 
     Note: Dataset has changed since last saved.
(15,132 observations deleted)
(2,263 observations deleted)
(0 observations deleted)
(56,835 observations deleted)
(1 real change made)
(1 real change made)
(1 real change made)
(3,143 real changes made)
(3,101 real changes made)
(3,101 real changes made)
(3,098 real changes made)
(2,838 real changes made)
(339 real changes made)
(9,376 missing values generated)
(9,376 missing values generated)
(9,376 missing values generated)
file
    C:/Users/ji252/Documents/GitHub/multnomah-county
    > -tax/data/working/irs_county_gross_in_20.dta
    saved
(encoding automatically selected: ISO-8859-1)
(9 vars, 90,409 obs)

Contains data
 Observations:        90,409                  
    Variables:             9                  
------------------------------------------------------
Variable      Storage   Display    Value
    name         type    format    label      Variable
>  label
------------------------------------------------------
y1_statefips    byte    %8.0g                 
y1_countyfips   int     %8.0g                 
y2_statefips    byte    %8.0g                 
y2_countyfips   int     %8.0g                 
y2_state        str2    %9s                   
y2_countyname   str60   %60s                  
n1              long    %12.0g                
n2              long    %12.0g                
agi             long    %12.0g                
------------------------------------------------------
Sorted by: 
     Note: Dataset has changed since last saved.
(14,962 observations deleted)
(2,223 observations deleted)
(0 observations deleted)
(64 real changes made)
(64 real changes made)
(64 real changes made)
file
    C:\Users\ji252\AppData\Local\Temp\ST_67b0_000012
    > .tmp saved as .dta format
(57,644 observations deleted)
(3,144 real changes made)
(3,107 real changes made)
(3,107 real changes made)
(3,103 real changes made)
(2,790 real changes made)
(329 real changes made)
(9,329 missing values generated)
(9,329 missing values generated)
(9,329 missing values generated)
file
    C:/Users/ji252/Documents/GitHub/multnomah-county
    > -tax/data/working/irs_county_gross_out_21.dta
    saved
(12,473 observations deleted)
file
    C:\Users\ji252\AppData\Local\Temp\ST_67b0_000013
    > .tmp saved as .dta format
(12,436 observations deleted)
(3,144 observations deleted)

    Result                      Number of obs
    -----------------------------------------
    Not matched                            37
        from master                        37  
        from using                          0  

    Matched                            57,607  
    -----------------------------------------
file
    C:/Users/ji252/Documents/GitHub/multnomah-county
    > -tax/data/working/irs_county_flow_21.dta saved
(encoding automatically selected: ISO-8859-1)
(9 vars, 90,498 obs)

Contains data
 Observations:        90,498                  
    Variables:             9                  
------------------------------------------------------
Variable      Storage   Display    Value
    name         type    format    label      Variable
>  label
------------------------------------------------------
y2_statefips    byte    %8.0g                 
y2_countyfips   int     %8.0g                 
y1_statefips    byte    %8.0g                 
y1_countyfips   int     %8.0g                 
y1_state        str2    %9s                   
y1_countyname   str60   %60s                  
n1              long    %12.0g                
n2              long    %12.0g                
agi             long    %12.0g                
------------------------------------------------------
Sorted by: 
     Note: Dataset has changed since last saved.
(15,093 observations deleted)
(2,179 observations deleted)
(0 observations deleted)
(57,640 observations deleted)
(1 real change made)
(1 real change made)
(1 real change made)
(3,144 real changes made)
(3,098 real changes made)
(3,098 real changes made)
(3,094 real changes made)
(2,822 real changes made)
(330 real changes made)
(9,344 missing values generated)
(9,344 missing values generated)
(9,344 missing values generated)
file
    C:/Users/ji252/Documents/GitHub/multnomah-county
    > -tax/data/working/irs_county_gross_in_21.dta
    saved

. 
. ** Append data 
. 
. ** Loop over datasets 
. foreach file in "irs_county_gross_in" "irs_county_gr
> oss_out" "irs_county_flow"{
  2.         
.                 
.         ** Loop over years 
.         forvalues y = 15(1)21 {
  3. 
.                 ** Append 
.                 append using "${data}working/`file'_
> `y'"
  4.                 
.         } // END YEAR LOOP 
  5.         
.         
.         ** Order and sort flow file 
.         if "`file'" == "irs_county_flow" {
  6.                 
.                 ** Loop over orgin and destination s
> tate 
.                 foreach x in "o" "d" {
  7.                         
.                         ** Rename 
.                         rename *_fips_`x' *_fips 
  8.                         
.                         ** Merge with county and sta
> te names 
.                         merge m:1 state_fips county_
> fips using "${data}working/ids",    ///
>                                 keep(match) nogen 
  9.                                 
.                         ** Rename 
.                         rename *_fips *_fips_`x' 
 10.                         rename *_name *_name_`x' 
 11. 
.                         
.                 } // END ORIGIN / DESTINATION LOOP 
 12.                 
.                 ** Order file 
.                 order year state_*_o county_*_o stat
> e_*_d county_*_d  
 13.                 sort year state_*_o county_*_o st
> ate_*_d county_*_d  
 14. 
.         } // END MIGRATION FLOW IF-STATEMENT 
 15.         
.         else {
 16.                 
.                 ** Merge with county and state names
>  
.                 merge m:1 state_fips county_fips usi
> ng "${data}working/ids",    ///
>                                 keep(match) nogen 
 17.                                 
.                 ** Order 
.                 order year state_* county* move_type
 18.                 
.         } 
 19.         
.         ** Save file 
.         save "${data}working/`file'", replace 
 20.         clear 
 21.         
. } // END FILE LOOP 

    Result                      Number of obs
    -----------------------------------------
    Not matched                             0
    Matched                           115,567  
    -----------------------------------------
file
    C:/Users/ji252/Documents/GitHub/multnomah-county
    > -tax/data/working/irs_county_gross_in.dta
    saved

    Result                      Number of obs
    -----------------------------------------
    Not matched                             0
    Matched                           115,611  
    -----------------------------------------
file
    C:/Users/ji252/Documents/GitHub/multnomah-county
    > -tax/data/working/irs_county_gross_out.dta
    saved

    Result                      Number of obs
    -----------------------------------------
    Not matched                             0
    Matched                           384,896  
    -----------------------------------------

    Result                      Number of obs
    -----------------------------------------
    Not matched                             0
    Matched                           362,678  
    -----------------------------------------
file
    C:/Users/ji252/Documents/GitHub/multnomah-county
    > -tax/data/working/irs_county_flow.dta saved

. 
. ** Create gross file with in and out migration 
. use "${data}working/irs_county_gross_in", clear 

. 
. ** Rename 
. rename n1 n1_in_

. rename n2 n2_in_

. rename agi agi_in_

. rename *_total *_total_in

. 
. ** Reshape 
. reshape wide n1_in_ n2_in_ agi_in_, i(year state_fip
> s county_fips) j(move_type)
(j = 1 2 3 4 5 6)

Data                               Long   ->   Wide
------------------------------------------------------
> -----------------------
Number of observations          115,567   ->   21,980 
>      
Number of variables                  13   ->   27     
>      
j variable (6 values)         move_type   ->   (droppe
> d)
xij variables:
                                 n1_in_   ->   n1_in_1
>  n1_in_2 ... n1_in_6
                                 n2_in_   ->   n2_in_1
>  n2_in_2 ... n2_in_6
                                agi_in_   ->   agi_in_
> 1 agi_in_2 ... agi_in_6
------------------------------------------------------
> -----------------------

. 
. ** Define locals 
. local txt1 "Non-movers"

. local txt2 "All movers"                 

. local txt3 "Domestic movers"            

. local txt4 "Within-state movers"        

. local txt5 "Inter-state movers" 

. local txt6 "Foreign movers"

. 
. ** Label variables, in loop 
. foreach n of numlist 1(1)6 {
  2.         
.         label var n1_in_`n' "Returns, in-migration, 
> `txt`n''"
  3.         label var n2_in_`n' "Exemptions, in-migra
> tion, `txt`n''"
  4.         label var agi_in_`n' "AGI, in-migration, 
> `txt`n''"
  5. 
. } // END NUMLIST LOOP 

. 
. ** Preserve 
. tempfile gross_in

. save `gross_in'
file
    C:\Users\ji252\AppData\Local\Temp\ST_67b0_000014
    > .tmp saved as .dta format

. clear

. 
. ** Create gross file with in and out migration 
. use "${data}working/irs_county_gross_out", clear 

. 
. ** Rename 
. rename n1 n1_out_

. rename n2 n2_out_

. rename agi agi_out_

. rename *_total *_total_out

. 
. ** Reshape 
. reshape wide n1_out_ n2_out_ agi_out_, i(year state_
> fips county_fips) j(move_type)
(j = 1 2 3 4 5 6)

Data                               Long   ->   Wide
------------------------------------------------------
> -----------------------
Number of observations          115,611   ->   21,980 
>      
Number of variables                  13   ->   27     
>      
j variable (6 values)         move_type   ->   (droppe
> d)
xij variables:
                                n1_out_   ->   n1_out_
> 1 n1_out_2 ... n1_out_6
                                n2_out_   ->   n2_out_
> 1 n2_out_2 ... n2_out_6
                               agi_out_   ->   agi_out
> _1 agi_out_2 ... agi_out_6
------------------------------------------------------
> -----------------------

. 
. ** Define locals 
. local txt1 "Non-movers"

. local txt2 "All movers"                 

. local txt3 "Domestic movers"            

. local txt4 "Within-state movers"        

. local txt5 "Inter-state movers" 

. local txt6 "Foreign movers"

. 
. ** Label variables, in loop 
. foreach n of numlist 1(1)6 {
  2.         
.         label var n1_out_`n' "Returns, out-migration
> , `txt`n''"
  3.         label var n2_out_`n' "Exemptions, out-mig
> ration, `txt`n''"
  4.         label var agi_out_`n' "AGI, out-migration
> , `txt`n''"
  5. 
. } // END NUMLIST LOOP 

. 
. ** Merge data 
. merge 1:1 year state_fips county_fips using `gross_i
> n', keep(match) nogen

    Result                      Number of obs
    -----------------------------------------
    Not matched                             0
    Matched                            21,980  
    -----------------------------------------

. 
. ** Text for correct matching (non-movers should matc
> h perfectly)
. summ n*_*_1 agi_*_1

    Variable |        Obs        Mean    Std. dev.    
>    Min        Max
-------------+----------------------------------------
> -----------------
    n1_out_1 |     21,979    37461.71    123155.4     
>      0    3944880
    n2_out_1 |     21,979    78000.79    252081.2     
>      0    7841705
     n1_in_1 |     21,979    37461.71    123155.4     
>      0    3944880
     n2_in_1 |     21,979    78000.79    252081.2     
>      0    7841705
   agi_out_1 |     21,979     3214755    1.23e+07     
>  -8051   4.30e+08
-------------+----------------------------------------
> -----------------
    agi_in_1 |     21,979     3214755    1.23e+07     
>  -8051   4.30e+08

. 
. ** Define net migration variables 
. 
. ** Loop over variable
. foreach a in "n1" "n2" "agi" {
  2. 
.         if "`a'" == "n1" local txt "Returns"
  3.         else if "`a'" == "n2" local txt "Exemptio
> ns"
  4.         else if "`a'" == "agi" local txt "AGI"
  5. 
.         ** Loop over type of movers 
.         forvalues n = 2/6 {
  6.                 
.                 ** Clean up missing values 
.                 replace `a'_in_`n' = 0 if missing(`a
> '_in_`n')
  7.                 replace `a'_out_`n' = 0 if missin
> g(`a'_out_`n')
  8. 
.                 ** Generate net 
.                 gen `a'_net_`n' = `a'_in_`n' - `a'_o
> ut_`n'
  9.                 label var `a'_net_`n' "`txt', net
> -migration, `txt`n''"
 10. 
.         } // END MOVER TYPE LOOP 
 11. 
. } // END VARIABLE LOOP 
(183 real changes made)
(155 real changes made)
(183 real changes made)
(155 real changes made)
(202 real changes made)
(172 real changes made)
(1,379 real changes made)
(1,444 real changes made)
(14,365 real changes made)
(14,342 real changes made)
(183 real changes made)
(155 real changes made)
(183 real changes made)
(155 real changes made)
(202 real changes made)
(172 real changes made)
(1,379 real changes made)
(1,444 real changes made)
(14,365 real changes made)
(14,342 real changes made)
(183 real changes made)
(155 real changes made)
(183 real changes made)
(155 real changes made)
(202 real changes made)
(172 real changes made)
(1,379 real changes made)
(1,444 real changes made)
(14,365 real changes made)
(14,342 real changes made)

. 
. ** Generate fips variable
. *make_fips state_fips county_fips, gen(fips)
. 
. ** Save file 
. save "${data}working/irs_county_gross", replace 
(file
    C:/Users/ji252/Documents/GitHub/multnomah-county
    > -tax/data/working/irs_county_gross.dta not
    found)
file
    C:/Users/ji252/Documents/GitHub/multnomah-county
    > -tax/data/working/irs_county_gross.dta saved

. clear

. 
. //--------------------------------------------------
> ---
. // STEP 4: Import and Clean IRS County-Level Aggr. D
> ata 
. //--------------------------------------------------
> ---
. 
. ** Loop over years 
. forvalues y = 15(1)22 {
  2.         
.         
.         ** Import data (out)
.         import delimited "${data}irs/`y'incyallagi.c
> sv", clear 
  3. 
.         ** Describe data 
.         des 
  4.         
.         ** Generate year 
.         gen year = 2000 + `y' 
  5.         
.         ** Define AGI groups 
.         label var agi_stub "AGI Brackets"
  6.         label values agi_stub lb_agi 
  7.         
.         ** Define set of variables to keep 
.         keep state* county* agi_stub year n1 mars1 m
> ars2 mars4 n2 elderly       ///
>                 a00100 n02650 a02650 n00200 a00200 
  8.                 
.         ** Rename variables 
.         rename a00100 agi 
  9.         rename n02650 n_total_inc
 10.         rename a02650 a_total_inc
 11.         rename n00200 n_wage
 12.         rename a00200 a_wage 
 13.         rename statefips state_fips
 14.         rename state state_abb 
 15.         rename countyfips county_fips 
 16.         rename countyname county_name 
 17.         
.         ** Rescale 
.         replace agi = 1000 * agi 
 18.         replace a_total_inc = 1000 * a_total_inc
 19.         replace a_wage = 1000 * a_wage 
 20.         
.         ** Label 
.         label var n1 "Number of returns"
 21.         label var mars1 "Number of single returns
> "
 22.         label var mars1 "Number of MFJ returns"
 23.         label var mars1 "Number of HoH returns"
 24.         label var n2 "Number of individuals"
 25.         label var elderly "Number of returns with
>  one individual over 60"
 26.         label var agi "Adjusted Gross Income (AGI
> )"
 27.         label var n_total_inc "Number of returns 
> with total income"
 28.         label var a_total_inc "Total income amoun
> t"
 29.         label var n_wage "Number of returns with 
> wage income"
 30.         label var a_wage "Wage income amount"
 31.         
.         ** Sort 
.         sort year state_fips county_fips agi_stub 
 32.         
.         ** Order 
.         order year state* county* agi_stub 
 33.         
.         ** Save 
.         save "${data}working/irs_county_all_`y'", re
> place 
 34.         
.         clear 
 35.         
. } // END YEAR LOOP 
(encoding automatically selected: ISO-8859-1)
(132 vars, 25,536 obs)

Contains data
 Observations:        25,536                  
    Variables:           132                  
------------------------------------------------------
Variable      Storage   Display    Value
    name         type    format    label      Variable
>  label
------------------------------------------------------
statefips       byte    %8.0g                 STATEFIP
                                  > S
state           str2    %9s                   STATE
countyfips      int     %8.0g                 COUNTYFI
                                  > PS
countyname      str20   %20s                  COUNTYNA
                                  > ME
agi_stub        byte    %8.0g                 
n1              long    %12.0g                N1
mars1           long    %12.0g                
mars2           long    %12.0g                MARS2
mars4           long    %12.0g                MARS4
prep            long    %12.0g                PREP
n2              long    %12.0g                N2
numdep          long    %12.0g                NUMDEP
total_vita      long    %12.0g                TOTAL_VI
                                  > TA
vita            long    %12.0g                VITA
tce             long    %12.0g                TCE
vita_eic        int     %8.0g                 VITA_EIC
ral             long    %8.0g                 RAL
rac             long    %12.0g                RAC
elderly         long    %12.0g                ELDERLY
a00100          long    %12.0g                A00100
n02650          long    %12.0g                N02650
a02650          long    %12.0g                A02650
n00200          long    %12.0g                N00200
a00200          long    %12.0g                A00200
n00300          long    %12.0g                N00300
a00300          long    %12.0g                A00300
n00600          long    %12.0g                N00600
a00600          long    %12.0g                A00600
n00650          long    %12.0g                N00650
a00650          long    %12.0g                A00650
n00700          long    %12.0g                N00700
a00700          long    %12.0g                A00700
n00900          long    %12.0g                N00900
a00900          long    %12.0g                A00900
n01000          long    %12.0g                N01000
a01000          long    %12.0g                A01000
n01400          long    %12.0g                N01400
a01400          long    %12.0g                A01400
n01700          long    %12.0g                N01700
a01700          long    %12.0g                A01700
schf            long    %8.0g                 SCHF
n02300          long    %12.0g                N02300
a02300          long    %12.0g                A02300
n02500          long    %12.0g                N02500
a02500          long    %12.0g                A02500
n26270          long    %12.0g                N26270
a26270          long    %12.0g                A26270
n02900          long    %12.0g                N02900
a02900          long    %12.0g                A02900
n03220          long    %12.0g                N03220
a03220          long    %12.0g                A03220
n03300          long    %12.0g                N03300
a03300          long    %12.0g                A03300
n03270          long    %12.0g                N03270
a03270          long    %12.0g                A03270
n03150          long    %12.0g                N03150
a03150          long    %12.0g                A03150
n03210          long    %12.0g                N03210
a03210          long    %12.0g                A03210
n03230          long    %12.0g                N03230
a03230          long    %12.0g                A03230
n03240          int     %8.0g                 N03240
a03240          long    %12.0g                A03240
n04470          long    %12.0g                N04470
a04470          long    %12.0g                A04470
a00101          long    %12.0g                A00101
n18425          long    %12.0g                N18425
a18425          long    %12.0g                A18425
n18450          long    %12.0g                N18450
a18450          long    %12.0g                A18450
n18500          long    %12.0g                N18500
a18500          long    %12.0g                A18500
n18300          long    %12.0g                N18300
a18300          long    %12.0g                A18300
n19300          long    %12.0g                N19300
a19300          long    %12.0g                A19300
n19700          long    %12.0g                N19700
a19700          long    %12.0g                A19700
n04800          long    %12.0g                N04800
a04800          long    %12.0g                A04800
n05800          long    %12.0g                N05800
a05800          long    %12.0g                A05800
n09600          long    %12.0g                N09600
a09600          long    %12.0g                A09600
n05780          long    %12.0g                N05780
a05780          long    %12.0g                A05780
n07100          long    %12.0g                N07100
a07100          long    %12.0g                A07100
n07300          long    %12.0g                N07300
a07300          long    %12.0g                A07300
n07180          long    %12.0g                N07180
a07180          long    %12.0g                A07180
n07230          long    %12.0g                N07230
a07230          long    %12.0g                A07230
n07240          long    %12.0g                N07240
a07240          long    %12.0g                A07240
n07220          long    %12.0g                N07220
a07220          long    %12.0g                A07220
n07260          long    %12.0g                N07260
a07260          long    %12.0g                A07260
n09400          long    %12.0g                N09400
a09400          long    %12.0g                A09400
n85770          long    %12.0g                N85770
a85770          long    %12.0g                A85770
n85775          long    %12.0g                N85775
a85775          long    %12.0g                A85775
n09750          long    %12.0g                N09750
a09750          long    %12.0g                A09750
n10600          long    %12.0g                N10600
a10600          long    %12.0g                A10600
n59660          long    %12.0g                N59660
a59660          long    %12.0g                A59660
n59720          long    %12.0g                N59720
a59720          long    %12.0g                A59720
n11070          long    %12.0g                N11070
a11070          long    %12.0g                A11070
n10960          long    %12.0g                N10960
a10960          long    %12.0g                A10960
n11560          long    %12.0g                N11560
a11560          long    %12.0g                A11560
n06500          long    %12.0g                N06500
a06500          long    %12.0g                A06500
n10300          long    %12.0g                N10300
a10300          long    %12.0g                A10300
n85530          long    %12.0g                N85530
a85530          long    %12.0g                A85530
n85300          long    %12.0g                N85300
a85300          long    %12.0g                A85300
n11901          long    %12.0g                N11901
a11901          long    %12.0g                A11901
n11902          long    %12.0g                N11902
a11902          long    %12.0g                A11902
------------------------------------------------------
Sorted by: 
     Note: Dataset has changed since last saved.
variable agi was long now double
(25,283 real changes made)
variable a_total_inc was long now double
(25,283 real changes made)
variable a_wage was long now double
(24,576 real changes made)
(file
    C:/Users/ji252/Documents/GitHub/multnomah-county
    > -tax/data/working/irs_county_all_15.dta not
    found)
file
    C:/Users/ji252/Documents/GitHub/multnomah-county
    > -tax/data/working/irs_county_all_15.dta saved
(encoding automatically selected: ISO-8859-1)
(148 vars, 25,536 obs)

Contains data
 Observations:        25,536                  
    Variables:           148                  
------------------------------------------------------
Variable      Storage   Display    Value
    name         type    format    label      Variable
>  label
------------------------------------------------------
statefips       byte    %8.0g                 STATEFIP
                                  > S
state           str2    %9s                   STATE
countyfips      int     %8.0g                 COUNTYFI
                                  > PS
countyname      str20   %20s                  COUNTYNA
                                  > ME
agi_stub        byte    %8.0g                 
n1              long    %12.0g                N1
mars1           long    %12.0g                
mars2           long    %12.0g                MARS2
mars4           long    %12.0g                MARS4
prep            long    %12.0g                PREP
n2              long    %12.0g                N2
numdep          long    %12.0g                NUMDEP
total_vita      long    %12.0g                TOTAL_VI
                                  > TA
vita            long    %12.0g                VITA
tce             long    %12.0g                TCE
vita_eic        int     %8.0g                 VITA_EIC
ral             long    %12.0g                RAL
rac             long    %12.0g                RAC
elderly         long    %12.0g                ELDERLY
a00100          long    %12.0g                A00100
n02650          long    %12.0g                N02650
a02650          long    %12.0g                A02650
n00200          long    %12.0g                N00200
a00200          long    %12.0g                A00200
n00300          long    %12.0g                N00300
a00300          long    %12.0g                A00300
n00600          long    %12.0g                N00600
a00600          long    %12.0g                A00600
n00650          long    %12.0g                N00650
a00650          long    %12.0g                A00650
n00700          long    %12.0g                N00700
a00700          long    %12.0g                A00700
n00900          long    %12.0g                N00900
a00900          long    %12.0g                A00900
n01000          long    %12.0g                N01000
a01000          long    %12.0g                A01000
n01400          long    %12.0g                N01400
a01400          long    %12.0g                A01400
n01700          long    %12.0g                N01700
a01700          long    %12.0g                A01700
schf            long    %8.0g                 SCHF
n02300          long    %12.0g                N02300
a02300          long    %12.0g                A02300
n02500          long    %12.0g                N02500
a02500          long    %12.0g                A02500
n26270          long    %12.0g                N26270
a26270          long    %12.0g                A26270
n02900          long    %12.0g                N02900
a02900          long    %12.0g                A02900
n03220          long    %12.0g                N03220
a03220          long    %12.0g                A03220
n03300          long    %12.0g                N03300
a03300          long    %12.0g                A03300
n03270          long    %12.0g                N03270
a03270          long    %12.0g                A03270
n03150          long    %12.0g                N03150
a03150          long    %12.0g                A03150
n03210          long    %12.0g                N03210
a03210          long    %12.0g                A03210
n03230          long    %12.0g                N03230
a03230          long    %12.0g                A03230
n03240          int     %8.0g                 N03240
a03240          long    %12.0g                A03240
n04470          long    %12.0g                N04470
a04470          long    %12.0g                A04470
a00101          long    %12.0g                A00101
n17000          long    %12.0g                N17000
a17000          long    %12.0g                A17000
n18425          long    %12.0g                N18425
a18425          long    %12.0g                A18425
n18450          long    %12.0g                N18450
a18450          long    %12.0g                A18450
n18500          long    %12.0g                N18500
a18500          long    %12.0g                A18500
n18800          long    %12.0g                N18800
a18800          long    %12.0g                A18800
n18300          long    %12.0g                N18300
a18300          long    %12.0g                A18300
n19300          long    %12.0g                N19300
a19300          long    %12.0g                A19300
n19500          long    %12.0g                N19500
a19500          long    %12.0g                A19500
n19530          long    %12.0g                N19530
a19530          long    %12.0g                A19530
n19550          long    %12.0g                N19550
a19550          long    %12.0g                A19550
n19570          long    %12.0g                N19570
a19570          long    %12.0g                A19570
n19700          long    %12.0g                N19700
a19700          long    %12.0g                A19700
n20800          long    %12.0g                N20800
a20800          long    %12.0g                A20800
n21020          long    %12.0g                N21020
a21020          long    %12.0g                A21020
n04800          long    %12.0g                N04800
a04800          long    %12.0g                A04800
n05800          long    %12.0g                N05800
a05800          long    %12.0g                A05800
n09600          long    %12.0g                N09600
a09600          long    %12.0g                A09600
n05780          long    %12.0g                N05780
a05780          long    %12.0g                A05780
n07100          long    %12.0g                N07100
a07100          long    %12.0g                A07100
n07300          long    %12.0g                N07300
a07300          long    %12.0g                A07300
n07180          long    %12.0g                N07180
a07180          long    %12.0g                A07180
n07230          long    %12.0g                N07230
a07230          long    %12.0g                A07230
n07240          long    %12.0g                N07240
a07240          long    %12.0g                A07240
n07220          long    %12.0g                N07220
a07220          long    %12.0g                A07220
n07260          long    %12.0g                N07260
a07260          long    %12.0g                A07260
n09400          long    %12.0g                N09400
a09400          long    %12.0g                A09400
n85770          long    %12.0g                N85770
a85770          long    %12.0g                A85770
n85775          long    %12.0g                N85775
a85775          long    %12.0g                A85775
n09750          long    %12.0g                N09750
a09750          long    %12.0g                A09750
n10600          long    %12.0g                N10600
a10600          long    %12.0g                A10600
n59660          long    %12.0g                N59660
a59660          long    %12.0g                A59660
n59720          long    %12.0g                N59720
a59720          long    %12.0g                A59720
n11070          long    %12.0g                N11070
a11070          long    %12.0g                A11070
n10960          long    %12.0g                N10960
a10960          long    %12.0g                A10960
n11560          long    %12.0g                N11560
a11560          long    %12.0g                A11560
n06500          long    %12.0g                N06500
a06500          long    %12.0g                A06500
n10300          long    %12.0g                N10300
a10300          long    %12.0g                A10300
n85530          long    %12.0g                N85530
a85530          long    %12.0g                A85530
n85300          long    %12.0g                N85300
a85300          long    %12.0g                A85300
n11901          long    %12.0g                N11901
a11901          long    %12.0g                A11901
n11902          long    %12.0g                N11902
a11902          long    %12.0g                A11902
------------------------------------------------------
Sorted by: 
     Note: Dataset has changed since last saved.
variable agi was long now double
(25,267 real changes made)
variable a_total_inc was long now double
(25,267 real changes made)
variable a_wage was long now double
(24,662 real changes made)
(file
    C:/Users/ji252/Documents/GitHub/multnomah-county
    > -tax/data/working/irs_county_all_16.dta not
    found)
file
    C:/Users/ji252/Documents/GitHub/multnomah-county
    > -tax/data/working/irs_county_all_16.dta saved
(encoding automatically selected: ISO-8859-1)
(154 vars, 25,536 obs)

Contains data
 Observations:        25,536                  
    Variables:           154                  
------------------------------------------------------
Variable      Storage   Display    Value
    name         type    format    label      Variable
>  label
------------------------------------------------------
statefips       byte    %8.0g                 STATEFIP
                                  > S
state           str2    %9s                   STATE
countyfips      int     %8.0g                 COUNTYFI
                                  > PS
countyname      str20   %20s                  COUNTYNA
                                  > ME
agi_stub        byte    %8.0g                 
n1              long    %12.0g                N1
mars1           long    %12.0g                
mars2           long    %12.0g                MARS2
mars4           long    %12.0g                MARS4
elf             long    %12.0g                ELF
cprep           long    %12.0g                CPREP
prep            long    %12.0g                PREP
dir_dep         long    %12.0g                DIR_DEP
n2              long    %12.0g                N2
numdep          long    %12.0g                NUMDEP
total_vita      long    %12.0g                TOTAL_VI
                                  > TA
vita            long    %12.0g                VITA
tce             long    %12.0g                TCE
vita_eic        int     %8.0g                 VITA_EIC
rac             long    %12.0g                RAC
elderly         long    %12.0g                ELDERLY
a00100          long    %12.0g                A00100
n02650          long    %12.0g                N02650
a02650          long    %12.0g                A02650
n00200          long    %12.0g                N00200
a00200          long    %12.0g                A00200
n00300          long    %12.0g                N00300
a00300          long    %12.0g                A00300
n00600          long    %12.0g                N00600
a00600          long    %12.0g                A00600
n00650          long    %12.0g                N00650
a00650          long    %12.0g                A00650
n00700          long    %12.0g                N00700
a00700          long    %12.0g                A00700
n00900          long    %12.0g                N00900
a00900          long    %12.0g                A00900
n01000          long    %12.0g                N01000
a01000          long    %12.0g                A01000
n01400          long    %12.0g                N01400
a01400          long    %12.0g                A01400
n01700          long    %12.0g                N01700
a01700          long    %12.0g                A01700
schf            long    %8.0g                 SCHF
n02300          long    %12.0g                N02300
a02300          long    %12.0g                A02300
n02500          long    %12.0g                N02500
a02500          long    %12.0g                A02500
n26270          long    %12.0g                N26270
a26270          long    %12.0g                A26270
n02900          long    %12.0g                N02900
a02900          long    %12.0g                A02900
n03220          long    %12.0g                N03220
a03220          long    %12.0g                A03220
n03300          long    %12.0g                N03300
a03300          long    %12.0g                A03300
n03270          long    %12.0g                N03270
a03270          long    %12.0g                A03270
n03150          long    %12.0g                N03150
a03150          long    %12.0g                A03150
n03210          long    %12.0g                N03210
a03210          long    %12.0g                A03210
n03230          long    %12.0g                N03230
a03230          long    %12.0g                A03230
n03240          long    %12.0g                N03240
a03240          long    %12.0g                A03240
n04470          long    %12.0g                N04470
a04470          long    %12.0g                A04470
a00101          long    %12.0g                A00101
n17000          long    %12.0g                N17000
a17000          long    %12.0g                A17000
n18425          long    %12.0g                N18425
a18425          long    %12.0g                A18425
n18450          long    %12.0g                N18450
a18450          long    %12.0g                A18450
n18500          long    %12.0g                N18500
a18500          long    %12.0g                A18500
n18800          long    %12.0g                N18800
a18800          long    %12.0g                A18800
n18300          long    %12.0g                N18300
a18300          long    %12.0g                A18300
n19300          long    %12.0g                N19300
a19300          long    %12.0g                A19300
n19500          long    %12.0g                N19500
a19500          long    %12.0g                A19500
n19530          long    %12.0g                N19530
a19530          long    %12.0g                A19530
n19550          long    %12.0g                N19550
a19550          long    %12.0g                A19550
n19570          long    %12.0g                N19570
a19570          long    %12.0g                A19570
n19700          long    %12.0g                N19700
a19700          long    %12.0g                A19700
n20800          long    %12.0g                N20800
a20800          long    %12.0g                A20800
n20950          long    %12.0g                N20950
a20950          long    %12.0g                A20950
n04800          long    %12.0g                N04800
a04800          long    %12.0g                A04800
n05800          long    %12.0g                N05800
a05800          long    %12.0g                A05800
n09600          long    %12.0g                N09600
a09600          long    %12.0g                A09600
n05780          long    %12.0g                N05780
a05780          long    %12.0g                A05780
n07100          long    %12.0g                N07100
a07100          long    %12.0g                A07100
n07300          long    %12.0g                N07300
a07300          long    %12.0g                A07300
n07180          long    %12.0g                N07180
a07180          long    %12.0g                A07180
n07230          long    %12.0g                N07230
a07230          long    %12.0g                A07230
n07240          long    %12.0g                N07240
a07240          long    %12.0g                A07240
n07220          long    %12.0g                N07220
a07220          long    %12.0g                A07220
n07260          long    %12.0g                N07260
a07260          long    %12.0g                A07260
n09400          long    %12.0g                N09400
a09400          long    %12.0g                A09400
n85770          long    %12.0g                N85770
a85770          long    %12.0g                A85770
n85775          long    %12.0g                N85775
a85775          long    %12.0g                A85775
n09750          long    %12.0g                N09750
a09750          long    %12.0g                A09750
n10600          long    %12.0g                N10600
a10600          long    %12.0g                A10600
n59660          long    %12.0g                N59660
a59660          long    %12.0g                A59660
n59720          long    %12.0g                N59720
a59720          long    %12.0g                A59720
n11070          long    %12.0g                N11070
a11070          long    %12.0g                A11070
n10960          long    %12.0g                N10960
a10960          long    %12.0g                A10960
n11560          long    %12.0g                N11560
a11560          long    %12.0g                A11560
n06500          long    %12.0g                N06500
a06500          long    %12.0g                A06500
n10300          long    %12.0g                N10300
a10300          long    %12.0g                A10300
n85530          long    %12.0g                N85530
a85530          long    %12.0g                A85530
n85300          long    %12.0g                N85300
a85300          long    %12.0g                A85300
n11901          long    %12.0g                N11901
a11901          long    %12.0g                A11901
n11900          long    %12.0g                N11900
a11900          long    %12.0g                A11900
n11902          long    %12.0g                N11902
a11902          long    %12.0g                A11902
n12000          long    %12.0g                N12000
a12000          long    %12.0g                A12000
------------------------------------------------------
Sorted by: 
     Note: Dataset has changed since last saved.
variable agi was long now double
(25,280 real changes made)
variable a_total_inc was long now double
(25,280 real changes made)
variable a_wage was long now double
(24,634 real changes made)
(file
    C:/Users/ji252/Documents/GitHub/multnomah-county
    > -tax/data/working/irs_county_all_17.dta not
    found)
file
    C:/Users/ji252/Documents/GitHub/multnomah-county
    > -tax/data/working/irs_county_all_17.dta saved
(encoding automatically selected: ISO-8859-1)
(154 vars, 25,536 obs)

Contains data
 Observations:        25,536                  
    Variables:           154                  
------------------------------------------------------
Variable      Storage   Display    Value
    name         type    format    label      Variable
>  label
------------------------------------------------------
statefips       byte    %8.0g                 STATEFIP
                                  > S
state           str2    %9s                   STATE
countyfips      int     %8.0g                 COUNTYFI
                                  > PS
countyname      str20   %20s                  COUNTYNA
                                  > ME
agi_stub        byte    %8.0g                 
n1              long    %12.0g                N1
mars1           long    %12.0g                
mars2           long    %12.0g                MARS2
mars4           long    %12.0g                MARS4
elf             long    %12.0g                ELF
cprep           long    %12.0g                CPREP
prep            long    %12.0g                PREP
dir_dep         long    %12.0g                DIR_DEP
n2              long    %12.0g                N2
numdep          long    %12.0g                NUMDEP
total_vita      long    %12.0g                TOTAL_VI
                                  > TA
vita            long    %8.0g                 VITA
tce             long    %8.0g                 TCE
vita_eic        int     %8.0g                 VITA_EIC
rac             long    %12.0g                RAC
elderly         long    %12.0g                ELDERLY
a00100          long    %12.0g                A00100
n02650          long    %12.0g                N02650
a02650          long    %12.0g                A02650
n00200          long    %12.0g                N00200
a00200          long    %12.0g                A00200
n00300          long    %12.0g                N00300
a00300          long    %12.0g                A00300
n00600          long    %12.0g                N00600
a00600          long    %12.0g                A00600
n00650          long    %12.0g                N00650
a00650          long    %12.0g                A00650
n00700          long    %12.0g                N00700
a00700          long    %12.0g                A00700
n00900          long    %12.0g                N00900
a00900          long    %12.0g                A00900
n01000          long    %12.0g                N01000
a01000          long    %12.0g                A01000
n01750          long    %12.0g                N01750
a01750          long    %12.0g                A01750
schf            long    %8.0g                 SCHF
n02300          long    %12.0g                N02300
a02300          long    %12.0g                A02300
n02500          long    %12.0g                N02500
a02500          long    %12.0g                A02500
n26270          long    %12.0g                N26270
a26270          long    %12.0g                A26270
n02900          long    %12.0g                N02900
a02900          long    %12.0g                A02900
n03220          long    %12.0g                N03220
a03220          long    %8.0g                 A03220
n03300          long    %8.0g                 N03300
a03300          long    %12.0g                A03300
n03270          long    %8.0g                 N03270
a03270          long    %12.0g                A03270
n03150          long    %8.0g                 N03150
a03150          long    %12.0g                A03150
n03210          long    %12.0g                N03210
a03210          long    %12.0g                A03210
n04450          long    %12.0g                N04450
a04450          long    %12.0g                A04450
n04100          long    %12.0g                N04100
a04100          long    %12.0g                A04100
n04200          long    %12.0g                N04200
a04200          long    %12.0g                A04200
n04470          long    %12.0g                N04470
a04470          long    %12.0g                A04470
a00101          long    %12.0g                A00101
n17000          long    %8.0g                 N17000
a17000          long    %12.0g                A17000
n18425          long    %12.0g                N18425
a18425          long    %12.0g                A18425
n18450          long    %8.0g                 N18450
a18450          long    %8.0g                 A18450
n18500          long    %12.0g                N18500
a18500          long    %12.0g                A18500
n18800          long    %12.0g                N18800
a18800          long    %8.0g                 A18800
n18460          long    %12.0g                N18460
a18460          long    %12.0g                A18460
n18300          long    %12.0g                N18300
a18300          long    %12.0g                A18300
n19300          long    %12.0g                N19300
a19300          long    %12.0g                A19300
n19500          long    %8.0g                 N19500
a19500          long    %8.0g                 A19500
n19530          long    %8.0g                 N19530
a19530          long    %8.0g                 A19530
n19570          long    %8.0g                 N19570
a19570          long    %12.0g                A19570
n19700          long    %12.0g                N19700
a19700          long    %12.0g                A19700
n20950          long    %8.0g                 N20950
a20950          long    %12.0g                A20950
n04475          long    %12.0g                N04475
a04475          long    %12.0g                A04475
n04800          long    %12.0g                N04800
a04800          long    %12.0g                A04800
n05800          long    %12.0g                N05800
a05800          long    %12.0g                A05800
n09600          long    %8.0g                 N09600
a09600          long    %12.0g                A09600
n05780          long    %8.0g                 N05780
a05780          long    %8.0g                 A05780
n07100          long    %12.0g                N07100
a07100          long    %12.0g                A07100
n07300          long    %12.0g                N07300
a07300          long    %12.0g                A07300
n07180          long    %12.0g                N07180
a07180          long    %12.0g                A07180
n07230          long    %12.0g                N07230
a07230          long    %12.0g                A07230
n07240          long    %12.0g                N07240
a07240          long    %12.0g                A07240
n07225          long    %12.0g                N07225
a07225          long    %12.0g                A07225
n07260          long    %8.0g                 N07260
a07260          long    %8.0g                 A07260
n09400          long    %12.0g                N09400
a09400          long    %12.0g                A09400
n85770          long    %12.0g                N85770
a85770          long    %12.0g                A85770
n85775          long    %12.0g                N85775
a85775          long    %12.0g                A85775
n09750          long    %12.0g                N09750
a09750          long    %8.0g                 A09750
n10600          long    %12.0g                N10600
a10600          long    %12.0g                A10600
n59660          long    %12.0g                N59660
a59660          long    %12.0g                A59660
n59720          long    %12.0g                N59720
a59720          long    %12.0g                A59720
n11070          long    %12.0g                N11070
a11070          long    %12.0g                A11070
n10960          long    %12.0g                N10960
a10960          long    %12.0g                A10960
n11560          long    %8.0g                 N11560
a11560          long    %8.0g                 A11560
n06500          long    %12.0g                N06500
a06500          long    %12.0g                A06500
n10300          long    %12.0g                N10300
a10300          long    %12.0g                A10300
n85530          long    %12.0g                N85530
a85530          long    %12.0g                A85530
n85300          long    %12.0g                N85300
a85300          long    %12.0g                A85300
n11901          long    %12.0g                N11901
a11901          long    %12.0g                A11901
n11900          long    %12.0g                N11900
a11900          long    %12.0g                A11900
n11902          long    %12.0g                N11902
a11902          long    %12.0g                A11902
n12000          long    %12.0g                N12000
a12000          long    %12.0g                A12000
------------------------------------------------------
Sorted by: 
     Note: Dataset has changed since last saved.
variable agi was long now double
(25,325 real changes made)
variable a_total_inc was long now double
(25,325 real changes made)
variable a_wage was long now double
(24,672 real changes made)
(file
    C:/Users/ji252/Documents/GitHub/multnomah-county
    > -tax/data/working/irs_county_all_18.dta not
    found)
file
    C:/Users/ji252/Documents/GitHub/multnomah-county
    > -tax/data/working/irs_county_all_18.dta saved
(encoding automatically selected: ISO-8859-1)
(153 vars, 25,544 obs)

Contains data
 Observations:        25,544                  
    Variables:           153                  
------------------------------------------------------
Variable      Storage   Display    Value
    name         type    format    label      Variable
>  label
------------------------------------------------------
statefips       byte    %8.0g                 STATEFIP
                                  > S
state           str2    %9s                   STATE
countyfips      int     %8.0g                 COUNTYFI
                                  > PS
countyname      str24   %24s                  COUNTYNA
                                  > ME
agi_stub        byte    %8.0g                 
n1              long    %12.0g                N1
mars1           long    %12.0g                
mars2           long    %12.0g                MARS2
mars4           long    %12.0g                MARS4
elf             long    %12.0g                ELF
cprep           long    %12.0g                CPREP
prep            long    %12.0g                PREP
dir_dep         long    %12.0g                DIR_DEP
n2              long    %12.0g                N2
total_vita      long    %12.0g                TOTAL_VI
                                  > TA
vita            long    %12.0g                VITA
tce             int     %8.0g                 TCE
vita_eic        int     %8.0g                 VITA_EIC
rac             long    %12.0g                RAC
elderly         long    %12.0g                ELDERLY
a00100          long    %12.0g                A00100
n02650          long    %12.0g                N02650
a02650          float   %9.0g                 A02650
n00200          long    %12.0g                N00200
a00200          long    %12.0g                A00200
n00300          long    %12.0g                N00300
a00300          long    %12.0g                A00300
n00600          long    %12.0g                N00600
a00600          long    %12.0g                A00600
n00650          long    %12.0g                N00650
a00650          long    %12.0g                A00650
n00700          long    %12.0g                N00700
a00700          long    %12.0g                A00700
n00900          long    %12.0g                N00900
a00900          long    %12.0g                A00900
n01000          long    %12.0g                N01000
a01000          long    %12.0g                A01000
n01400          long    %12.0g                N01400
a01400          long    %12.0g                A01400
n01700          long    %12.0g                N01700
a01700          long    %12.0g                A01700
schf            long    %8.0g                 SCHF
n02300          long    %12.0g                N02300
a02300          long    %12.0g                A02300
n02500          long    %12.0g                N02500
a02500          long    %12.0g                A02500
n26270          long    %12.0g                N26270
a26270          long    %12.0g                A26270
n02900          long    %12.0g                N02900
a02900          long    %12.0g                A02900
n03220          long    %12.0g                N03220
a03220          long    %12.0g                A03220
n03300          long    %12.0g                N03300
a03300          long    %12.0g                A03300
n03270          long    %12.0g                N03270
a03270          long    %12.0g                A03270
n03150          long    %12.0g                N03150
a03150          long    %12.0g                A03150
n03210          long    %12.0g                N03210
a03210          long    %12.0g                A03210
n04450          long    %12.0g                N04450
a04450          long    %12.0g                A04450
n04100          long    %12.0g                N04100
a04100          long    %12.0g                A04100
n04200          long    %12.0g                N04200
a04200          long    %12.0g                A04200
n04470          long    %12.0g                N04470
a04470          long    %12.0g                A04470
a00101          long    %12.0g                A00101
n17000          long    %12.0g                N17000
a17000          long    %12.0g                A17000
n18425          long    %12.0g                N18425
a18425          long    %12.0g                A18425
n18450          long    %12.0g                N18450
a18450          long    %12.0g                A18450
n18500          long    %12.0g                N18500
a18500          long    %12.0g                A18500
n18800          long    %12.0g                N18800
a18800          long    %12.0g                A18800
n18460          long    %12.0g                N18460
a18460          long    %12.0g                A18460
n18300          long    %12.0g                N18300
a18300          long    %12.0g                A18300
n19300          long    %12.0g                N19300
a19300          long    %12.0g                A19300
n19500          long    %12.0g                N19500
a19500          long    %12.0g                A19500
n19530          long    %12.0g                N19530
a19530          long    %12.0g                A19530
n19570          long    %12.0g                N19570
a19570          long    %12.0g                A19570
n19700          long    %12.0g                N19700
a19700          long    %12.0g                A19700
n20950          long    %12.0g                N20950
a20950          long    %12.0g                A20950
n04475          long    %12.0g                N04475
a04475          long    %12.0g                A04475
n04800          long    %12.0g                N04800
a04800          long    %12.0g                A04800
n05800          long    %12.0g                N05800
a05800          long    %12.0g                A05800
n09600          int     %8.0g                 N09600
a09600          long    %12.0g                A09600
n05780          long    %12.0g                N05780
a05780          long    %12.0g                A05780
n07100          long    %12.0g                N07100
a07100          long    %12.0g                A07100
n07300          long    %12.0g                N07300
a07300          long    %12.0g                A07300
n07180          long    %12.0g                N07180
a07180          long    %12.0g                A07180
n07230          long    %12.0g                N07230
a07230          long    %12.0g                A07230
n07240          long    %12.0g                N07240
a07240          long    %12.0g                A07240
n07225          long    %12.0g                N07225
a07225          long    %12.0g                A07225
n07260          long    %12.0g                N07260
a07260          long    %12.0g                A07260
n09400          long    %12.0g                N09400
a09400          long    %12.0g                A09400
n85770          long    %12.0g                N85770
a85770          long    %12.0g                A85770
n85775          long    %12.0g                N85775
a85775          long    %12.0g                A85775
n10600          long    %12.0g                N10600
a10600          long    %12.0g                A10600
n59660          long    %12.0g                N59660
a59660          long    %12.0g                A59660
n59720          long    %12.0g                N59720
a59720          long    %12.0g                A59720
n11070          long    %12.0g                N11070
a11070          long    %12.0g                A11070
n10960          long    %12.0g                N10960
a10960          long    %12.0g                A10960
n11560          long    %12.0g                N11560
a11560          long    %12.0g                A11560
n06500          long    %12.0g                N06500
a06500          long    %12.0g                A06500
n10300          long    %12.0g                N10300
a10300          long    %12.0g                A10300
n85530          long    %12.0g                N85530
a85530          long    %12.0g                A85530
n85300          long    %12.0g                N85300
a85300          long    %12.0g                A85300
n11901          long    %12.0g                N11901
a11901          long    %12.0g                A11901
n11900          long    %12.0g                N11900
a11900          long    %12.0g                A11900
n11902          long    %12.0g                N11902
a11902          long    %12.0g                A11902
n12000          long    %12.0g                N12000
a12000          long    %12.0g                A12000
------------------------------------------------------
Sorted by: 
     Note: Dataset has changed since last saved.
variable agi was long now double
(25,363 real changes made)
(25,363 real changes made)
variable a_wage was long now double
(24,724 real changes made)
(file
    C:/Users/ji252/Documents/GitHub/multnomah-county
    > -tax/data/working/irs_county_all_19.dta not
    found)
file
    C:/Users/ji252/Documents/GitHub/multnomah-county
    > -tax/data/working/irs_county_all_19.dta saved
(encoding automatically selected: ISO-8859-1)
(166 vars, 25,545 obs)

Contains data
 Observations:        25,545                  
    Variables:           166                  
------------------------------------------------------
Variable      Storage   Display    Value
    name         type    format    label      Variable
>  label
------------------------------------------------------
statefips       byte    %8.0g                 STATEFIP
                                  > S
state           str2    %9s                   STATE
countyfips      int     %8.0g                 COUNTYFI
                                  > PS
countyname      str20   %20s                  COUNTYNA
                                  > ME
agi_stub        byte    %8.0g                 
n1              long    %12.0g                N1
mars1           long    %12.0g                
mars2           long    %12.0g                MARS2
mars4           long    %12.0g                MARS4
elf             long    %12.0g                ELF
cprep           long    %8.0g                 CPREP
prep            long    %12.0g                PREP
dir_dep         long    %12.0g                DIR_DEP
vrtcrind        long    %8.0g                 VRTCRIND
n2              long    %12.0g                N2
total_vita      long    %8.0g                 TOTAL_VI
                                  > TA
vita            long    %8.0g                 VITA
tce             int     %8.0g                 TCE
vita_eic        int     %8.0g                 VITA_EIC
rac             long    %12.0g                RAC
elderly         long    %12.0g                ELDERLY
a00100          long    %12.0g                A00100
n02650          long    %12.0g                N02650
a02650          float   %9.0g                 A02650
n00200          long    %12.0g                N00200
a00200          long    %12.0g                A00200
n00300          long    %12.0g                N00300
a00300          long    %12.0g                A00300
n00600          long    %12.0g                N00600
a00600          long    %12.0g                A00600
n00650          long    %12.0g                N00650
a00650          long    %12.0g                A00650
n00700          long    %12.0g                N00700
a00700          long    %12.0g                A00700
n00900          long    %12.0g                N00900
a00900          long    %12.0g                A00900
n01000          long    %12.0g                N01000
a01000          long    %12.0g                A01000
n01400          long    %12.0g                N01400
a01400          long    %12.0g                A01400
n01700          long    %12.0g                N01700
a01700          long    %12.0g                A01700
schf            float   %9.0g                 SCHF
n02300          long    %12.0g                N02300
a02300          long    %12.0g                A02300
n02500          long    %12.0g                N02500
a02500          long    %12.0g                A02500
n26270          long    %12.0g                N26270
a26270          long    %12.0g                A26270
n02900          long    %12.0g                N02900
a02900          long    %12.0g                A02900
n03220          long    %12.0g                N03220
a03220          long    %8.0g                 A03220
n03300          long    %8.0g                 N03300
a03300          long    %12.0g                A03300
n03270          long    %8.0g                 N03270
a03270          long    %12.0g                A03270
n03150          long    %8.0g                 N03150
a03150          long    %12.0g                A03150
n03210          long    %12.0g                N03210
a03210          long    %12.0g                A03210
n02910          long    %12.0g                N02910
a02910          long    %12.0g                A02910
n04450          long    %12.0g                N04450
a04450          long    %12.0g                A04450
n04100          long    %12.0g                N04100
a04100          long    %12.0g                A04100
n04200          long    %12.0g                N04200
a04200          long    %12.0g                A04200
n04470          long    %12.0g                N04470
a04470          long    %12.0g                A04470
a00101          long    %12.0g                A00101
n17000          long    %8.0g                 N17000
a17000          long    %12.0g                A17000
n18425          long    %12.0g                N18425
a18425          long    %12.0g                A18425
n18450          long    %8.0g                 N18450
a18450          long    %8.0g                 A18450
n18500          long    %12.0g                N18500
a18500          long    %12.0g                A18500
n18800          long    %12.0g                N18800
a18800          long    %8.0g                 A18800
n18460          long    %12.0g                N18460
a18460          long    %12.0g                A18460
n18300          long    %12.0g                N18300
a18300          long    %12.0g                A18300
n19300          long    %12.0g                N19300
a19300          long    %12.0g                A19300
n19500          int     %8.0g                 N19500
a19500          long    %8.0g                 A19500
n19530          long    %8.0g                 N19530
a19530          long    %8.0g                 A19530
n19550          long    %8.0g                 N19550
a19550          long    %8.0g                 A19550
n19570          long    %8.0g                 N19570
a19570          long    %12.0g                A19570
n19700          long    %12.0g                N19700
a19700          long    %12.0g                A19700
n20950          long    %8.0g                 N20950
a20950          long    %12.0g                A20950
n04475          long    %12.0g                N04475
a04475          long    %12.0g                A04475
n04800          long    %12.0g                N04800
a04800          long    %12.0g                A04800
n05800          long    %12.0g                N05800
a05800          long    %12.0g                A05800
n09600          int     %8.0g                 N09600
a09600          long    %8.0g                 A09600
n05780          long    %8.0g                 N05780
a05780          long    %8.0g                 A05780
n07100          long    %12.0g                N07100
a07100          long    %12.0g                A07100
n07300          long    %12.0g                N07300
a07300          long    %12.0g                A07300
n07180          long    %12.0g                N07180
a07180          long    %8.0g                 A07180
n07230          long    %12.0g                N07230
a07230          long    %12.0g                A07230
n07240          long    %12.0g                N07240
a07240          long    %12.0g                A07240
n07225          long    %12.0g                N07225
a07225          long    %12.0g                A07225
n07260          long    %8.0g                 N07260
a07260          long    %8.0g                 A07260
n09400          long    %12.0g                N09400
a09400          long    %12.0g                A09400
n85770          long    %8.0g                 N85770
a85770          long    %12.0g                A85770
n85775          long    %8.0g                 N85775
a85775          long    %12.0g                A85775
n10600          long    %12.0g                N10600
a10600          long    %12.0g                A10600
n59660          long    %12.0g                N59660
a59660          long    %12.0g                A59660
n59720          long    %12.0g                N59720
a59720          long    %12.0g                A59720
n11070          long    %12.0g                N11070
a11070          long    %12.0g                A11070
n10960          long    %12.0g                N10960
a10960          long    %12.0g                A10960
n11560          long    %8.0g                 N11560
a11560          long    %8.0g                 A11560
n11450          long    %8.0g                 N11450
a11450          long    %8.0g                 A11450
n10970          long    %12.0g                N10970
a10970          long    %12.0g                A10970
n10971          long    %12.0g                N10971
a10971          long    %12.0g                A10971
n10973          long    %12.0g                N10973
a10973          long    %12.0g                A10973
n06500          long    %12.0g                N06500
a06500          long    %12.0g                A06500
n10300          long    %12.0g                N10300
a10300          long    %12.0g                A10300
n85530          long    %12.0g                N85530
a85530          long    %12.0g                A85530
n85300          long    %12.0g                N85300
a85300          long    %12.0g                A85300
n11901          long    %12.0g                N11901
a11901          long    %12.0g                A11901
n11900          long    %12.0g                N11900
a11900          long    %12.0g                A11900
n11902          long    %12.0g                N11902
a11902          long    %12.0g                A11902
n12000          long    %12.0g                N12000
a12000          long    %12.0g                A12000
------------------------------------------------------
Sorted by: 
     Note: Dataset has changed since last saved.
variable agi was long now double
(25,410 real changes made)
(25,410 real changes made)
variable a_wage was long now double
(24,896 real changes made)
(file
    C:/Users/ji252/Documents/GitHub/multnomah-county
    > -tax/data/working/irs_county_all_20.dta not
    found)
file
    C:/Users/ji252/Documents/GitHub/multnomah-county
    > -tax/data/working/irs_county_all_20.dta saved
(encoding automatically selected: ISO-8859-1)
(168 vars, 25,552 obs)

Contains data
 Observations:        25,552                  
    Variables:           168                  
------------------------------------------------------
Variable      Storage   Display    Value
    name         type    format    label      Variable
>  label
------------------------------------------------------
statefips       byte    %8.0g                 STATEFIP
                                  > S
state           str2    %9s                   STATE
countyfips      int     %8.0g                 COUNTYFI
                                  > PS
countyname      str20   %20s                  COUNTYNA
                                  > ME
agi_stub        byte    %8.0g                 
n1              long    %12.0g                N1
mars1           long    %12.0g                
mars2           long    %12.0g                MARS2
mars4           long    %12.0g                MARS4
elf             long    %12.0g                ELF
cprep           long    %8.0g                 CPREP
prep            long    %12.0g                PREP
dir_dep         long    %12.0g                DIR_DEP
vrtcrind        long    %8.0g                 VRTCRIND
n2              long    %12.0g                N2
total_vita      long    %8.0g                 TOTAL_VI
                                  > TA
vita            long    %8.0g                 VITA
tce             int     %8.0g                 TCE
vita_eic        int     %8.0g                 VITA_EIC
rac             long    %12.0g                RAC
elderly         long    %12.0g                ELDERLY
a00100          long    %12.0g                A00100
n02650          long    %12.0g                N02650
a02650          float   %9.0g                 A02650
n00200          long    %12.0g                N00200
a00200          long    %12.0g                A00200
n00300          long    %12.0g                N00300
a00300          long    %12.0g                A00300
n00600          long    %12.0g                N00600
a00600          long    %12.0g                A00600
n00650          long    %12.0g                N00650
a00650          long    %12.0g                A00650
n00700          long    %8.0g                 N00700
a00700          long    %12.0g                A00700
n00900          long    %12.0g                N00900
a00900          long    %12.0g                A00900
n01000          long    %12.0g                N01000
a01000          long    %12.0g                A01000
n01400          long    %12.0g                N01400
a01400          long    %12.0g                A01400
n01700          long    %12.0g                N01700
a01700          long    %12.0g                A01700
schf            float   %9.0g                 SCHF
n02300          long    %12.0g                N02300
a02300          long    %12.0g                A02300
n02500          long    %12.0g                N02500
a02500          long    %12.0g                A02500
n26270          long    %12.0g                N26270
a26270          long    %12.0g                A26270
n02900          long    %12.0g                N02900
a02900          long    %12.0g                A02900
n03220          long    %8.0g                 N03220
a03220          long    %8.0g                 A03220
n03300          long    %8.0g                 N03300
a03300          long    %12.0g                A03300
n03270          long    %8.0g                 N03270
a03270          long    %12.0g                A03270
n03150          long    %8.0g                 N03150
a03150          long    %12.0g                A03150
n03210          long    %8.0g                 N03210
a03210          long    %8.0g                 A03210
n02910          long    %12.0g                N02910
a02910          long    %12.0g                A02910
n04450          long    %12.0g                N04450
a04450          long    %12.0g                A04450
n04100          long    %12.0g                N04100
a04100          long    %12.0g                A04100
n04200          long    %12.0g                N04200
a04200          long    %12.0g                A04200
n04470          long    %12.0g                N04470
a04470          long    %12.0g                A04470
a00101          long    %12.0g                A00101
n17000          long    %8.0g                 N17000
a17000          long    %12.0g                A17000
n18425          long    %12.0g                N18425
a18425          long    %12.0g                A18425
n18450          long    %8.0g                 N18450
a18450          long    %8.0g                 A18450
n18500          long    %12.0g                N18500
a18500          long    %12.0g                A18500
n18800          long    %8.0g                 N18800
a18800          long    %8.0g                 A18800
n18460          long    %12.0g                N18460
a18460          long    %12.0g                A18460
n18300          long    %12.0g                N18300
a18300          long    %12.0g                A18300
n19300          long    %12.0g                N19300
a19300          long    %12.0g                A19300
n19500          int     %8.0g                 N19500
a19500          long    %8.0g                 A19500
n19530          long    %8.0g                 N19530
a19530          long    %8.0g                 A19530
n19550          long    %8.0g                 N19550
a19550          long    %8.0g                 A19550
n19570          long    %8.0g                 N19570
a19570          long    %12.0g                A19570
n19700          long    %12.0g                N19700
a19700          long    %12.0g                A19700
n20950          long    %8.0g                 N20950
a20950          long    %12.0g                A20950
n04475          long    %12.0g                N04475
a04475          long    %12.0g                A04475
n04800          long    %12.0g                N04800
a04800          long    %12.0g                A04800
n05800          long    %12.0g                N05800
a05800          long    %12.0g                A05800
n09600          long    %8.0g                 N09600
a09600          long    %8.0g                 A09600
n05780          long    %8.0g                 N05780
a05780          long    %8.0g                 A05780
n07100          long    %12.0g                N07100
a07100          long    %12.0g                A07100
n07300          long    %8.0g                 N07300
a07300          long    %12.0g                A07300
n07180          int     %8.0g                 N07180
a07180          long    %8.0g                 A07180
n07230          long    %12.0g                N07230
a07230          long    %12.0g                A07230
n07240          long    %12.0g                N07240
a07240          long    %8.0g                 A07240
n07225          long    %12.0g                N07225
a07225          long    %8.0g                 A07225
n07260          long    %8.0g                 N07260
a07260          long    %8.0g                 A07260
n09400          long    %12.0g                N09400
a09400          long    %12.0g                A09400
n85770          long    %12.0g                N85770
a85770          long    %12.0g                A85770
n85775          long    %12.0g                N85775
a85775          long    %12.0g                A85775
n10600          long    %12.0g                N10600
a10600          long    %12.0g                A10600
n59660          long    %12.0g                N59660
a59660          long    %12.0g                A59660
n59720          long    %12.0g                N59720
a59720          long    %12.0g                A59720
n11070          long    %12.0g                N11070
a11070          long    %12.0g                A11070
n10960          long    %8.0g                 N10960
a10960          long    %8.0g                 A10960
n11560          long    %8.0g                 N11560
a11560          long    %8.0g                 A11560
n11450          long    %8.0g                 N11450
a11450          long    %12.0g                A11450
n11520          long    %8.0g                 N11520
a11520          long    %12.0g                A11520
n11530          long    %8.0g                 N11530
a11530          long    %12.0g                A11530
n10970          long    %12.0g                N10970
a10970          long    %12.0g                A10970
n10971          long    %12.0g                N10971
a10971          long    %12.0g                A10971
n06500          long    %12.0g                N06500
a06500          long    %12.0g                A06500
n10300          long    %12.0g                N10300
a10300          long    %12.0g                A10300
n85530          long    %12.0g                N85530
a85530          long    %12.0g                A85530
n85300          long    %12.0g                N85300
a85300          long    %12.0g                A85300
n11901          long    %12.0g                N11901
a11901          long    %12.0g                A11901
n11900          long    %12.0g                N11900
a11900          long    %12.0g                A11900
n11902          long    %12.0g                N11902
a11902          long    %12.0g                A11902
n12000          long    %8.0g                 N12000
a12000          long    %12.0g                A12000
------------------------------------------------------
Sorted by: 
     Note: Dataset has changed since last saved.
variable agi was long now double
(25,456 real changes made)
(25,456 real changes made)
variable a_wage was long now double
(24,659 real changes made)
(file
    C:/Users/ji252/Documents/GitHub/multnomah-county
    > -tax/data/working/irs_county_all_21.dta not
    found)
file
    C:/Users/ji252/Documents/GitHub/multnomah-county
    > -tax/data/working/irs_county_all_21.dta saved
(encoding automatically selected: ISO-8859-1)
(166 vars, 25,552 obs)

Contains data
 Observations:        25,552                  
    Variables:           166                  
------------------------------------------------------
Variable      Storage   Display    Value
    name         type    format    label      Variable
>  label
------------------------------------------------------
statefips       byte    %8.0g                 STATEFIP
                                  > S
state           str2    %9s                   STATE
countyfips      int     %8.0g                 COUNTYFI
                                  > PS
countyname      str20   %20s                  COUNTYNA
                                  > ME
agi_stub        byte    %8.0g                 
n1              long    %12.0g                N1
mars1           long    %12.0g                
mars2           long    %12.0g                MARS2
mars4           long    %12.0g                MARS4
elf             long    %12.0g                ELF
cprep           long    %8.0g                 CPREP
prep            long    %12.0g                PREP
dir_dep         long    %12.0g                DIR_DEP
vrtcrind        long    %8.0g                 VRTCRIND
n2              long    %12.0g                N2
total_vita      long    %8.0g                 TOTAL_VI
                                  > TA
vita            long    %8.0g                 VITA
tce             int     %8.0g                 TCE
vita_eic        int     %8.0g                 VITA_EIC
rac             long    %12.0g                RAC
elderly         long    %12.0g                ELDERLY
a00100          long    %12.0g                A00100
n02650          long    %12.0g                N02650
a02650          long    %12.0g                A02650
n00200          long    %12.0g                N00200
a00200          long    %12.0g                A00200
n00300          long    %12.0g                N00300
a00300          long    %12.0g                A00300
n00400          long    %8.0g                 N00400
a00400          long    %12.0g                A00400
n00600          long    %12.0g                N00600
a00600          long    %12.0g                A00600
n00650          long    %12.0g                N00650
a00650          long    %12.0g                A00650
n00700          long    %8.0g                 N00700
a00700          long    %8.0g                 A00700
n00900          long    %12.0g                N00900
a00900          long    %12.0g                A00900
n01000          long    %12.0g                N01000
a01000          long    %12.0g                A01000
n01400          long    %12.0g                N01400
a01400          long    %12.0g                A01400
n01700          long    %12.0g                N01700
a01700          long    %12.0g                A01700
schf            long    %8.0g                 SCHF
n02300          long    %8.0g                 N02300
a02300          long    %12.0g                A02300
n02500          long    %12.0g                N02500
a02500          long    %12.0g                A02500
n26270          long    %12.0g                N26270
a26270          long    %12.0g                A26270
n25870          long    %8.0g                 N25870
a25870          long    %12.0g                A25870
n02900          long    %12.0g                N02900
a02900          long    %12.0g                A02900
n03220          long    %8.0g                 N03220
a03220          long    %8.0g                 A03220
n03300          long    %8.0g                 N03300
a03300          long    %12.0g                A03300
n03270          long    %8.0g                 N03270
a03270          long    %12.0g                A03270
n03150          long    %8.0g                 N03150
a03150          long    %12.0g                A03150
n03210          long    %8.0g                 N03210
a03210          long    %8.0g                 A03210
n04450          long    %12.0g                N04450
a04450          long    %12.0g                A04450
n04100          long    %12.0g                N04100
a04100          long    %12.0g                A04100
n04200          long    %12.0g                N04200
a04200          long    %12.0g                A04200
n04470          long    %12.0g                N04470
a04470          long    %12.0g                A04470
a00101          long    %12.0g                A00101
n17000          long    %8.0g                 N17000
a17000          long    %12.0g                A17000
n18425          long    %12.0g                N18425
a18425          long    %12.0g                A18425
n18450          long    %8.0g                 N18450
a18450          long    %8.0g                 A18450
n18500          long    %12.0g                N18500
a18500          long    %12.0g                A18500
n18800          long    %12.0g                N18800
a18800          long    %8.0g                 A18800
n18460          long    %12.0g                N18460
a18460          long    %12.0g                A18460
n18300          long    %12.0g                N18300
a18300          long    %12.0g                A18300
n19300          long    %12.0g                N19300
a19300          long    %12.0g                A19300
n19500          int     %8.0g                 N19500
a19500          long    %8.0g                 A19500
n19530          long    %8.0g                 N19530
a19530          long    %8.0g                 A19530
n19570          long    %8.0g                 N19570
a19570          long    %12.0g                A19570
n19700          long    %12.0g                N19700
a19700          long    %12.0g                A19700
n20950          long    %8.0g                 N20950
a20950          long    %12.0g                A20950
n04475          long    %12.0g                N04475
a04475          long    %12.0g                A04475
n04800          long    %12.0g                N04800
a04800          long    %12.0g                A04800
n05800          long    %12.0g                N05800
a05800          long    %12.0g                A05800
n09600          int     %8.0g                 N09600
a09600          long    %8.0g                 A09600
n05780          long    %8.0g                 N05780
a05780          long    %8.0g                 A05780
n07100          long    %12.0g                N07100
a07100          long    %12.0g                A07100
n07300          long    %8.0g                 N07300
a07300          long    %12.0g                A07300
n07180          long    %8.0g                 N07180
a07180          long    %8.0g                 A07180
n07230          long    %12.0g                N07230
a07230          long    %12.0g                A07230
n07240          long    %12.0g                N07240
a07240          long    %8.0g                 A07240
n07225          long    %12.0g                N07225
a07225          long    %12.0g                A07225
n07260          long    %8.0g                 N07260
a07260          long    %8.0g                 A07260
n09400          long    %12.0g                N09400
a09400          long    %12.0g                A09400
n85770          long    %12.0g                N85770
a85770          long    %12.0g                A85770
n85775          long    %12.0g                N85775
a85775          long    %12.0g                A85775
n10600          long    %12.0g                N10600
a10600          long    %12.0g                A10600
n59660          long    %12.0g                N59660
a59660          long    %12.0g                A59660
n59661          long    %12.0g                N59661
a59661          long    %8.0g                 A59661
n59662          long    %12.0g                N59662
a59662          long    %12.0g                A59662
n59663          long    %12.0g                N59663
a59663          long    %12.0g                A59663
n59664          long    %8.0g                 N59664
a59664          long    %12.0g                A59664
n59720          long    %12.0g                N59720
a59720          long    %12.0g                A59720
n11070          long    %12.0g                N11070
a11070          long    %12.0g                A11070
n10960          long    %8.0g                 N10960
a10960          long    %8.0g                 A10960
n11560          long    %8.0g                 N11560
a11560          long    %8.0g                 A11560
n06500          long    %12.0g                N06500
a06500          long    %12.0g                A06500
n10300          long    %12.0g                N10300
a10300          long    %12.0g                A10300
n85530          long    %12.0g                N85530
a85530          long    %12.0g                A85530
n85300          long    %12.0g                N85300
a85300          long    %12.0g                A85300
n11901          long    %12.0g                N11901
a11901          long    %12.0g                A11901
n11900          long    %12.0g                N11900
a11900          long    %12.0g                A11900
n11902          long    %12.0g                N11902
a11902          long    %12.0g                A11902
n12000          long    %8.0g                 N12000
a12000          long    %12.0g                A12000
------------------------------------------------------
Sorted by: 
     Note: Dataset has changed since last saved.
variable agi was long now double
(25,400 real changes made)
variable a_total_inc was long now double
(25,400 real changes made)
variable a_wage was long now double
(24,693 real changes made)
(file
    C:/Users/ji252/Documents/GitHub/multnomah-county
    > -tax/data/working/irs_county_all_22.dta not
    found)
file
    C:/Users/ji252/Documents/GitHub/multnomah-county
    > -tax/data/working/irs_county_all_22.dta saved

. 
. ** Append data 
. 
. ** Loop over years 
. forvalues y = 15(1)22 {
  2. 
.         ** Append 
.         append using "${data}working/irs_county_all_
> `y'"
  3.                 
.         } // END YEAR LOOP 
(variable county_name was str20, now str24 to
       accommodate using data's values)

.         
. ** Save file 
. save "${data}working/irs_county_all", replace 
(file
    C:/Users/ji252/Documents/GitHub/multnomah-county
    > -tax/data/working/irs_county_all.dta not
    found)
file
    C:/Users/ji252/Documents/GitHub/multnomah-county
    > -tax/data/working/irs_county_all.dta saved

.         
. ** Generate fips variable
. make_fips state_fips county_fips, gen(fips)

. 
. ** Save file 
. save "${data}working/irs_county_all", replace 
file
    C:/Users/ji252/Documents/GitHub/multnomah-county
    > -tax/data/working/irs_county_all.dta saved

. 
. ** Close log
. log close log_01
      name:  log_01
       log:  C:/Users/ji252/Documents/GitHub/multnomah
> -county-tax/code/logs/01_log_data_clean_multnomah_20
> 25-12-15.log
  log type:  text
 closed on:  15 Dec 2025, 18:08:04
------------------------------------------------------
