--------------------------------------------------------------------------------------------------------------------------------------------------------------------------------------
      name:  log_02
       log:  C:/Users/ji252/Documents/GitHub/multnomah-county-tax/code/logs/02_log_flow_2026-01-20.log
  log type:  text
 opened on:  20 Jan 2026, 15:15:12

. 
. ** Parameters
. local reps = 100

. 
. ** Load ACS data to get the set of counties 
. use "${data}working/acs_county_gross_18plus", clear

. 
. ** Keep required variables 
. keep year fips 

. 
. ** Keep only always-observed fips 
. bysort fips: gen ct = _N

. tab ct 

         ct |      Freq.     Percent        Cum.
------------+-----------------------------------
          3 |        168        3.48        3.48
          7 |        287        5.95        9.43
         10 |      4,370       90.57      100.00
------------+-----------------------------------
      Total |      4,825      100.00

. keep if ct == 10 
(455 observations deleted)

. 
. ** Keep fips 
. keep fips 

. 
. ** Drop duplicates 
. duplicates drop 

Duplicates in terms of all variables

(3,933 observations deleted)

. 
. ** Preserve data 
. tempfile acs_fips 

. save `acs_fips'
file C:\Users\ji252\AppData\Local\Temp\ST_1cd48_000001.tmp saved as .dta format

. clear 

. 
. ** Load IRS Data
. use "${data}working/irs_county_flow.dta", clear

. 
. ** Sample restrictions
. drop if inlist(state_fips_o, 2, 15)     // Alaska and Hawaii
(3,109 observations deleted)

. drop if inlist(state_fips_d, 2, 15)     // Alaska and Hawaii
(2,293 observations deleted)

. 
. ** Clean up variables
. drop fips

. 
. ** Mover indicators
. gen mover = fips_o != fips_d

. 
. ** Generate flow id
. egen flow_id = group(fips_d fips_o)

. 
. ** Declare panel and fill in missing values 
. xtset flow_id year 

Panel variable: flow_id (unbalanced)
 Time variable: year, 2016 to 2022, but with gaps
         Delta: 1 unit

. tsfill, full

. 
. ** Keep required variables 
. keep fips_d fips_o flow_id year mover n1 n2 agi 

. 
. ** Replace with 0s
. replace n1 = 0 if missing(n1)
(140,172 real changes made)

. replace n2 = 0 if missing(n2)
(140,172 real changes made)

. replace agi = 0 if missing(agi)
(140,172 real changes made)

. replace agi = 0 if agi < 0 
(89 real changes made)

. 
. ** Merge with time-varying controls
. 
. ** Keep if in donor pool in both origin and destination
. foreach x in "o" "d" {
  2. 
.         ** Fill in missing fips
.         bysort flow_id: egen tmp = mean(fips_`x')
  3.         replace fips_`x' = tmp if missing(fips_`x')
  4.         drop tmp 
  5. 
.         ** Merge with relevent variables
.         gen fips = fips_`x'
  6.         merge m:1 fips using "${data}working/ids",                                              ///
>                 keep(match) gen(merge_ids_`x')
  7.         merge m:1 year fips using "${data}working/bls_unemployment",    ///
>                 keep(match) gen(merge_bls_`x')
  8.         merge m:1 year fips using "${data}working/bea_economics",               ///
>                 keep(match) gen(merge_bea_`x')
  9.         merge m:1 fips using `acs_fips', keep(master match) gen(merge_acs_`x')
 10.         merge m:1 year fips using "${data}working/property_tax_rates_overall", ///
>                 gen(proptx_merge_`x') keep(master match) keepusing(prop_rate_mean )
 11.         
.         ** Rename
.         rename state_name state_name_`x'
 12.         rename state_fips state_fips_`x'
 13.         rename county_name county_name_`x'
 14.         rename county_fips county_fips_`x'      
 15.         rename unemp unemp_`x'
 16.         rename population pop_`x'
 17.         rename per_capita_income per_capita_income_`x'
 18.         rename prop_rate_mean prop_rate_mean_`x'
 19.         drop fips
 20. 
. } // END ORIGIN-DESTINATION LOOP
(140,172 real changes made)

    Result                      Number of obs
    -----------------------------------------
    Not matched                             0
    Matched                           497,448  (merge_ids_o==3)
    -----------------------------------------
(variable fips was float, now double to accommodate using data's values)

    Result                      Number of obs
    -----------------------------------------
    Not matched                             0
    Matched                           491,939  (merge_bls_o==3)
    -----------------------------------------

    Result                      Number of obs
    -----------------------------------------
    Not matched                             0
    Matched                           484,407  (merge_bea_o==3)
    -----------------------------------------

    Result                      Number of obs
    -----------------------------------------
    Not matched                       202,846
        from master                   202,846  (merge_acs_o==1)
        from using                          0  (merge_acs_o==2)

    Matched                           281,561  (merge_acs_o==3)
    -----------------------------------------

    Result                      Number of obs
    -----------------------------------------
    Not matched                       189,234
        from master                   189,234  (proptx_merge_o==1)
        from using                          0  (proptx_merge_o==2)

    Matched                           295,173  (proptx_merge_o==3)
    -----------------------------------------
(136,291 real changes made)

    Result                      Number of obs
    -----------------------------------------
    Not matched                             0
    Matched                           484,407  (merge_ids_d==3)
    -----------------------------------------
(variable fips was float, now double to accommodate using data's values)

    Result                      Number of obs
    -----------------------------------------
    Not matched                             0
    Matched                           480,970  (merge_bls_d==3)
    -----------------------------------------

    Result                      Number of obs
    -----------------------------------------
    Not matched                             0
    Matched                           475,524  (merge_bea_d==3)
    -----------------------------------------

    Result                      Number of obs
    -----------------------------------------
    Not matched                       207,879
        from master                   207,879  (merge_acs_d==1)
        from using                          0  (merge_acs_d==2)

    Matched                           267,645  (merge_acs_d==3)
    -----------------------------------------

    Result                      Number of obs
    -----------------------------------------
    Not matched                       193,163
        from master                   193,163  (proptx_merge_d==1)
        from using                          0  (proptx_merge_d==2)

    Matched                           282,361  (proptx_merge_d==3)
    -----------------------------------------

. 
. ** Tag flows to-and-from acs counties 
. gen acs_flow = merge_acs_d == 3 & merge_acs_o == 3

. label var acs_flow "Flows to and from ACS counties"

. 
. ** Multnomah indicators
. gen out_multnomah = (state_fips_o == 41 & county_fips_o == 51)

. gen in_multnomah = (state_fips_d == 41 & county_fips_d == 51)

. 
. ** Post-indicators
. gen post = year > 2020

. 
. ** Interactions
. gen in_multnomah_post = in_multnomah * post

. gen out_multnomah_post = out_multnomah * post

. 
. ** Create interactions manually (base year = 2020)
. forvalues y = 2016/2022 {
  2.         gen x_out_`y' = out_multnomah * (year == `y')
  3.         gen x_in_`y' = in_multnomah * (year == `y')
  4. }

. 
. ** Drop base year (2020)
. drop x_out_2020 x_in_2020

. 
. ********************************************************************************
. ** MAIN ANALYSIS LOOP: Run regressions for (1) all counties, (2) ACS counties
. ** The second iteration restricts to flows where acs_flow == 1 and adds
. ** property tax rate controls (prop_rate_mean_o and prop_rate_mean_d)
. ********************************************************************************
. 
. foreach sample in "all" "acs" {
  2. 
.         ** Set sample-specific parameters
.         if "`sample'" == "all" {
  3.                 local sample_cond ""
  4.                 local covars "unemp_* pop_* per_capita_income_*"
  5.                 local file_suffix ""
  6.                 local title_suffix ""
  7.         }
  8.         else if "`sample'" == "acs" {
  9.                 local sample_cond "& acs_flow == 1"
 10.                 local covars "unemp_* pop_* per_capita_income_* prop_rate_mean_o prop_rate_mean_d"
 11.                 local file_suffix "_acs"
 12.                 local title_suffix " (ACS Counties)"
 13.         }
 14. 
.         dis ""
 15.         dis "========================================================================"
 16.         dis "RUNNING ANALYSIS FOR SAMPLE: `sample'"
 17.         dis "Sample condition: `sample_cond'"
 18.         dis "Covariates: `covars'"
 19.         dis "========================================================================"
 20.         dis ""
 21. 
. ********************************************************************************
. ** REGRESSION 1: Multnomah X Post (DiD)
. ********************************************************************************
. 
. ** Loop over outcome variables
. foreach outcome in n1 n2 agi {
 22. 
.         ** Set outcome label for graphs
.         if "`outcome'" == "n1" local outcome_label "Number of Returns"
 23.         if "`outcome'" == "n2" local outcome_label "Number of Exemptions"
 24.         if "`outcome'" == "agi" local outcome_label "Adjusted Gross Income"
 25. 
.         ** Regression 1a: With covariates
.         ppmlhdfe `outcome' i.out_multnomah_post i.in_multnomah_post     ///
>                 `covars'                                                                                                        ///
>                 if mover == 1 `sample_cond',                                                            ///
>                 absorb(year flow_id) vce(cluster flow_id)
 26.         estimates store `outcome'_with_covars
 27. 
.         ** Regression 1b: Without covariates
.         ppmlhdfe `outcome' i.out_multnomah_post i.in_multnomah_post     ///
>                 if mover == 1 `sample_cond',                                                            ///
>                 absorb(year flow_id) vce(cluster flow_id)
 28.         estimates store `outcome'_no_covars
 29. 
.         ** Plot both regressions
.         coefplot        (`outcome'_with_covars, label("With Covariates")        ///
>                                         mc(navy) ciopts(lc(navy)))                                              ///
>                                 (`outcome'_no_covars, label("Without Covariates")       ///
>                                         mc(maroon) ciopts(lc(maroon))),                                 ///
>                 keep(1.out_multnomah_post 1.in_multnomah_post)                          ///
>                 ciopts(recast(rcap))                                                                            ///
>                 yline(0, lc(gs10) lp(dash))                                                             ///
>                 xline(0, lc(gs10) lp(dash))                                                             ///
>                 coeflabels(     1.out_multnomah_post = "Out-migration"                  ///
>                                         1.in_multnomah_post = "In-migration")                   ///
>                 ytitle("Coefficient")                                                                           ///
>                 xtitle("")                                                                                                      ///
>                 legend(pos(6) rows(1))                                                                          ///
>                 title("Migration Flows: Multnomah County x Post`title_suffix'") ///
>                 subtitle("`outcome_label'")                                                                     ///
>                 graphregion(color(white))
 30. 
.         graph export "${results}flows/fig_multnomah_post_`outcome'`file_suffix'.png", replace
 31. 
. 
. } // END OUTCOME LOOP
 32. 
. ********************************************************************************
. ** REGRESSION 1b: Loop over all counties (Permutation-style analysis)
. ** Purpose: Run same DiD regression for each county to create distribution
. **          of treatment effects for comparison with Multnomah
. ********************************************************************************
. 
. ** Preserve data for later use in REGRESSION 2
. preserve
 33. 
. ** Get list of unique origin fips codes (respecting sample condition)
. if "`sample'" == "all" {
 34.         levelsof fips_o, local(fips_list)
 35. }
 36. else {
 37.         levelsof fips_o if acs_flow == 1, local(fips_list)
 38. }
 39. local n_fips : word count `fips_list'
 40. dis "Running regressions for `n_fips' counties (`sample' sample)..."
 41. 
. ** Initialize tempfile to store results
. tempfile county_results
 42. postfile county_coefs fips b_out se_out b_in se_in using `county_results', replace
 43. 
. ** Counter for display
. local ct = 1
 44. 
. foreach f of local fips_list {
 45. 
.         ** Display status every 100 counties
.         if mod(`ct', 100) == 0 {
 46.                 dis "Processing county `ct' of `n_fips' (fips = `f')..."
 47.         }
 48. 
.         ** Generate treatment vars
.         gen out_tmp = fips_o == `f'
 49.         gen in_tmp = fips_d == `f'
 50. 
.         ** Interactions
.         gen out_post_tmp = out_tmp * post
 51.         gen in_post_tmp = in_tmp * post
 52. 
.         ** Run regression with capture to handle potential errors
.         capture {
 53.                 ** Regression: With covariates
.                  ppmlhdfe agi i.out_post_tmp i.in_post_tmp      ///
>                         `covars'                                                                                ///
>                         if mover == 1 `sample_cond',                                    ///
>                         absorb(year flow_id) vce(cluster flow_id)
 54. 
.                 ** Store coefficients and SEs
.                 local tmp_b_out = _b[1.out_post_tmp]
 55.                 local tmp_se_out = _se[1.out_post_tmp]
 56.                 local tmp_b_in = _b[1.in_post_tmp]
 57.                 local tmp_se_in = _se[1.in_post_tmp]
 58. 
.                 ** Post results
.                 post county_coefs (`f') (`tmp_b_out') (`tmp_se_out') (`tmp_b_in') (`tmp_se_in')
 59.         }
 60. 
.         ** If regression failed, post missing values
.         if _rc != 0 {
 61.                 post county_coefs (`f') (.) (.) (.) (.)
 62.                 dis "Warning: Regression failed for fips `f'"
 63.         }
 64.         
. 
.         ** Drop temporary vars
.         drop out_tmp in_tmp out_post_tmp in_post_tmp
 65. 
.         ** Update count
.         local ct = `ct' + 1
 66. 
. } // END FIPS LOOP
 67. 
. ** Close postfile
. postclose county_coefs
 68. 
. ** Load results
. use `county_results', clear
 69. 
. ** Add identifiers
. gen multnomah = (fips == 41051)
 70. label var fips "County FIPS code"
 71. label var b_out "Out-migration coefficient (County x Post)"
 72. label var se_out "Out-migration SE"
 73. label var b_in "In-migration coefficient (County x Post)"
 74. label var se_in "In-migration SE"
 75. label var multnomah "Multnomah County indicator"
 76. 
. ** Calculate t-statistics and p-values
. gen t_out = b_out / se_out
 77. gen t_in = b_in / se_in
 78. gen p_out = 2 * (1 - normal(abs(t_out)))
 79. gen p_in = 2 * (1 - normal(abs(t_in)))
 80. 
. label var t_out "Out-migration t-statistic"
 81. label var t_in "In-migration t-statistic"
 82. label var p_out "Out-migration p-value"
 83. label var p_in "In-migration p-value"
 84. 
. ** Calculate percentile ranks for Multnomah
. egen rank_b_out = rank(b_out)
 85. egen rank_b_in = rank(b_in)
 86. qui count if !missing(b_out)
 87. gen pctile_out = 100 * rank_b_out / r(N)
 88. qui count if !missing(b_in)
 89. gen pctile_in = 100 * rank_b_in / r(N)
 90. 
. label var pctile_out "Percentile rank of out-migration coef"
 91. label var pctile_in "Percentile rank of in-migration coef"
 92. 
. ** Display Multnomah's position
. dis ""
 93. dis "=========================================="
 94. dis "Multnomah County Results:"
 95. dis "=========================================="
 96. summ b_out b_in pctile_out pctile_in if multnomah == 1
 97. 
. ** Display distribution summary
. dis ""
 98. dis "Distribution of coefficients (all counties):"
 99. summ b_out b_in, detail
100. 
. ** Save county coefficients dataset
. compress
101. save "${data}working/county_did_coefficients`file_suffix'.dta", replace
102. export delimited using "${data}working/county_did_coefficients`file_suffix'.csv", replace
103. 
. dis "County coefficients saved to ${data}working/county_did_coefficients`file_suffix'.dta"
104. 
. ** Restore original data for REGRESSION 2
. restore
105. 
. ********************************************************************************
. ** SECTION: Multnomah vs Distribution Plots (Histogram Comparison)
. ** Purpose: Plot Multnomah's coefficients against distribution of all counties
. ********************************************************************************
. 
. ** Load the county coefficients
. preserve
106. use "${data}working/county_did_coefficients`file_suffix'.dta", clear
107. 
. ** Get Tags for 
. gen tag_in = 0 
108. gen tag_out = 0 
109. 
. ** Get number of counties with larger coef. 
. foreach x in "in" "out" {
110.         
.         ** Get Multnomah value 
.         qui summ b_`x' if multnomah == 1
111.         local m_b = r(mean)
112.         
.         ** Counts 
.         dis "Count of FIPS with non-missing `x'-migration flow coef."
113.         count if b_`x' != . 
114.         dis "Count of FIPS with non-missing `x'-migration flow coef. greater than Multnomah"
115.         if "`x'" == "in" {
116.                 count if b_`x' < `m_b' & !missing( b_`x')
117.                 count if b_`x' < `m_b' & !missing( b_`x') &  p_`x' < 0.05
118.                 replace tag_`x' = 1 if b_`x' < `m_b' & !missing( b_`x')
119.         }       
120.         if "`x'" == "out"       {
121.                 count if b_`x' > `m_b' & !missing( b_`x')
122.                 count if b_`x' > `m_b' & !missing( b_`x') &  p_`x' < 0.05
123.                 replace tag_`x' = 1 if b_`x' > `m_b' & !missing( b_`x')
124.         }       
125. } // END IN-OUT LOOP 
126. 
. ** 
. tab tag_in tag_out
127. 
. ** Loop over beta and t-stats 
. foreach x in "b" "t" {
128.         
.         ** Label 
.         if "`x'" == "b" local txt "Coefficients"
129.         else if "`x'" == "t" local txt = "T-Statistics"
130.                 
.         ** Store Multnomah's coefficients for reference lines
.         summ `x'_out if multnomah == 1, meanonly
131.         local multnomah_`x'_out = r(mean)
132.         summ `x'_in if multnomah == 1, meanonly
133.         local multnomah_`x'_in = r(mean)
134.         summ pctile_out if multnomah == 1, meanonly
135.         local multnomah_pctile_out = r(mean)
136.         summ pctile_in if multnomah == 1, meanonly
137.         local multnomah_pctile_in = r(mean)
138. 
.         
.         ** Plot 1: Out-migration coefficient distribution with Multnomah
.         histogram `x'_out if !missing(`x'_out),                                                                 ///
>                 bin(50)                                                                                                                 ///
>                 fcolor(navy%50) lcolor(navy)                                                                    ///
>                 xline(`multnomah_`x'_out', lcolor(red) lwidth(thick) lpattern(solid)) ///
>                 xtitle("Out-migration `txt' (County x Post)")                   ///
>                 ytitle("Frequency")                                                                                     ///
>                 title("Distribution of Out-Migration `txt'`title_suffix'")              ///
>                 subtitle("Red line = Multnomah County (percentile: `: display %4.1f `multnomah_pctile_out'')") ///
>                 graphregion(color(white))
139. 
.         graph export "${results}flows/fig_hist_out_`x'`file_suffix'.png", replace
140. 
.         ** Plot 2: In-migration coefficient distribution with Multnomah
.         histogram `x'_in if !missing(`x'_in),                                                                   ///
>                 bin(50)                                                                                                                 ///
>                 fcolor(maroon%50) lcolor(maroon)                                                                ///
>                 xline(`multnomah_`x'_in', lcolor(red) lwidth(thick) lpattern(solid)) ///
>                 xtitle("In-migration `txt' (County x Post)")                            ///
>                 ytitle("Frequency")                                                                                     ///
>                 title("Distribution of In-Migration `txt'`title_suffix'")               ///
>                 subtitle("Red line = Multnomah County (percentile: `: display %4.1f `multnomah_pctile_in'')") ///
>                 graphregion(color(white))
141. 
.         graph export "${results}flows/fig_hist_in_`x'`file_suffix'.png", replace
142. 
.         ** Plot 3: Combined scatter of out vs in coefficients
.         twoway  (scatter `x'_in `x'_out if multnomah == 0,                                              ///
>                                 mc(navy%30) ms(O) msize(small))                                                 ///
>                         (scatter `x'_in `x'_out if multnomah == 1,                                              ///
>                                 mc(red) ms(D) msize(large)),                                                    ///
>                 xline(0, lc(gs10) lp(dash))                                                                     ///
>                 yline(0, lc(gs10) lp(dash))                                                                     ///
>                 xtitle("Out-migration `txt'")                                                   ///
>                 ytitle("In-migration `txt'")                                                            ///
>                 title("Out- vs In-Migration Effects by County`title_suffix'")   ///
>                 legend(order(1 "Other Counties" 2 "Multnomah County") pos(6) rows(1)) ///
>                 graphregion(color(white))
143. 
.         graph export "${results}flows/fig_scatter_out_in_`x'`file_suffix'.png", replace
144. 
.         
. } // END BETA / T-STAT LOOP 
145. 
. ** Restore and continue
. restore
146. 
. ********************************************************************************
. ** REGRESSION 2: Multnomah X Year (Event Study)
. ********************************************************************************
. 
. ** Loop over outcome variables
. foreach outcome in n1 n2 agi {
147. 
.         ** Set outcome label for graphs
.         if "`outcome'" == "n1" local outcome_label "Number of Returns"
148.         if "`outcome'" == "n2" local outcome_label "Number of Exemptions"
149.         if "`outcome'" == "agi" local outcome_label "Adjusted Gross Income"
150. 
.         ** Regression 2a: With covariates
.         ppmlhdfe `outcome' x_out_* x_in_*                                                               ///
>                 `covars'                                                                                                        ///
>                 if mover == 1 `sample_cond',                                                            ///
>                 absorb(year flow_id) vce(cluster flow_id)
151.         estimates store `outcome'_es_with_covars
152. 
.         ** Regression 2b: Without covariates
.         ppmlhdfe `outcome' x_out_* x_in_*                                                               ///
>                 if mover == 1 `sample_cond',                                                            ///
>                 absorb(year flow_id) vce(cluster flow_id)
153.         estimates store `outcome'_es_no_covars
154. 
.         ** Extract coefficients into a dataset and plot
.         preserve
155.                 clear
156.                 set obs 7
157.                 gen year = 2015 + _n
158. 
.                 ** Out-migration coefficients (with covariates)
.                 gen out_coef_wc = .
159.                 gen out_ci_lo_wc = .
160.                 gen out_ci_hi_wc = .
161. 
.                 ** In-migration coefficients (with covariates)
.                 gen in_coef_wc = .
162.                 gen in_ci_lo_wc = .
163.                 gen in_ci_hi_wc = .
164. 
.                 ** Out-migration coefficients (without covariates)
.                 gen out_coef_nc = .
165.                 gen out_ci_lo_nc = .
166.                 gen out_ci_hi_nc = .
167. 
.                 ** In-migration coefficients (without covariates)
.                 gen in_coef_nc = .
168.                 gen in_ci_lo_nc = .
169.                 gen in_ci_hi_nc = .
170. 
.                 ** Fill in coefficients (2020 = base year = 0)
.                 foreach y in 2016 2017 2018 2019 2021 2022 {
171. 
.                         ** With covariates
.                         estimates restore `outcome'_es_with_covars
172.                         replace out_coef_wc = _b[x_out_`y'] if year == `y'
173.                         replace out_ci_lo_wc = _b[x_out_`y'] - 1.96 * _se[x_out_`y'] if year == `y'
174.                         replace out_ci_hi_wc = _b[x_out_`y'] + 1.96 * _se[x_out_`y'] if year == `y'
175. 
.                         replace in_coef_wc = _b[x_in_`y'] if year == `y'
176.                         replace in_ci_lo_wc = _b[x_in_`y'] - 1.96 * _se[x_in_`y'] if year == `y'
177.                         replace in_ci_hi_wc = _b[x_in_`y'] + 1.96 * _se[x_in_`y'] if year == `y'
178. 
.                         ** Without covariates
.                         estimates restore `outcome'_es_no_covars
179.                         replace out_coef_nc = _b[x_out_`y'] if year == `y'
180.                         replace out_ci_lo_nc = _b[x_out_`y'] - 1.96 * _se[x_out_`y'] if year == `y'
181.                         replace out_ci_hi_nc = _b[x_out_`y'] + 1.96 * _se[x_out_`y'] if year == `y'
182. 
.                         replace in_coef_nc = _b[x_in_`y'] if year == `y'
183.                         replace in_ci_lo_nc = _b[x_in_`y'] - 1.96 * _se[x_in_`y'] if year == `y'
184.                         replace in_ci_hi_nc = _b[x_in_`y'] + 1.96 * _se[x_in_`y'] if year == `y'
185.                 }
186. 
.                 ** Base year (2020) = 0
.                 foreach v in out_coef_wc out_ci_lo_wc out_ci_hi_wc                      ///
>                                          in_coef_wc in_ci_lo_wc in_ci_hi_wc                     ///
>                                          out_coef_nc out_ci_lo_nc out_ci_hi_nc                  ///
>                                          in_coef_nc in_ci_lo_nc in_ci_hi_nc {
187.                         replace `v' = 0 if year == 2020
188.                 }
189. 
.                 ** Offset years slightly for visibility
.                 gen year_out = year - 0.1
190.                 gen year_in = year + 0.1
191. 
.                 ** Plot 1: Out-migration (with and without covariates)
.                 twoway  (rcap out_ci_lo_wc out_ci_hi_wc year_out, lc(navy))                     ///
>                                 (connected out_coef_wc year_out, mc(navy) lc(navy) ms(O))               ///
>                                 (rcap out_ci_lo_nc out_ci_hi_nc year_in, lc(maroon))                    ///
>                                 (connected out_coef_nc year_in, mc(maroon) lc(maroon) ms(T)),   ///
>                         yline(0, lc(gs10) lp(dash))                                                                             ///
>                         xline(2020.5, lc(black) lp(solid))                                                                      ///
>                         xlabel(2016(1)2022)                                                                                             ///
>                         ytitle("Coefficient (relative to 2020)")                                                        ///
>                         xtitle("Year")                                                                                                          ///
>                         legend(order(2 "With Covariates" 4 "Without Covariates")                        ///
>                                 pos(6) rows(1))                                                                                                 ///
>                         title("Out-Migration from Multnomah County`title_suffix'")                      ///
>                         subtitle("`outcome_label'")                                                                                     ///
>                         graphregion(color(white))
192. 
.                 graph export "${results}flows/fig_multnomah_out_`outcome'`file_suffix'.png", replace
193. 
.                 ** Plot 2: In-migration (with and without covariates)
.                 twoway  (rcap in_ci_lo_wc in_ci_hi_wc year_out, lc(navy))                               ///
>                                 (connected in_coef_wc year_out, mc(navy) lc(navy) ms(O))                ///
>                                 (rcap in_ci_lo_nc in_ci_hi_nc year_in, lc(maroon))                              ///
>                                 (connected in_coef_nc year_in, mc(maroon) lc(maroon) ms(T)),    ///
>                         yline(0, lc(gs10) lp(dash))                                                                             ///
>                         xline(2020.5, lc(black) lp(solid))                                                                      ///
>                         xlabel(2016(1)2022)                                                                                             ///
>                         ytitle("Coefficient (relative to 2020)")                                                        ///
>                         xtitle("Year")                                                                                                          ///
>                         legend(order(2 "With Covariates" 4 "Without Covariates")                        ///
>                                 pos(6) rows(1))                                                                                                 ///
>                         title("In-Migration to Multnomah County`title_suffix'")                         ///
>                         subtitle("`outcome_label'")                                                                                     ///
>                         graphregion(color(white))
194. 
.                 graph export "${results}flows/fig_multnomah_in_`outcome'`file_suffix'.png", replace
195. 
.                 ** Plot 3: Both flows (with covariates only, as in original)
.                 twoway  (rcap out_ci_lo_wc out_ci_hi_wc year_out, lc(navy))                             ///
>                                 (connected out_coef_wc year_out, mc(navy) lc(navy) ms(O))               ///
>                                 (rcap in_ci_lo_wc in_ci_hi_wc year_in, lc(maroon))                              ///
>                                 (connected in_coef_wc year_in, mc(maroon) lc(maroon) ms(T)),    ///
>                         yline(0, lc(gs10) lp(dash))                                                                             ///
>                         xline(2020.5, lc(black) lp(solid))                                                                      ///
>                         xlabel(2016(1)2022)                                                                                             ///
>                         ytitle("Coefficient (relative to 2020)")                                                        ///
>                         xtitle("Year")                                                                                                          ///
>                         legend(order(2 "Out-migration" 4 "In-migration")                                        ///
>                                 pos(6) rows(1))                                                                                                 ///
>                         title("Migration Flows: Multnomah County`title_suffix'")                        ///
>                         subtitle("`outcome_label'")                                                                                     ///
>                         graphregion(color(white))
196. 
.                 graph export "${results}flows/fig_multnomah_both_`outcome'`file_suffix'.png", replace
197. 
.         restore
198. 
. } // END OUTCOME LOOP
199. 
. } // END SAMPLE LOOP (all vs acs)

========================================================================
RUNNING ANALYSIS FOR SAMPLE: all
Sample condition: 
Covariates: unemp_* pop_* per_capita_income_*
========================================================================

(dropped 10447 observations that are either singletons or separated by a fixed effect)
Iteration 1:   deviance = 2.8754e+06  eps = .         iters = 4    tol = 1.0e-04  min(eta) =  -2.82  P   
Iteration 2:   deviance = 6.3174e+05  eps = 3.55e+00  iters = 3    tol = 1.0e-04  min(eta) =  -3.25      
Iteration 3:   deviance = 5.8911e+05  eps = 7.24e-02  iters = 3    tol = 1.0e-04  min(eta) =  -3.39      
Iteration 4:   deviance = 5.8906e+05  eps = 8.34e-05  iters = 2    tol = 1.0e-04  min(eta) =  -3.40      
Iteration 5:   deviance = 5.8906e+05  eps = 5.95e-10  iters = 2    tol = 1.0e-05  min(eta) =  -3.40      
Iteration 6:   deviance = 5.8906e+05  eps = 1.93e-16  iters = 1    tol = 1.0e-06  min(eta) =  -3.40   S  
Iteration 7:   deviance = 5.8906e+05  eps = 1.93e-16  iters = 1    tol = 1.0e-09  min(eta) =  -3.40   S O
------------------------------------------------------------------------------------------------------------
(legend: p: exact partial-out   s: exact solver   h: step-halving   o: epsilon below tolerance)
Converged in 7 iterations and 16 HDFE sub-iterations (tol = 1.0e-08)

HDFE PPML regression                              No. of obs      =    331,655
Absorbing 2 HDFE groups                           Residual df     =     57,484
Statistics robust to heteroskedasticity           Wald chi2(8)    =    1117.95
Deviance             =  589060.4702               Prob > chi2     =     0.0000
Log pseudolikelihood = -1266915.146               Pseudo R2       =     0.9778

Number of clusters (flow_id)=     57,485
                                   (Std. err. adjusted for 57,485 clusters in flow_id)
--------------------------------------------------------------------------------------
                     |               Robust
                  n1 | Coefficient  std. err.      z    P>|z|     [95% conf. interval]
---------------------+----------------------------------------------------------------
1.out_multnomah_post |   .0112807    .022745     0.50   0.620    -.0332988    .0558601
 1.in_multnomah_post |  -.0763629   .0162191    -4.71   0.000    -.1081518    -.044574
             unemp_o |   .0234736   .0009508    24.69   0.000     .0216101     .025337
             unemp_d |  -.0210478    .000978   -21.52   0.000    -.0229646   -.0191309
               pop_o |   6.38e-08   3.11e-08     2.05   0.040     2.80e-09    1.25e-07
               pop_d |   3.63e-07   3.24e-08    11.20   0.000     3.00e-07    4.27e-07
 per_capita_income_o |   2.13e-06   3.64e-07     5.86   0.000     1.42e-06    2.84e-06
 per_capita_income_d |  -1.56e-06   2.83e-07    -5.51   0.000    -2.12e-06   -1.01e-06
               _cons |   5.640978   .0535479   105.34   0.000     5.536026     5.74593
--------------------------------------------------------------------------------------

Absorbed degrees of freedom:
-----------------------------------------------------+
 Absorbed FE | Categories  - Redundant  = Num. Coefs |
-------------+---------------------------------------|
        year |         7           1           6     |
     flow_id |     57485       57485           0    *|
-----------------------------------------------------+
* = FE nested within cluster; treated as redundant for DoF computation
(dropped 10447 observations that are either singletons or separated by a fixed effect)
Iteration 1:   deviance = 2.9001e+06  eps = .         iters = 4    tol = 1.0e-04  min(eta) =  -2.75  P   
Iteration 2:   deviance = 6.5484e+05  eps = 3.43e+00  iters = 3    tol = 1.0e-04  min(eta) =  -3.22      
Iteration 3:   deviance = 6.1220e+05  eps = 6.97e-02  iters = 3    tol = 1.0e-04  min(eta) =  -3.36      
Iteration 4:   deviance = 6.1215e+05  eps = 8.01e-05  iters = 2    tol = 1.0e-04  min(eta) =  -3.37      
Iteration 5:   deviance = 6.1215e+05  eps = 5.70e-10  iters = 2    tol = 1.0e-05  min(eta) =  -3.37      
Iteration 6:   deviance = 6.1215e+05  eps = 0.00e+00  iters = 1    tol = 1.0e-06  min(eta) =  -3.37   S  
Iteration 7:   deviance = 6.1215e+05  eps = 0.00e+00  iters = 1    tol = 1.0e-09  min(eta) =  -3.37   S O
------------------------------------------------------------------------------------------------------------
(legend: p: exact partial-out   s: exact solver   h: step-halving   o: epsilon below tolerance)
Converged in 7 iterations and 16 HDFE sub-iterations (tol = 1.0e-08)

HDFE PPML regression                              No. of obs      =    331,655
Absorbing 2 HDFE groups                           Residual df     =     57,484
Statistics robust to heteroskedasticity           Wald chi2(2)    =      32.03
Deviance             =  612152.2382               Prob > chi2     =     0.0000
Log pseudolikelihood =  -1278461.03               Pseudo R2       =     0.9776

Number of clusters (flow_id)=     57,485
                                   (Std. err. adjusted for 57,485 clusters in flow_id)
--------------------------------------------------------------------------------------
                     |               Robust
                  n1 | Coefficient  std. err.      z    P>|z|     [95% conf. interval]
---------------------+----------------------------------------------------------------
1.out_multnomah_post |   .0182474   .0234116     0.78   0.436    -.0276384    .0641333
 1.in_multnomah_post |  -.0863437   .0154255    -5.60   0.000    -.1165772   -.0561103
               _cons |   6.165859   .0000373  1.7e+05   0.000     6.165786    6.165932
--------------------------------------------------------------------------------------

Absorbed degrees of freedom:
-----------------------------------------------------+
 Absorbed FE | Categories  - Redundant  = Num. Coefs |
-------------+---------------------------------------|
        year |         7           1           6     |
     flow_id |     57485       57485           0    *|
-----------------------------------------------------+
* = FE nested within cluster; treated as redundant for DoF computation
file C:/Users/ji252/Documents/GitHub/multnomah-county-tax/results/flows/fig_multnomah_post_n1.png saved as PNG format
(dropped 10447 observations that are either singletons or separated by a fixed effect)
Iteration 1:   deviance = 5.4787e+06  eps = .         iters = 4    tol = 1.0e-04  min(eta) =  -2.91  P   
Iteration 2:   deviance = 1.4132e+06  eps = 2.88e+00  iters = 3    tol = 1.0e-04  min(eta) =  -3.54      
Iteration 3:   deviance = 1.3306e+06  eps = 6.20e-02  iters = 3    tol = 1.0e-04  min(eta) =  -3.81      
Iteration 4:   deviance = 1.3305e+06  eps = 1.14e-04  iters = 2    tol = 1.0e-04  min(eta) =  -3.85      
Iteration 5:   deviance = 1.3305e+06  eps = 4.79e-09  iters = 1    tol = 1.0e-04  min(eta) =  -3.85      
Iteration 6:   deviance = 1.3305e+06  eps = 1.65e-14  iters = 1    tol = 1.0e-05  min(eta) =  -3.85   S  
Iteration 7:   deviance = 1.3305e+06  eps = 0.00e+00  iters = 2    tol = 1.0e-09  min(eta) =  -3.85   S O
------------------------------------------------------------------------------------------------------------
(legend: p: exact partial-out   s: exact solver   h: step-halving   o: epsilon below tolerance)
Converged in 7 iterations and 16 HDFE sub-iterations (tol = 1.0e-08)

HDFE PPML regression                              No. of obs      =    331,655
Absorbing 2 HDFE groups                           Residual df     =     57,484
Statistics robust to heteroskedasticity           Wald chi2(8)    =    1091.86
Deviance             =   1330486.72               Prob > chi2     =     0.0000
Log pseudolikelihood = -1733747.739               Pseudo R2       =     0.9830

Number of clusters (flow_id)=     57,485
                                   (Std. err. adjusted for 57,485 clusters in flow_id)
--------------------------------------------------------------------------------------
                     |               Robust
                  n2 | Coefficient  std. err.      z    P>|z|     [95% conf. interval]
---------------------+----------------------------------------------------------------
1.out_multnomah_post |    .015437    .020791     0.74   0.458    -.0253127    .0561866
 1.in_multnomah_post |  -.0740198   .0154241    -4.80   0.000    -.1042505   -.0437892
             unemp_o |   .0221146   .0009958    22.21   0.000     .0201629    .0240664
             unemp_d |  -.0230597   .0010507   -21.95   0.000    -.0251189   -.0210004
               pop_o |   5.15e-08   3.16e-08     1.63   0.103    -1.04e-08    1.13e-07
               pop_d |   3.62e-07   3.00e-08    12.05   0.000     3.03e-07    4.20e-07
 per_capita_income_o |   2.54e-06   3.76e-07     6.76   0.000     1.80e-06    3.28e-06
 per_capita_income_d |  -2.02e-06   3.03e-07    -6.64   0.000    -2.61e-06   -1.42e-06
               _cons |   6.280974    .053925   116.48   0.000     6.175282    6.386665
--------------------------------------------------------------------------------------

Absorbed degrees of freedom:
-----------------------------------------------------+
 Absorbed FE | Categories  - Redundant  = Num. Coefs |
-------------+---------------------------------------|
        year |         7           1           6     |
     flow_id |     57485       57485           0    *|
-----------------------------------------------------+
* = FE nested within cluster; treated as redundant for DoF computation
(dropped 10447 observations that are either singletons or separated by a fixed effect)
Iteration 1:   deviance = 5.5233e+06  eps = .         iters = 4    tol = 1.0e-04  min(eta) =  -2.89  P   
Iteration 2:   deviance = 1.4553e+06  eps = 2.80e+00  iters = 3    tol = 1.0e-04  min(eta) =  -3.50      
Iteration 3:   deviance = 1.3728e+06  eps = 6.01e-02  iters = 3    tol = 1.0e-04  min(eta) =  -3.76      
Iteration 4:   deviance = 1.3726e+06  eps = 1.10e-04  iters = 2    tol = 1.0e-04  min(eta) =  -3.80      
Iteration 5:   deviance = 1.3726e+06  eps = 4.60e-09  iters = 1    tol = 1.0e-04  min(eta) =  -3.80      
Iteration 6:   deviance = 1.3726e+06  eps = 1.59e-14  iters = 1    tol = 1.0e-05  min(eta) =  -3.80   S  
Iteration 7:   deviance = 1.3726e+06  eps = 0.00e+00  iters = 1    tol = 1.0e-09  min(eta) =  -3.80   S O
------------------------------------------------------------------------------------------------------------
(legend: p: exact partial-out   s: exact solver   h: step-halving   o: epsilon below tolerance)
Converged in 7 iterations and 15 HDFE sub-iterations (tol = 1.0e-08)

HDFE PPML regression                              No. of obs      =    331,655
Absorbing 2 HDFE groups                           Residual df     =     57,484
Statistics robust to heteroskedasticity           Wald chi2(2)    =      35.14
Deviance             =  1372638.294               Prob > chi2     =     0.0000
Log pseudolikelihood = -1754823.525               Pseudo R2       =     0.9828

Number of clusters (flow_id)=     57,485
                                   (Std. err. adjusted for 57,485 clusters in flow_id)
--------------------------------------------------------------------------------------
                     |               Robust
                  n2 | Coefficient  std. err.      z    P>|z|     [95% conf. interval]
---------------------+----------------------------------------------------------------
1.out_multnomah_post |   .0218918   .0207797     1.05   0.292    -.0188356    .0626192
 1.in_multnomah_post |  -.0864384    .014852    -5.82   0.000    -.1155479    -.057329
               _cons |   6.749585   .0000282  2.4e+05   0.000      6.74953     6.74964
--------------------------------------------------------------------------------------

Absorbed degrees of freedom:
-----------------------------------------------------+
 Absorbed FE | Categories  - Redundant  = Num. Coefs |
-------------+---------------------------------------|
        year |         7           1           6     |
     flow_id |     57485       57485           0    *|
-----------------------------------------------------+
* = FE nested within cluster; treated as redundant for DoF computation
file C:/Users/ji252/Documents/GitHub/multnomah-county-tax/results/flows/fig_multnomah_post_n2.png saved as PNG format
(dropped 10447 observations that are either singletons or separated by a fixed effect)
Iteration 1:   deviance = 4.0054e+08  eps = .         iters = 4    tol = 1.0e-04  min(eta) =  -3.59  P   
Iteration 2:   deviance = 1.6976e+08  eps = 1.36e+00  iters = 3    tol = 1.0e-04  min(eta) =  -4.22      
Iteration 3:   deviance = 1.6099e+08  eps = 5.44e-02  iters = 3    tol = 1.0e-04  min(eta) =  -5.14      
Iteration 4:   deviance = 1.6087e+08  eps = 7.90e-04  iters = 2    tol = 1.0e-04  min(eta) =  -5.94      
Iteration 5:   deviance = 1.6086e+08  eps = 3.38e-06  iters = 2    tol = 1.0e-04  min(eta) =  -6.50      
Iteration 6:   deviance = 1.6086e+08  eps = 5.80e-08  iters = 2    tol = 1.0e-05  min(eta) =  -6.73   S  
Iteration 7:   deviance = 1.6086e+08  eps = 6.22e-10  iters = 2    tol = 1.0e-07  min(eta) =  -6.76   S O
------------------------------------------------------------------------------------------------------------
(legend: p: exact partial-out   s: exact solver   h: step-halving   o: epsilon below tolerance)
Converged in 7 iterations and 18 HDFE sub-iterations (tol = 1.0e-08)

HDFE PPML regression                              No. of obs      =    331,655
Absorbing 2 HDFE groups                           Residual df     =     57,484
Statistics robust to heteroskedasticity           Wald chi2(8)    =     369.69
Deviance             =  160864664.2               Prob > chi2     =     0.0000
Log pseudolikelihood = -82077725.61               Pseudo R2       =     0.9826

Number of clusters (flow_id)=     57,485
                                   (Std. err. adjusted for 57,485 clusters in flow_id)
--------------------------------------------------------------------------------------
                     |               Robust
                 agi | Coefficient  std. err.      z    P>|z|     [95% conf. interval]
---------------------+----------------------------------------------------------------
1.out_multnomah_post |   .1613764   .0553811     2.91   0.004     .0528315    .2699214
 1.in_multnomah_post |  -.1838134   .0212845    -8.64   0.000    -.2255303   -.1420964
             unemp_o |   .0423607   .0054837     7.72   0.000     .0316128    .0531085
             unemp_d |  -.0442395   .0038193   -11.58   0.000    -.0517253   -.0367538
               pop_o |  -2.80e-07   6.37e-08    -4.39   0.000    -4.05e-07   -1.55e-07
               pop_d |   4.64e-07   7.73e-08     6.00   0.000     3.12e-07    6.15e-07
 per_capita_income_o |   8.22e-06   9.26e-07     8.88   0.000     6.41e-06      .00001
 per_capita_income_d |   1.41e-06   8.43e-07     1.67   0.095    -2.46e-07    3.06e-06
               _cons |   9.822877   .1427415    68.82   0.000     9.543109    10.10264
--------------------------------------------------------------------------------------

Absorbed degrees of freedom:
-----------------------------------------------------+
 Absorbed FE | Categories  - Redundant  = Num. Coefs |
-------------+---------------------------------------|
        year |         7           1           6     |
     flow_id |     57485       57485           0    *|
-----------------------------------------------------+
* = FE nested within cluster; treated as redundant for DoF computation
(dropped 10447 observations that are either singletons or separated by a fixed effect)
Iteration 1:   deviance = 4.1413e+08  eps = .         iters = 4    tol = 1.0e-04  min(eta) =  -3.29  P   
Iteration 2:   deviance = 1.7950e+08  eps = 1.31e+00  iters = 3    tol = 1.0e-04  min(eta) =  -4.22      
Iteration 3:   deviance = 1.7046e+08  eps = 5.30e-02  iters = 3    tol = 1.0e-04  min(eta) =  -5.14      
Iteration 4:   deviance = 1.7033e+08  eps = 7.55e-04  iters = 2    tol = 1.0e-04  min(eta) =  -5.94      
Iteration 5:   deviance = 1.7033e+08  eps = 3.11e-06  iters = 2    tol = 1.0e-04  min(eta) =  -6.50      
Iteration 6:   deviance = 1.7033e+08  eps = 5.48e-08  iters = 2    tol = 1.0e-05  min(eta) =  -6.73   S  
Iteration 7:   deviance = 1.7033e+08  eps = 5.88e-10  iters = 2    tol = 1.0e-07  min(eta) =  -6.76   S O
------------------------------------------------------------------------------------------------------------
(legend: p: exact partial-out   s: exact solver   h: step-halving   o: epsilon below tolerance)
Converged in 7 iterations and 18 HDFE sub-iterations (tol = 1.0e-08)

HDFE PPML regression                              No. of obs      =    331,655
Absorbing 2 HDFE groups                           Residual df     =     57,484
Statistics robust to heteroskedasticity           Wald chi2(2)    =      83.73
Deviance             =  170331590.8               Prob > chi2     =     0.0000
Log pseudolikelihood = -86811188.95               Pseudo R2       =     0.9816

Number of clusters (flow_id)=     57,485
                                   (Std. err. adjusted for 57,485 clusters in flow_id)
--------------------------------------------------------------------------------------
                     |               Robust
                 agi | Coefficient  std. err.      z    P>|z|     [95% conf. interval]
---------------------+----------------------------------------------------------------
1.out_multnomah_post |   .1691276   .0589561     2.87   0.004     .0535757    .2846795
 1.in_multnomah_post |  -.1838849     .02136    -8.61   0.000    -.2257498     -.14202
               _cons |     10.648    .000114  9.3e+04   0.000     10.64778    10.64822
--------------------------------------------------------------------------------------

Absorbed degrees of freedom:
-----------------------------------------------------+
 Absorbed FE | Categories  - Redundant  = Num. Coefs |
-------------+---------------------------------------|
        year |         7           1           6     |
     flow_id |     57485       57485           0    *|
-----------------------------------------------------+
* = FE nested within cluster; treated as redundant for DoF computation
file C:/Users/ji252/Documents/GitHub/multnomah-county-tax/results/flows/fig_multnomah_post_agi.png saved as PNG format
1001 1003 1005 1007 1009 1011 1013 1015 1017 1019 1021 1023 1025 1027 1029 1031 1033 1035 1037 1039 1041 1043 1045 1047 1049 1051 1053 1055 1057 1059 1061 1063 1065 1067 1069 1071 10
> 73 1075 1077 1079 1081 1083 1085 1087 1089 1091 1093 1095 1097 1099 1101 1103 1105 1107 1109 1111 1113 1115 1117 1119 1121 1123 1125 1127 1129 1131 1133 4001 4003 4005 4007 4009 40
> 11 4012 4013 4015 4017 4019 4021 4023 4025 4027 5001 5003 5005 5007 5009 5011 5013 5015 5017 5019 5021 5023 5025 5027 5029 5031 5033 5035 5037 5039 5041 5043 5045 5047 5049 5051 50
> 53 5055 5057 5059 5061 5063 5065 5067 5069 5071 5073 5075 5077 5079 5081 5083 5085 5087 5089 5091 5093 5095 5097 5099 5101 5103 5105 5107 5109 5111 5113 5115 5117 5119 5121 5123 51
> 25 5127 5129 5131 5133 5135 5137 5139 5141 5143 5145 5147 5149 6001 6005 6007 6009 6011 6013 6015 6017 6019 6021 6023 6025 6027 6029 6031 6033 6035 6037 6039 6041 6043 6045 6047 60
> 49 6051 6053 6055 6057 6059 6061 6063 6065 6067 6069 6071 6073 6075 6077 6079 6081 6083 6085 6087 6089 6091 6093 6095 6097 6099 6101 6103 6105 6107 6109 6111 6113 6115 8001 8003 80
> 05 8007 8011 8013 8014 8015 8019 8021 8023 8025 8027 8029 8031 8035 8037 8039 8041 8043 8045 8047 8049 8051 8055 8059 8065 8067 8069 8071 8073 8075 8077 8081 8083 8085 8087 8089 80
> 91 8093 8095 8097 8099 8101 8103 8105 8107 8109 8113 8117 8119 8121 8123 8125 10001 10003 10005 11001 12001 12003 12005 12007 12009 12011 12013 12015 12017 12019 12021 12023 12027 
> 12029 12031 12033 12035 12037 12039 12041 12043 12045 12047 12049 12051 12053 12055 12057 12059 12061 12063 12065 12067 12069 12071 12073 12075 12077 12079 12081 12083 12085 12086 
> 12087 12089 12091 12093 12095 12097 12099 12101 12103 12105 12107 12109 12111 12113 12115 12117 12119 12121 12123 12125 12127 12129 12131 12133 13001 13003 13005 13007 13009 13011 
> 13013 13015 13017 13019 13021 13023 13025 13027 13029 13031 13033 13035 13037 13039 13043 13045 13047 13049 13051 13053 13055 13057 13059 13063 13065 13067 13069 13071 13073 13075 
> 13077 13079 13081 13083 13085 13087 13089 13091 13093 13095 13097 13099 13101 13103 13105 13107 13109 13111 13113 13115 13117 13119 13121 13123 13127 13129 13131 13133 13135 13137 
> 13139 13141 13143 13145 13147 13149 13151 13153 13155 13157 13159 13161 13163 13165 13167 13169 13171 13173 13175 13177 13179 13181 13183 13185 13187 13189 13191 13193 13195 13197 
> 13199 13201 13205 13207 13209 13211 13213 13215 13217 13219 13221 13223 13225 13227 13229 13231 13233 13235 13237 13239 13241 13243 13245 13247 13249 13251 13253 13255 13257 13259 
> 13261 13263 13267 13269 13271 13273 13275 13277 13279 13281 13283 13285 13287 13289 13291 13293 13295 13297 13299 13301 13303 13305 13309 13311 13313 13315 13317 13319 13321 16001 
> 16003 16005 16007 16009 16011 16013 16015 16017 16019 16021 16027 16029 16031 16035 16039 16041 16043 16045 16047 16049 16051 16053 16055 16057 16059 16061 16063 16065 16067 16069 
> 16071 16073 16075 16077 16079 16081 16083 16085 16087 17001 17003 17005 17007 17009 17011 17013 17015 17017 17019 17021 17023 17025 17027 17029 17031 17033 17035 17037 17039 17041 
> 17043 17045 17047 17049 17051 17053 17055 17057 17059 17061 17063 17065 17067 17069 17071 17073 17075 17077 17079 17081 17083 17085 17087 17089 17091 17093 17095 17097 17099 17101 
> 17103 17105 17107 17109 17111 17113 17115 17117 17119 17121 17123 17125 17127 17129 17131 17133 17135 17137 17139 17141 17143 17145 17147 17149 17151 17153 17155 17157 17159 17161 
> 17163 17165 17167 17169 17171 17173 17175 17177 17179 17181 17183 17185 17187 17189 17191 17193 17195 17197 17199 17201 17203 18001 18003 18005 18007 18009 18011 18013 18015 18017 
> 18019 18021 18023 18025 18027 18029 18031 18033 18035 18037 18039 18041 18043 18045 18047 18049 18051 18053 18055 18057 18059 18061 18063 18065 18067 18069 18071 18073 18075 18077 
> 18079 18081 18083 18085 18087 18089 18091 18093 18095 18097 18099 18101 18103 18105 18107 18109 18111 18113 18115 18117 18119 18121 18123 18125 18127 18129 18131 18133 18135 18137 
> 18139 18141 18143 18145 18147 18149 18151 18153 18155 18157 18159 18161 18163 18165 18167 18169 18171 18173 18175 18177 18179 18181 18183 19001 19003 19005 19007 19009 19011 19013 
> 19015 19017 19019 19021 19023 19025 19027 19029 19031 19033 19035 19037 19039 19041 19043 19045 19047 19049 19051 19053 19055 19057 19059 19061 19063 19065 19067 19069 19071 19073 
> 19075 19077 19079 19081 19083 19085 19087 19089 19091 19093 19095 19097 19099 19101 19103 19105 19107 19109 19111 19113 19115 19117 19119 19121 19123 19125 19127 19129 19131 19133 
> 19135 19137 19139 19141 19143 19145 19147 19149 19151 19153 19155 19157 19159 19161 19163 19165 19167 19169 19171 19173 19175 19177 19179 19181 19183 19185 19187 19189 19191 19193 
> 19195 19197 20001 20003 20005 20009 20011 20013 20015 20017 20019 20021 20027 20029 20031 20035 20037 20041 20043 20045 20051 20053 20055 20057 20059 20061 20067 20069 20073 20077 
> 20079 20085 20087 20091 20093 20095 20099 20103 20105 20107 20109 20111 20113 20115 20117 20119 20121 20125 20131 20133 20139 20143 20145 20149 20151 20155 20157 20159 20161 20163 
> 20165 20167 20169 20171 20173 20175 20177 20185 20191 20193 20195 20197 20201 20205 20207 20209 21001 21003 21005 21007 21009 21011 21013 21015 21017 21019 21021 21023 21025 21027 
> 21029 21031 21033 21035 21037 21039 21041 21043 21045 21047 21049 21051 21053 21055 21057 21059 21061 21063 21065 21067 21069 21071 21073 21075 21077 21079 21081 21083 21085 21087 
> 21089 21091 21093 21095 21097 21099 21101 21103 21105 21107 21109 21111 21113 21115 21117 21119 21121 21123 21125 21127 21129 21131 21133 21135 21137 21139 21141 21143 21145 21147 
> 21149 21151 21153 21155 21157 21159 21161 21163 21165 21167 21169 21171 21173 21175 21177 21179 21181 21183 21185 21187 21191 21193 21195 21197 21199 21203 21205 21207 21209 21211 
> 21213 21215 21217 21219 21221 21223 21225 21227 21229 21231 21233 21235 21237 21239 22001 22003 22005 22007 22009 22011 22013 22015 22017 22019 22021 22023 22025 22027 22029 22031 
> 22033 22035 22037 22039 22041 22043 22045 22047 22049 22051 22053 22055 22057 22059 22061 22063 22065 22067 22069 22071 22073 22075 22077 22079 22081 22083 22085 22087 22089 22091 
> 22093 22095 22097 22099 22101 22103 22105 22109 22111 22113 22115 22117 22119 22121 22123 22125 22127 23001 23003 23005 23007 23009 23011 23013 23015 23017 23019 23021 23023 23025 
> 23027 23029 23031 24001 24003 24005 24009 24011 24013 24015 24017 24019 24021 24023 24025 24027 24029 24031 24033 24035 24037 24039 24041 24043 24045 24047 24510 25001 25003 25005 
> 25007 25009 25011 25013 25015 25017 25019 25021 25023 25025 25027 26001 26003 26005 26007 26009 26011 26013 26015 26017 26019 26021 26023 26025 26027 26029 26031 26033 26035 26037 
> 26039 26041 26043 26045 26047 26049 26051 26053 26055 26057 26059 26061 26063 26065 26067 26069 26071 26073 26075 26077 26079 26081 26083 26085 26087 26089 26091 26093 26097 26099 
> 26101 26103 26105 26107 26109 26111 26113 26115 26117 26119 26121 26123 26125 26127 26129 26133 26135 26137 26139 26141 26143 26145 26147 26149 26151 26153 26155 26157 26159 26161 
> 26163 26165 27001 27003 27005 27007 27009 27011 27013 27015 27017 27019 27021 27023 27025 27027 27029 27031 27033 27035 27037 27039 27041 27043 27045 27047 27049 27051 27053 27055 
> 27057 27059 27061 27063 27065 27067 27071 27073 27075 27077 27079 27081 27083 27085 27087 27089 27091 27093 27095 27097 27099 27101 27103 27105 27107 27109 27111 27113 27115 27117 
> 27119 27121 27123 27125 27127 27129 27131 27133 27135 27137 27139 27141 27143 27145 27147 27149 27151 27153 27157 27159 27161 27163 27165 27167 27169 27171 27173 28001 28003 28005 
> 28007 28009 28011 28013 28015 28017 28019 28021 28023 28025 28027 28029 28031 28033 28035 28037 28039 28041 28043 28045 28047 28049 28051 28053 28057 28059 28061 28063 28065 28067 
> 28069 28071 28073 28075 28077 28079 28081 28083 28085 28087 28089 28091 28093 28095 28097 28099 28101 28103 28105 28107 28109 28111 28113 28115 28117 28119 28121 28123 28125 28127 
> 28129 28131 28133 28135 28137 28139 28141 28143 28145 28147 28149 28151 28153 28155 28157 28159 28161 28163 29001 29003 29007 29009 29011 29013 29015 29017 29019 29021 29023 29025 
> 29027 29029 29031 29033 29035 29037 29039 29041 29043 29045 29047 29049 29051 29053 29055 29057 29059 29061 29063 29065 29067 29069 29071 29073 29075 29077 29079 29081 29083 29085 
> 29087 29089 29091 29093 29095 29097 29099 29101 29103 29105 29107 29109 29111 29113 29115 29117 29119 29121 29123 29125 29127 29131 29133 29135 29137 29139 29141 29143 29145 29147 
> 29149 29151 29153 29155 29157 29159 29161 29163 29165 29167 29169 29171 29173 29175 29177 29179 29181 29183 29185 29186 29187 29189 29195 29197 29199 29201 29203 29205 29207 29209 
> 29211 29213 29215 29217 29219 29221 29223 29225 29229 29510 30001 30003 30005 30007 30009 30013 30015 30017 30021 30023 30027 30029 30031 30035 30039 30041 30043 30047 30049 30051 
> 30053 30057 30061 30063 30065 30067 30073 30077 30081 30083 30085 30087 30089 30093 30095 30097 30099 30101 30105 30111 31001 31003 31011 31013 31019 31021 31023 31025 31027 31033 
> 31035 31037 31039 31041 31043 31045 31047 31051 31053 31055 31059 31061 31063 31065 31067 31073 31079 31081 31087 31089 31093 31095 31097 31099 31101 31105 31107 31109 31111 31119 
> 31121 31123 31125 31127 31131 31137 31139 31141 31143 31145 31147 31151 31153 31155 31157 31159 31161 31163 31167 31169 31173 31177 31179 31181 31185 32001 32003 32005 32007 32011 
> 32013 32015 32017 32019 32021 32023 32027 32029 32031 32033 32510 33001 33003 33005 33007 33009 33011 33013 33015 33017 33019 34001 34003 34005 34007 34009 34011 34013 34015 34017 
> 34019 34021 34023 34025 34027 34029 34031 34033 34035 34037 34039 34041 35001 35005 35006 35007 35009 35013 35015 35017 35019 35025 35027 35028 35029 35031 35033 35035 35037 35039 
> 35041 35043 35045 35047 35049 35051 35053 35055 35057 35061 36001 36003 36005 36007 36009 36011 36013 36015 36017 36019 36021 36023 36025 36027 36029 36031 36033 36035 36037 36039 
> 36041 36043 36045 36047 36049 36051 36053 36055 36057 36059 36061 36063 36065 36067 36069 36071 36073 36075 36077 36079 36081 36083 36085 36087 36089 36091 36093 36095 36097 36099 
> 36101 36103 36105 36107 36109 36111 36113 36115 36117 36119 36121 36123 37001 37003 37005 37007 37009 37011 37013 37015 37017 37019 37021 37023 37025 37027 37029 37031 37033 37035 
> 37037 37039 37041 37043 37045 37047 37049 37051 37053 37055 37057 37059 37061 37063 37065 37067 37069 37071 37073 37075 37077 37079 37081 37083 37085 37087 37089 37091 37093 37095 
> 37097 37099 37101 37103 37105 37107 37109 37111 37113 37115 37117 37119 37121 37123 37125 37127 37129 37131 37133 37135 37137 37139 37141 37143 37145 37147 37149 37151 37153 37155 
> 37157 37159 37161 37163 37165 37167 37169 37171 37173 37175 37177 37179 37181 37183 37185 37187 37189 37191 37193 37195 37197 37199 38003 38005 38009 38013 38015 38017 38021 38025 
> 38029 38035 38041 38043 38045 38049 38053 38055 38057 38059 38061 38067 38071 38073 38075 38077 38079 38081 38085 38089 38093 38097 38099 38101 38105 39001 39003 39005 39007 39009 
> 39011 39013 39015 39017 39019 39021 39023 39025 39027 39029 39031 39033 39035 39037 39039 39041 39043 39045 39047 39049 39051 39053 39055 39057 39059 39061 39063 39065 39067 39069 
> 39071 39073 39075 39077 39079 39081 39083 39085 39087 39089 39091 39093 39095 39097 39099 39101 39103 39105 39107 39109 39111 39113 39115 39117 39119 39121 39123 39125 39127 39129 
> 39131 39133 39135 39137 39139 39141 39143 39145 39147 39149 39151 39153 39155 39157 39159 39161 39163 39165 39167 39169 39171 39173 39175 40001 40003 40005 40007 40009 40011 40013 
> 40015 40017 40019 40021 40023 40027 40029 40031 40033 40035 40037 40039 40041 40043 40045 40047 40049 40051 40053 40055 40059 40061 40063 40065 40067 40069 40071 40073 40075 40077 
> 40079 40081 40083 40085 40087 40089 40091 40093 40095 40097 40099 40101 40103 40105 40107 40109 40111 40113 40115 40117 40119 40121 40123 40125 40127 40129 40131 40133 40135 40137 
> 40139 40141 40143 40145 40147 40149 40151 40153 41001 41003 41005 41007 41009 41011 41013 41015 41017 41019 41025 41027 41029 41031 41033 41035 41037 41039 41041 41043 41045 41047 
> 41049 41051 41053 41057 41059 41061 41063 41065 41067 41071 42001 42003 42005 42007 42009 42011 42013 42015 42017 42019 42021 42023 42025 42027 42029 42031 42033 42035 42037 42039 
> 42041 42043 42045 42047 42049 42051 42053 42055 42057 42059 42061 42063 42065 42067 42069 42071 42073 42075 42077 42079 42081 42083 42085 42087 42089 42091 42093 42095 42097 42099 
> 42101 42103 42105 42107 42109 42111 42113 42115 42117 42119 42121 42123 42125 42127 42129 42131 42133 44001 44003 44005 44007 44009 45001 45003 45005 45007 45009 45011 45013 45015 
> 45017 45019 45021 45023 45025 45027 45029 45031 45033 45035 45037 45039 45041 45043 45045 45047 45049 45051 45053 45055 45057 45059 45061 45063 45065 45067 45069 45071 45073 45075 
> 45077 45079 45081 45083 45085 45087 45089 45091 46003 46005 46007 46009 46011 46013 46015 46019 46023 46025 46027 46029 46033 46035 46037 46039 46041 46045 46047 46051 46057 46061 
> 46065 46067 46071 46077 46079 46081 46083 46085 46087 46089 46091 46093 46099 46101 46102 46103 46109 46111 46115 46117 46121 46125 46127 46135 47001 47003 47005 47007 47009 47011 
> 47013 47015 47017 47019 47021 47023 47025 47027 47029 47031 47033 47035 47037 47039 47041 47043 47045 47047 47049 47051 47053 47055 47057 47059 47061 47063 47065 47067 47069 47071 
> 47073 47075 47077 47079 47081 47083 47085 47087 47089 47091 47093 47095 47097 47099 47101 47103 47105 47107 47109 47111 47113 47115 47117 47119 47121 47123 47125 47127 47129 47131 
> 47133 47137 47139 47141 47143 47145 47147 47149 47151 47153 47155 47157 47159 47161 47163 47165 47167 47169 47171 47173 47175 47177 47179 47181 47183 47185 47187 47189 48001 48003 
> 48005 48007 48009 48011 48013 48015 48017 48019 48021 48023 48025 48027 48029 48031 48035 48037 48039 48041 48043 48047 48049 48051 48053 48055 48057 48059 48061 48063 48065 48067 
> 48069 48071 48073 48077 48079 48081 48083 48085 48089 48091 48093 48095 48097 48099 48103 48105 48107 48111 48113 48115 48117 48119 48121 48123 48127 48129 48131 48133 48135 48139 
> 48141 48143 48145 48147 48149 48151 48153 48157 48159 48161 48163 48165 48167 48169 48171 48175 48177 48179 48181 48183 48185 48187 48189 48193 48197 48199 48201 48203 48205 48207 
> 48209 48213 48215 48217 48219 48221 48223 48225 48227 48229 48231 48233 48235 48237 48239 48241 48245 48247 48249 48251 48253 48255 48257 48259 48265 48267 48273 48277 48279 48281 
> 48283 48285 48287 48289 48291 48293 48295 48297 48299 48303 48305 48307 48309 48313 48315 48317 48321 48323 48325 48329 48331 48333 48335 48337 48339 48341 48343 48347 48349 48351 
> 48353 48355 48357 48359 48361 48363 48365 48367 48369 48371 48373 48375 48377 48379 48381 48383 48387 48389 48391 48395 48397 48399 48401 48403 48405 48407 48409 48413 48415 48417 
> 48419 48423 48425 48427 48429 48435 48437 48439 48441 48445 48449 48451 48453 48455 48457 48459 48461 48463 48465 48467 48469 48471 48473 48475 48477 48479 48481 48483 48485 48487 
> 48489 48491 48493 48495 48497 48499 48501 48503 48505 48507 49001 49003 49005 49007 49011 49013 49015 49017 49019 49021 49023 49025 49027 49029 49035 49037 49039 49041 49043 49045 
> 49047 49049 49051 49053 49057 50001 50003 50005 50007 50009 50011 50013 50015 50017 50019 50021 50023 50025 50027 51001 51007 51009 51011 51013 51019 51021 51023 51025 51027 51029 
> 51033 51036 51037 51041 51043 51047 51049 51051 51057 51061 51063 51065 51067 51071 51073 51075 51077 51079 51083 51085 51087 51093 51097 51099 51101 51103 51105 51107 51109 51111 
> 51113 51115 51117 51119 51125 51127 51131 51133 51135 51137 51139 51141 51145 51147 51155 51157 51159 51167 51169 51171 51173 51179 51181 51183 51185 51187 51193 51197 51510 51550 
> 51650 51700 51710 51740 51760 51770 51800 51810 53001 53003 53005 53007 53009 53011 53013 53015 53017 53019 53021 53025 53027 53029 53031 53033 53035 53037 53039 53041 53043 53045 
> 53047 53049 53051 53053 53055 53057 53059 53061 53063 53065 53067 53069 53071 53073 53075 53077 54001 54003 54005 54007 54009 54011 54013 54015 54017 54019 54021 54023 54025 54027 
> 54029 54031 54033 54035 54037 54039 54041 54043 54045 54047 54049 54051 54053 54055 54057 54059 54061 54063 54065 54067 54069 54071 54073 54075 54077 54079 54081 54083 54085 54087 
> 54089 54091 54093 54095 54097 54099 54101 54103 54105 54107 54109 55001 55003 55005 55007 55009 55011 55013 55015 55017 55019 55021 55023 55025 55027 55029 55031 55033 55035 55037 
> 55039 55041 55043 55045 55047 55049 55051 55053 55055 55057 55059 55061 55063 55065 55067 55069 55071 55073 55075 55077 55078 55079 55081 55083 55085 55087 55089 55091 55093 55095 
> 55097 55099 55101 55103 55105 55107 55109 55111 55113 55115 55117 55119 55121 55123 55125 55127 55129 55131 55133 55135 55137 55139 55141 56001 56003 56005 56007 56009 56011 56013 
> 56015 56019 56021 56023 56025 56029 56031 56033 56035 56037 56039 56041 56043 56045
Running regressions for 2849 counties (all sample)...
(file C:\Users\ji252\AppData\Local\Temp\ST_1cd48_000003.tmp not found)
Warning: Regression failed for fips 1023
Processing county 100 of 2849 (fips = 5035)...
Warning: Regression failed for fips 6049
Processing county 200 of 2849 (fips = 6087)...
Warning: Regression failed for fips 6091
Warning: Regression failed for fips 8023
Warning: Regression failed for fips 8025
Warning: Regression failed for fips 8095
Warning: Regression failed for fips 8099
Warning: Regression failed for fips 8113
Warning: Regression failed for fips 8121
Warning: Regression failed for fips 8125
Processing county 300 of 2849 (fips = 12057)...
Warning: Regression failed for fips 13007
Warning: Regression failed for fips 13037
Warning: Regression failed for fips 13065
Processing county 400 of 2849 (fips = 13127)...
Warning: Regression failed for fips 13243
Warning: Regression failed for fips 13259
Warning: Regression failed for fips 13317
Warning: Regression failed for fips 16007
Processing county 500 of 2849 (fips = 16011)...
Warning: Regression failed for fips 16071
Warning: Regression failed for fips 17013
Warning: Regression failed for fips 17069
Processing county 600 of 2849 (fips = 17131)...
Warning: Regression failed for fips 17151
Warning: Regression failed for fips 17153
Processing county 700 of 2849 (fips = 18127)...
Warning: Regression failed for fips 19003
Warning: Regression failed for fips 19009
Warning: Regression failed for fips 19093
Processing county 800 of 2849 (fips = 19143)...
Warning: Regression failed for fips 19159
Warning: Regression failed for fips 20019
Warning: Regression failed for fips 20067
Warning: Regression failed for fips 20105
Warning: Regression failed for fips 20109
Warning: Regression failed for fips 20119
Warning: Regression failed for fips 20165
Warning: Regression failed for fips 20171
Warning: Regression failed for fips 20185
Warning: Regression failed for fips 20193
Warning: Regression failed for fips 20195
Warning: Regression failed for fips 20201
Processing county 900 of 2849 (fips = 20207)...
Warning: Regression failed for fips 20207
Warning: Regression failed for fips 21057
Warning: Regression failed for fips 21129
Warning: Regression failed for fips 21159
Processing county 1000 of 2849 (fips = 21199)...
Warning: Regression failed for fips 21237
Processing county 1100 of 2849 (fips = 24003)...
Processing county 1200 of 2849 (fips = 26129)...
Warning: Regression failed for fips 26135
Warning: Regression failed for fips 26153
Warning: Regression failed for fips 27011
Warning: Regression failed for fips 27077
Warning: Regression failed for fips 27149
Processing county 1300 of 2849 (fips = 27169)...
Warning: Regression failed for fips 28053
Warning: Regression failed for fips 28125
Warning: Regression failed for fips 29033
Processing county 1400 of 2849 (fips = 29035)...
Warning: Regression failed for fips 29075
Warning: Regression failed for fips 29081
Warning: Regression failed for fips 29103
Warning: Regression failed for fips 29171
Warning: Regression failed for fips 29179
Warning: Regression failed for fips 29199
Processing county 1500 of 2849 (fips = 30009)...
Warning: Regression failed for fips 30051
Warning: Regression failed for fips 30085
Warning: Regression failed for fips 30097
Warning: Regression failed for fips 30101
Warning: Regression failed for fips 30105
Warning: Regression failed for fips 31011
Warning: Regression failed for fips 31027
Warning: Regression failed for fips 31033
Warning: Regression failed for fips 31045
Warning: Regression failed for fips 31061
Warning: Regression failed for fips 31063
Warning: Regression failed for fips 31065
Warning: Regression failed for fips 31073
Warning: Regression failed for fips 31089
Warning: Regression failed for fips 31105
Warning: Regression failed for fips 31147
Warning: Regression failed for fips 31161
Warning: Regression failed for fips 31163
Warning: Regression failed for fips 31169
Warning: Regression failed for fips 31173
Processing county 1600 of 2849 (fips = 31185)...
Warning: Regression failed for fips 32011
Warning: Regression failed for fips 32021
Warning: Regression failed for fips 36041
Processing county 1700 of 2849 (fips = 36049)...
Warning: Regression failed for fips 37005
Warning: Regression failed for fips 37075
Warning: Regression failed for fips 37095
Processing county 1800 of 2849 (fips = 37125)...
Warning: Regression failed for fips 37177
Warning: Regression failed for fips 38013
Warning: Regression failed for fips 38021
Warning: Regression failed for fips 38041
Warning: Regression failed for fips 38043
Warning: Regression failed for fips 38045
Warning: Regression failed for fips 38085
Processing county 1900 of 2849 (fips = 39059)...
Warning: Regression failed for fips 40043
Warning: Regression failed for fips 40059
Processing county 2000 of 2849 (fips = 40087)...
Warning: Regression failed for fips 40151
Warning: Regression failed for fips 41025
Warning: Regression failed for fips 42023
Processing county 2100 of 2849 (fips = 42069)...
Warning: Regression failed for fips 46003
Warning: Regression failed for fips 46007
Warning: Regression failed for fips 46015
Warning: Regression failed for fips 46023
Warning: Regression failed for fips 46037
Processing county 2200 of 2849 (fips = 46041)...
Warning: Regression failed for fips 46041
Warning: Regression failed for fips 46051
Warning: Regression failed for fips 46071
Warning: Regression failed for fips 46085
Warning: Regression failed for fips 46089
Warning: Regression failed for fips 46091
Warning: Regression failed for fips 46109
Warning: Regression failed for fips 46111
Warning: Regression failed for fips 47067
Processing county 2300 of 2849 (fips = 47143)...
Warning: Regression failed for fips 48023
Warning: Regression failed for fips 48079
Warning: Regression failed for fips 48105
Warning: Regression failed for fips 48129
Warning: Regression failed for fips 48151
Processing county 2400 of 2849 (fips = 48171)...
Warning: Regression failed for fips 48197
Warning: Regression failed for fips 48247
Warning: Regression failed for fips 48267
Warning: Regression failed for fips 48295
Warning: Regression failed for fips 48333
Warning: Regression failed for fips 48357
Warning: Regression failed for fips 48383
Processing county 2500 of 2849 (fips = 48405)...
Warning: Regression failed for fips 48413
Warning: Regression failed for fips 48429
Warning: Regression failed for fips 48435
Warning: Regression failed for fips 48461
Warning: Regression failed for fips 48483
Warning: Regression failed for fips 49017
Processing county 2600 of 2849 (fips = 51043)...
Warning: Regression failed for fips 51051
Processing county 2700 of 2849 (fips = 53075)...
Warning: Regression failed for fips 54013
Warning: Regression failed for fips 54071
Warning: Regression failed for fips 54075
Processing county 2800 of 2849 (fips = 55085)...
Warning: Regression failed for fips 56043
(132 missing values generated)
(132 missing values generated)
(132 missing values generated)
(132 missing values generated)
(131 missing values generated)
(131 missing values generated)
(131 missing values generated)
(131 missing values generated)

==========================================
Multnomah County Results:
==========================================

    Variable |        Obs        Mean    Std. dev.       Min        Max
-------------+---------------------------------------------------------
       b_out |          1    .1613764           .   .1613764   .1613764
        b_in |          1   -.1838134           .  -.1838134  -.1838134
  pctile_out |          1    96.61516           .   96.61516   96.61516
   pctile_in |          1     15.6365           .    15.6365    15.6365

Distribution of coefficients (all counties):

          Out-migration coefficient (County x Post)
-------------------------------------------------------------
      Percentiles      Smallest
 1%    -.5383406       -1.19288
 5%     -.335157      -1.137723
10%    -.2648458      -.9571632       Obs               2,718
25%    -.1752968      -.9061099       Sum of wgt.       2,718

50%    -.0950147                      Mean          -.0984475
                        Largest       Std. dev.      .1510096
75%    -.0148651       .5249667
90%     .0715168       .5295028       Variance       .0228039
95%     .1318129        .657543       Skewness      -.6088189
99%     .2670831       .6877741       Kurtosis       7.821162

          In-migration coefficient (County x Post)
-------------------------------------------------------------
      Percentiles      Smallest
 1%    -.5200218      -2.103586
 5%    -.3129183      -1.267102
10%     -.228109      -1.263287       Obs               2,718
25%     -.137919      -.9308209       Sum of wgt.       2,718

50%    -.0514831                      Mean          -.0449492
                        Largest       Std. dev.      .1779624
75%     .0539701       .6841459
90%     .1609409       .9048778       Variance       .0316706
95%     .2288452       1.068451       Skewness      -.6283486
99%     .3718513       1.437353       Kurtosis       14.50795
  variable multnomah was float now byte
  variable rank_b_out was float now int
  variable rank_b_in was float now int
  (19,943 bytes saved)
file C:/Users/ji252/Documents/GitHub/multnomah-county-tax/data/working/county_did_coefficients.dta saved
file C:/Users/ji252/Documents/GitHub/multnomah-county-tax/data/working/county_did_coefficients.csv saved
County coefficients saved to C:/Users/ji252/Documents/GitHub/multnomah-county-tax/data/working/county_did_coefficients.dta
Count of FIPS with non-missing in-migration flow coef.
  2,718
Count of FIPS with non-missing in-migration flow coef. greater than Multnomah
  425
  376
(425 real changes made)
Count of FIPS with non-missing out-migration flow coef.
  2,718
Count of FIPS with non-missing out-migration flow coef. greater than Multnomah
  92
  64
(92 real changes made)

           |        tag_out
    tag_in |         0          1 |     Total
-----------+----------------------+----------
         0 |     2,339         85 |     2,424 
         1 |       418          7 |       425 
-----------+----------------------+----------
     Total |     2,757         92 |     2,849 
(bin=50, start=-1.1928804, width=.03761309)
file C:/Users/ji252/Documents/GitHub/multnomah-county-tax/results/flows/fig_hist_out_b.png saved as PNG format
(bin=50, start=-2.103586, width=.07081878)
file C:/Users/ji252/Documents/GitHub/multnomah-county-tax/results/flows/fig_hist_in_b.png saved as PNG format
file C:/Users/ji252/Documents/GitHub/multnomah-county-tax/results/flows/fig_scatter_out_in_b.png saved as PNG format
(bin=50, start=-248.53001, width=6.6251346)
file C:/Users/ji252/Documents/GitHub/multnomah-county-tax/results/flows/fig_hist_out_t.png saved as PNG format
(bin=50, start=-273.59515, width=8.9837732)
file C:/Users/ji252/Documents/GitHub/multnomah-county-tax/results/flows/fig_hist_in_t.png saved as PNG format
file C:/Users/ji252/Documents/GitHub/multnomah-county-tax/results/flows/fig_scatter_out_in_t.png saved as PNG format
(dropped 10447 observations that are either singletons or separated by a fixed effect)
Iteration 1:   deviance = 2.8750e+06  eps = .         iters = 4    tol = 1.0e-04  min(eta) =  -2.82  P   
Iteration 2:   deviance = 6.3143e+05  eps = 3.55e+00  iters = 3    tol = 1.0e-04  min(eta) =  -3.25      
Iteration 3:   deviance = 5.8880e+05  eps = 7.24e-02  iters = 3    tol = 1.0e-04  min(eta) =  -3.39      
Iteration 4:   deviance = 5.8875e+05  eps = 8.34e-05  iters = 2    tol = 1.0e-04  min(eta) =  -3.40      
Iteration 5:   deviance = 5.8875e+05  eps = 5.95e-10  iters = 2    tol = 1.0e-05  min(eta) =  -3.40      
Iteration 6:   deviance = 5.8875e+05  eps = 0.00e+00  iters = 1    tol = 1.0e-06  min(eta) =  -3.40   S  
Iteration 7:   deviance = 5.8875e+05  eps = 1.93e-16  iters = 1    tol = 1.0e-09  min(eta) =  -3.40   S O
------------------------------------------------------------------------------------------------------------
(legend: p: exact partial-out   s: exact solver   h: step-halving   o: epsilon below tolerance)
Converged in 7 iterations and 16 HDFE sub-iterations (tol = 1.0e-08)

HDFE PPML regression                              No. of obs      =    331,655
Absorbing 2 HDFE groups                           Residual df     =     57,484
Statistics robust to heteroskedasticity           Wald chi2(18)   =    1369.29
Deviance             =  588750.1864               Prob > chi2     =     0.0000
Log pseudolikelihood = -1266760.004               Pseudo R2       =     0.9778

Number of clusters (flow_id)=     57,485
                                  (Std. err. adjusted for 57,485 clusters in flow_id)
-------------------------------------------------------------------------------------
                    |               Robust
                 n1 | Coefficient  std. err.      z    P>|z|     [95% conf. interval]
--------------------+----------------------------------------------------------------
         x_out_2016 |   .0077922   .0263958     0.30   0.768    -.0439427    .0595271
         x_out_2017 |    .078197   .0134486     5.81   0.000     .0518383    .1045556
         x_out_2018 |   .0010925   .0126651     0.09   0.931    -.0237307    .0259157
         x_out_2019 |  -.0124979   .0145334    -0.86   0.390    -.0409829     .015987
         x_out_2021 |   .0528212   .0139452     3.79   0.000     .0254891    .0801534
         x_out_2022 |   .0054972   .0268138     0.21   0.838    -.0470568    .0580512
          x_in_2016 |   .0867557   .0192393     4.51   0.000     .0490474    .1244641
          x_in_2017 |   .0339171   .0187846     1.81   0.071       -.0029    .0707342
          x_in_2018 |   .0101895   .0126008     0.81   0.419    -.0145077    .0348866
          x_in_2019 |   .0288109   .0121896     2.36   0.018     .0049198    .0527021
          x_in_2021 |  -.0504132   .0153158    -3.29   0.001    -.0804316   -.0203949
          x_in_2022 |  -.0390371   .0274721    -1.42   0.155    -.0928814    .0148073
            unemp_o |   .0234832   .0009523    24.66   0.000     .0216166    .0253497
            unemp_d |  -.0209885   .0009798   -21.42   0.000    -.0229089   -.0190681
              pop_o |   6.38e-08   3.11e-08     2.05   0.040     2.82e-09    1.25e-07
              pop_d |   3.63e-07   3.24e-08    11.21   0.000     3.00e-07    4.27e-07
per_capita_income_o |   2.14e-06   3.64e-07     5.87   0.000     1.42e-06    2.85e-06
per_capita_income_d |  -1.55e-06   2.83e-07    -5.48   0.000    -2.11e-06   -9.99e-07
              _cons |   5.639644   .0535688   105.28   0.000     5.534651    5.744637
-------------------------------------------------------------------------------------

Absorbed degrees of freedom:
-----------------------------------------------------+
 Absorbed FE | Categories  - Redundant  = Num. Coefs |
-------------+---------------------------------------|
        year |         7           1           6     |
     flow_id |     57485       57485           0    *|
-----------------------------------------------------+
* = FE nested within cluster; treated as redundant for DoF computation
(dropped 10447 observations that are either singletons or separated by a fixed effect)
Iteration 1:   deviance = 2.8997e+06  eps = .         iters = 4    tol = 1.0e-04  min(eta) =  -2.76  P   
Iteration 2:   deviance = 6.5448e+05  eps = 3.43e+00  iters = 3    tol = 1.0e-04  min(eta) =  -3.22      
Iteration 3:   deviance = 6.1184e+05  eps = 6.97e-02  iters = 3    tol = 1.0e-04  min(eta) =  -3.36      
Iteration 4:   deviance = 6.1179e+05  eps = 8.02e-05  iters = 2    tol = 1.0e-04  min(eta) =  -3.37      
Iteration 5:   deviance = 6.1179e+05  eps = 5.70e-10  iters = 2    tol = 1.0e-05  min(eta) =  -3.37      
Iteration 6:   deviance = 6.1179e+05  eps = 0.00e+00  iters = 1    tol = 1.0e-06  min(eta) =  -3.37   S  
Iteration 7:   deviance = 6.1179e+05  eps = 0.00e+00  iters = 1    tol = 1.0e-09  min(eta) =  -3.37   S O
------------------------------------------------------------------------------------------------------------
(legend: p: exact partial-out   s: exact solver   h: step-halving   o: epsilon below tolerance)
Converged in 7 iterations and 16 HDFE sub-iterations (tol = 1.0e-08)

HDFE PPML regression                              No. of obs      =    331,655
Absorbing 2 HDFE groups                           Residual df     =     57,484
Statistics robust to heteroskedasticity           Wald chi2(12)   =     292.60
Deviance             =   611790.574               Prob > chi2     =     0.0000
Log pseudolikelihood = -1278280.198               Pseudo R2       =     0.9776

Number of clusters (flow_id)=     57,485
                           (Std. err. adjusted for 57,485 clusters in flow_id)
------------------------------------------------------------------------------
             |               Robust
          n1 | Coefficient  std. err.      z    P>|z|     [95% conf. interval]
-------------+----------------------------------------------------------------
  x_out_2016 |  -.0207227   .0251516    -0.82   0.410    -.0700189    .0285734
  x_out_2017 |   .0514417   .0139207     3.70   0.000     .0241575    .0787258
  x_out_2018 |   -.021128   .0145344    -1.45   0.146    -.0496149    .0073588
  x_out_2019 |  -.0355977   .0163706    -2.17   0.030    -.0676835   -.0035119
  x_out_2021 |   .0427475   .0150927     2.83   0.005     .0131664    .0723286
  x_out_2022 |  -.0103509   .0297355    -0.35   0.728    -.0686313    .0479295
   x_in_2016 |   .1133658   .0169213     6.70   0.000     .0802007     .146531
   x_in_2017 |   .0587878   .0183291     3.21   0.001     .0228634    .0947122
   x_in_2018 |   .0297679   .0136095     2.19   0.029     .0030937    .0564421
   x_in_2019 |   .0488322   .0129534     3.77   0.000      .023444    .0742204
   x_in_2021 |  -.0419343   .0139285    -3.01   0.003    -.0692337   -.0146349
   x_in_2022 |  -.0308355   .0237204    -1.30   0.194    -.0773267    .0156557
       _cons |   6.165648    .000064  9.6e+04   0.000     6.165522    6.165773
------------------------------------------------------------------------------

Absorbed degrees of freedom:
-----------------------------------------------------+
 Absorbed FE | Categories  - Redundant  = Num. Coefs |
-------------+---------------------------------------|
        year |         7           1           6     |
     flow_id |     57485       57485           0    *|
-----------------------------------------------------+
* = FE nested within cluster; treated as redundant for DoF computation
Number of observations (_N) was 0, now 7.
(7 missing values generated)
(7 missing values generated)
(7 missing values generated)
(7 missing values generated)
(7 missing values generated)
(7 missing values generated)
(7 missing values generated)
(7 missing values generated)
(7 missing values generated)
(7 missing values generated)
(7 missing values generated)
(7 missing values generated)
(results n1_es_with_covars are active now)
(1 real change made)
(1 real change made)
(1 real change made)
(1 real change made)
(1 real change made)
(1 real change made)
(results n1_es_no_covars are active now)
(1 real change made)
(1 real change made)
(1 real change made)
(1 real change made)
(1 real change made)
(1 real change made)
(results n1_es_with_covars are active now)
(1 real change made)
(1 real change made)
(1 real change made)
(1 real change made)
(1 real change made)
(1 real change made)
(results n1_es_no_covars are active now)
(1 real change made)
(1 real change made)
(1 real change made)
(1 real change made)
(1 real change made)
(1 real change made)
(results n1_es_with_covars are active now)
(1 real change made)
(1 real change made)
(1 real change made)
(1 real change made)
(1 real change made)
(1 real change made)
(results n1_es_no_covars are active now)
(1 real change made)
(1 real change made)
(1 real change made)
(1 real change made)
(1 real change made)
(1 real change made)
(results n1_es_with_covars are active now)
(1 real change made)
(1 real change made)
(1 real change made)
(1 real change made)
(1 real change made)
(1 real change made)
(results n1_es_no_covars are active now)
(1 real change made)
(1 real change made)
(1 real change made)
(1 real change made)
(1 real change made)
(1 real change made)
(results n1_es_with_covars are active now)
(1 real change made)
(1 real change made)
(1 real change made)
(1 real change made)
(1 real change made)
(1 real change made)
(results n1_es_no_covars are active now)
(1 real change made)
(1 real change made)
(1 real change made)
(1 real change made)
(1 real change made)
(1 real change made)
(results n1_es_with_covars are active now)
(1 real change made)
(1 real change made)
(1 real change made)
(1 real change made)
(1 real change made)
(1 real change made)
(results n1_es_no_covars are active now)
(1 real change made)
(1 real change made)
(1 real change made)
(1 real change made)
(1 real change made)
(1 real change made)
(1 real change made)
(1 real change made)
(1 real change made)
(1 real change made)
(1 real change made)
(1 real change made)
(1 real change made)
(1 real change made)
(1 real change made)
(1 real change made)
(1 real change made)
(1 real change made)
file C:/Users/ji252/Documents/GitHub/multnomah-county-tax/results/flows/fig_multnomah_out_n1.png saved as PNG format
file C:/Users/ji252/Documents/GitHub/multnomah-county-tax/results/flows/fig_multnomah_in_n1.png saved as PNG format
file C:/Users/ji252/Documents/GitHub/multnomah-county-tax/results/flows/fig_multnomah_both_n1.png saved as PNG format
(dropped 10447 observations that are either singletons or separated by a fixed effect)
Iteration 1:   deviance = 5.4779e+06  eps = .         iters = 4    tol = 1.0e-04  min(eta) =  -2.91  P   
Iteration 2:   deviance = 1.4125e+06  eps = 2.88e+00  iters = 3    tol = 1.0e-04  min(eta) =  -3.54      
Iteration 3:   deviance = 1.3300e+06  eps = 6.20e-02  iters = 3    tol = 1.0e-04  min(eta) =  -3.81      
Iteration 4:   deviance = 1.3298e+06  eps = 1.14e-04  iters = 2    tol = 1.0e-04  min(eta) =  -3.85      
Iteration 5:   deviance = 1.3298e+06  eps = 4.79e-09  iters = 1    tol = 1.0e-04  min(eta) =  -3.85      
Iteration 6:   deviance = 1.3298e+06  eps = 1.64e-14  iters = 1    tol = 1.0e-05  min(eta) =  -3.85   S  
Iteration 7:   deviance = 1.3298e+06  eps = 0.00e+00  iters = 2    tol = 1.0e-09  min(eta) =  -3.85   S O
------------------------------------------------------------------------------------------------------------
(legend: p: exact partial-out   s: exact solver   h: step-halving   o: epsilon below tolerance)
Converged in 7 iterations and 16 HDFE sub-iterations (tol = 1.0e-08)

HDFE PPML regression                              No. of obs      =    331,655
Absorbing 2 HDFE groups                           Residual df     =     57,484
Statistics robust to heteroskedasticity           Wald chi2(18)   =    1380.66
Deviance             =  1329800.732               Prob > chi2     =     0.0000
Log pseudolikelihood = -1733404.744               Pseudo R2       =     0.9830

Number of clusters (flow_id)=     57,485
                                  (Std. err. adjusted for 57,485 clusters in flow_id)
-------------------------------------------------------------------------------------
                    |               Robust
                 n2 | Coefficient  std. err.      z    P>|z|     [95% conf. interval]
--------------------+----------------------------------------------------------------
         x_out_2016 |   .0411434   .0274745     1.50   0.134    -.0127056    .0949924
         x_out_2017 |   .0971678   .0161089     6.03   0.000     .0655949    .1287408
         x_out_2018 |   .0054287   .0136316     0.40   0.690    -.0212887    .0321462
         x_out_2019 |  -.0150577   .0178773    -0.84   0.400    -.0500966    .0199811
         x_out_2021 |   .0711657   .0125455     5.67   0.000     .0465769    .0957545
         x_out_2022 |   .0177255   .0236654     0.75   0.454    -.0286578    .0641089
          x_in_2016 |   .1040875   .0203277     5.12   0.000      .064246    .1439291
          x_in_2017 |   .0401574   .0159455     2.52   0.012     .0089047      .07141
          x_in_2018 |    .025335   .0133579     1.90   0.058     -.000846     .051516
          x_in_2019 |   .0410372   .0114538     3.58   0.000     .0185883    .0634862
          x_in_2021 |  -.0404705   .0162094    -2.50   0.013    -.0722403   -.0087006
          x_in_2022 |  -.0238473   .0266927    -0.89   0.372     -.076164    .0284693
            unemp_o |   .0221362    .000997    22.20   0.000      .020182    .0240904
            unemp_d |  -.0230047   .0010524   -21.86   0.000    -.0250674    -.020942
              pop_o |   5.15e-08   3.16e-08     1.63   0.103    -1.04e-08    1.13e-07
              pop_d |   3.62e-07   3.00e-08    12.05   0.000     3.03e-07    4.20e-07
per_capita_income_o |   2.55e-06   3.77e-07     6.77   0.000     1.81e-06    3.29e-06
per_capita_income_d |  -2.00e-06   3.04e-07    -6.60   0.000    -2.60e-06   -1.41e-06
              _cons |   6.279335    .053955   116.38   0.000     6.173585    6.385084
-------------------------------------------------------------------------------------

Absorbed degrees of freedom:
-----------------------------------------------------+
 Absorbed FE | Categories  - Redundant  = Num. Coefs |
-------------+---------------------------------------|
        year |         7           1           6     |
     flow_id |     57485       57485           0    *|
-----------------------------------------------------+
* = FE nested within cluster; treated as redundant for DoF computation
(dropped 10447 observations that are either singletons or separated by a fixed effect)
Iteration 1:   deviance = 5.5224e+06  eps = .         iters = 4    tol = 1.0e-04  min(eta) =  -2.89  P   
Iteration 2:   deviance = 1.4545e+06  eps = 2.80e+00  iters = 3    tol = 1.0e-04  min(eta) =  -3.50      
Iteration 3:   deviance = 1.3720e+06  eps = 6.01e-02  iters = 3    tol = 1.0e-04  min(eta) =  -3.76      
Iteration 4:   deviance = 1.3719e+06  eps = 1.11e-04  iters = 2    tol = 1.0e-04  min(eta) =  -3.80      
Iteration 5:   deviance = 1.3719e+06  eps = 4.60e-09  iters = 1    tol = 1.0e-04  min(eta) =  -3.80      
Iteration 6:   deviance = 1.3719e+06  eps = 1.57e-14  iters = 1    tol = 1.0e-05  min(eta) =  -3.80   S  
Iteration 7:   deviance = 1.3719e+06  eps = 1.50e-16  iters = 2    tol = 1.0e-09  min(eta) =  -3.80   S O
------------------------------------------------------------------------------------------------------------
(legend: p: exact partial-out   s: exact solver   h: step-halving   o: epsilon below tolerance)
Converged in 7 iterations and 16 HDFE sub-iterations (tol = 1.0e-08)

HDFE PPML regression                              No. of obs      =    331,655
Absorbing 2 HDFE groups                           Residual df     =     57,484
Statistics robust to heteroskedasticity           Wald chi2(12)   =     310.12
Deviance             =  1371865.239               Prob > chi2     =     0.0000
Log pseudolikelihood = -1754436.998               Pseudo R2       =     0.9828

Number of clusters (flow_id)=     57,485
                           (Std. err. adjusted for 57,485 clusters in flow_id)
------------------------------------------------------------------------------
             |               Robust
          n2 | Coefficient  std. err.      z    P>|z|     [95% conf. interval]
-------------+----------------------------------------------------------------
  x_out_2016 |   .0124671   .0247094     0.50   0.614    -.0359624    .0608965
  x_out_2017 |   .0712384   .0145931     4.88   0.000     .0426364    .0998404
  x_out_2018 |  -.0174078   .0139605    -1.25   0.212    -.0447699    .0099543
  x_out_2019 |  -.0386172   .0183871    -2.10   0.036    -.0746552   -.0025792
  x_out_2021 |   .0610758    .013507     4.52   0.000     .0346025     .087549
  x_out_2022 |   .0006962   .0267529     0.03   0.979    -.0517385     .053131
   x_in_2016 |   .1350954   .0178189     7.58   0.000     .1001709    .1700199
   x_in_2017 |   .0694252   .0153947     4.51   0.000     .0392521    .0995983
   x_in_2018 |    .048123    .015017     3.20   0.001     .0186902    .0775557
   x_in_2019 |   .0642632   .0130424     4.93   0.000     .0387007    .0898258
   x_in_2021 |  -.0315087   .0150406    -2.09   0.036    -.0609878   -.0020296
   x_in_2022 |  -.0147227    .023039    -0.64   0.523    -.0598784    .0304329
       _cons |   6.749325   .0000521  1.3e+05   0.000     6.749223    6.749427
------------------------------------------------------------------------------

Absorbed degrees of freedom:
-----------------------------------------------------+
 Absorbed FE | Categories  - Redundant  = Num. Coefs |
-------------+---------------------------------------|
        year |         7           1           6     |
     flow_id |     57485       57485           0    *|
-----------------------------------------------------+
* = FE nested within cluster; treated as redundant for DoF computation
Number of observations (_N) was 0, now 7.
(7 missing values generated)
(7 missing values generated)
(7 missing values generated)
(7 missing values generated)
(7 missing values generated)
(7 missing values generated)
(7 missing values generated)
(7 missing values generated)
(7 missing values generated)
(7 missing values generated)
(7 missing values generated)
(7 missing values generated)
(results n2_es_with_covars are active now)
(1 real change made)
(1 real change made)
(1 real change made)
(1 real change made)
(1 real change made)
(1 real change made)
(results n2_es_no_covars are active now)
(1 real change made)
(1 real change made)
(1 real change made)
(1 real change made)
(1 real change made)
(1 real change made)
(results n2_es_with_covars are active now)
(1 real change made)
(1 real change made)
(1 real change made)
(1 real change made)
(1 real change made)
(1 real change made)
(results n2_es_no_covars are active now)
(1 real change made)
(1 real change made)
(1 real change made)
(1 real change made)
(1 real change made)
(1 real change made)
(results n2_es_with_covars are active now)
(1 real change made)
(1 real change made)
(1 real change made)
(1 real change made)
(1 real change made)
(1 real change made)
(results n2_es_no_covars are active now)
(1 real change made)
(1 real change made)
(1 real change made)
(1 real change made)
(1 real change made)
(1 real change made)
(results n2_es_with_covars are active now)
(1 real change made)
(1 real change made)
(1 real change made)
(1 real change made)
(1 real change made)
(1 real change made)
(results n2_es_no_covars are active now)
(1 real change made)
(1 real change made)
(1 real change made)
(1 real change made)
(1 real change made)
(1 real change made)
(results n2_es_with_covars are active now)
(1 real change made)
(1 real change made)
(1 real change made)
(1 real change made)
(1 real change made)
(1 real change made)
(results n2_es_no_covars are active now)
(1 real change made)
(1 real change made)
(1 real change made)
(1 real change made)
(1 real change made)
(1 real change made)
(results n2_es_with_covars are active now)
(1 real change made)
(1 real change made)
(1 real change made)
(1 real change made)
(1 real change made)
(1 real change made)
(results n2_es_no_covars are active now)
(1 real change made)
(1 real change made)
(1 real change made)
(1 real change made)
(1 real change made)
(1 real change made)
(1 real change made)
(1 real change made)
(1 real change made)
(1 real change made)
(1 real change made)
(1 real change made)
(1 real change made)
(1 real change made)
(1 real change made)
(1 real change made)
(1 real change made)
(1 real change made)
file C:/Users/ji252/Documents/GitHub/multnomah-county-tax/results/flows/fig_multnomah_out_n2.png saved as PNG format
file C:/Users/ji252/Documents/GitHub/multnomah-county-tax/results/flows/fig_multnomah_in_n2.png saved as PNG format
file C:/Users/ji252/Documents/GitHub/multnomah-county-tax/results/flows/fig_multnomah_both_n2.png saved as PNG format
(dropped 10447 observations that are either singletons or separated by a fixed effect)
Iteration 1:   deviance = 4.0051e+08  eps = .         iters = 4    tol = 1.0e-04  min(eta) =  -3.59  P   
Iteration 2:   deviance = 1.6973e+08  eps = 1.36e+00  iters = 3    tol = 1.0e-04  min(eta) =  -4.22      
Iteration 3:   deviance = 1.6097e+08  eps = 5.44e-02  iters = 3    tol = 1.0e-04  min(eta) =  -5.14      
Iteration 4:   deviance = 1.6084e+08  eps = 7.90e-04  iters = 2    tol = 1.0e-04  min(eta) =  -5.94      
Iteration 5:   deviance = 1.6084e+08  eps = 3.38e-06  iters = 2    tol = 1.0e-04  min(eta) =  -6.50      
Iteration 6:   deviance = 1.6084e+08  eps = 5.80e-08  iters = 2    tol = 1.0e-05  min(eta) =  -6.73   S  
Iteration 7:   deviance = 1.6084e+08  eps = 6.22e-10  iters = 2    tol = 1.0e-07  min(eta) =  -6.76   S O
------------------------------------------------------------------------------------------------------------
(legend: p: exact partial-out   s: exact solver   h: step-halving   o: epsilon below tolerance)
Converged in 7 iterations and 18 HDFE sub-iterations (tol = 1.0e-08)

HDFE PPML regression                              No. of obs      =    331,655
Absorbing 2 HDFE groups                           Residual df     =     57,484
Statistics robust to heteroskedasticity           Wald chi2(18)   =     555.94
Deviance             =  160838134.5               Prob > chi2     =     0.0000
Log pseudolikelihood = -82064460.77               Pseudo R2       =     0.9826

Number of clusters (flow_id)=     57,485
                                  (Std. err. adjusted for 57,485 clusters in flow_id)
-------------------------------------------------------------------------------------
                    |               Robust
                agi | Coefficient  std. err.      z    P>|z|     [95% conf. interval]
--------------------+----------------------------------------------------------------
         x_out_2016 |  -.0793981   .0751445    -1.06   0.291    -.2266786    .0678825
         x_out_2017 |   .0432722   .0553985     0.78   0.435     -.065307    .1518513
         x_out_2018 |  -.0030317   .0695915    -0.04   0.965    -.1394286    .1333652
         x_out_2019 |   .0206898   .0479097     0.43   0.666    -.0732114     .114591
         x_out_2021 |   .1602645   .0253912     6.31   0.000     .1104987    .2100304
         x_out_2022 |   .1649861     .05136     3.21   0.001     .0643222    .2656499
          x_in_2016 |    .115614   .0266841     4.33   0.000     .0633142    .1679138
          x_in_2017 |    .054514   .0317076     1.72   0.086    -.0076318    .1166597
          x_in_2018 |   .0203735   .0341646     0.60   0.551    -.0465879     .087335
          x_in_2019 |   .0596929    .028621     2.09   0.037     .0035968    .1157891
          x_in_2021 |  -.1288232   .0318561    -4.04   0.000      -.19126   -.0663863
          x_in_2022 |   -.141886   .0382333    -3.71   0.000     -.216822   -.0669501
            unemp_o |   .0423254   .0054902     7.71   0.000     .0315647    .0530861
            unemp_d |   -.044156   .0038263   -11.54   0.000    -.0516555   -.0366565
              pop_o |  -2.80e-07   6.37e-08    -4.39   0.000    -4.05e-07   -1.55e-07
              pop_d |   4.64e-07   7.73e-08     6.00   0.000     3.12e-07    6.15e-07
per_capita_income_o |   8.23e-06   9.26e-07     8.89   0.000     6.41e-06      .00001
per_capita_income_d |   1.41e-06   8.43e-07     1.67   0.095    -2.46e-07    3.06e-06
              _cons |   9.822058    .142746    68.81   0.000     9.542281    10.10183
-------------------------------------------------------------------------------------

Absorbed degrees of freedom:
-----------------------------------------------------+
 Absorbed FE | Categories  - Redundant  = Num. Coefs |
-------------+---------------------------------------|
        year |         7           1           6     |
     flow_id |     57485       57485           0    *|
-----------------------------------------------------+
* = FE nested within cluster; treated as redundant for DoF computation
(dropped 10447 observations that are either singletons or separated by a fixed effect)
Iteration 1:   deviance = 4.1408e+08  eps = .         iters = 4    tol = 1.0e-04  min(eta) =  -3.33  P   
Iteration 2:   deviance = 1.7946e+08  eps = 1.31e+00  iters = 3    tol = 1.0e-04  min(eta) =  -4.22      
Iteration 3:   deviance = 1.7042e+08  eps = 5.30e-02  iters = 3    tol = 1.0e-04  min(eta) =  -5.14      
Iteration 4:   deviance = 1.7029e+08  eps = 7.55e-04  iters = 2    tol = 1.0e-04  min(eta) =  -5.94      
Iteration 5:   deviance = 1.7029e+08  eps = 3.11e-06  iters = 2    tol = 1.0e-04  min(eta) =  -6.50      
Iteration 6:   deviance = 1.7029e+08  eps = 5.48e-08  iters = 2    tol = 1.0e-05  min(eta) =  -6.73   S  
Iteration 7:   deviance = 1.7029e+08  eps = 5.88e-10  iters = 2    tol = 1.0e-07  min(eta) =  -6.76   S O
------------------------------------------------------------------------------------------------------------
(legend: p: exact partial-out   s: exact solver   h: step-halving   o: epsilon below tolerance)
Converged in 7 iterations and 18 HDFE sub-iterations (tol = 1.0e-08)

HDFE PPML regression                              No. of obs      =    331,655
Absorbing 2 HDFE groups                           Residual df     =     57,484
Statistics robust to heteroskedasticity           Wald chi2(12)   =     225.66
Deviance             =  170292619.8               Prob > chi2     =     0.0000
Log pseudolikelihood = -86791703.41               Pseudo R2       =     0.9816

Number of clusters (flow_id)=     57,485
                           (Std. err. adjusted for 57,485 clusters in flow_id)
------------------------------------------------------------------------------
             |               Robust
         agi | Coefficient  std. err.      z    P>|z|     [95% conf. interval]
-------------+----------------------------------------------------------------
  x_out_2016 |  -.1365848   .0719544    -1.90   0.058    -.2776129    .0044433
  x_out_2017 |  -.0100139   .0529181    -0.19   0.850    -.1137315    .0937037
  x_out_2018 |  -.0457715   .0657346    -0.70   0.486    -.1746091     .083066
  x_out_2019 |  -.0224142   .0481263    -0.47   0.641      -.11674    .0719117
  x_out_2021 |   .1329048   .0280093     4.75   0.000     .0780075    .1878021
  x_out_2022 |   .1326738   .0570336     2.33   0.020     .0208899    .2444577
   x_in_2016 |    .145421   .0276229     5.26   0.000      .091281    .1995609
   x_in_2017 |   .0854908   .0351823     2.43   0.015     .0165347    .1544469
   x_in_2018 |   .0447531   .0380788     1.18   0.240    -.0298801    .1193862
   x_in_2019 |   .0868904   .0320241     2.71   0.007     .0241242    .1496565
   x_in_2021 |  -.1045955   .0305042    -3.43   0.001    -.1643825   -.0448085
   x_in_2022 |   -.121919   .0337755    -3.61   0.000    -.1881178   -.0557201
       _cons |   10.64789    .000167  6.4e+04   0.000     10.64756    10.64822
------------------------------------------------------------------------------

Absorbed degrees of freedom:
-----------------------------------------------------+
 Absorbed FE | Categories  - Redundant  = Num. Coefs |
-------------+---------------------------------------|
        year |         7           1           6     |
     flow_id |     57485       57485           0    *|
-----------------------------------------------------+
* = FE nested within cluster; treated as redundant for DoF computation
Number of observations (_N) was 0, now 7.
(7 missing values generated)
(7 missing values generated)
(7 missing values generated)
(7 missing values generated)
(7 missing values generated)
(7 missing values generated)
(7 missing values generated)
(7 missing values generated)
(7 missing values generated)
(7 missing values generated)
(7 missing values generated)
(7 missing values generated)
(results agi_es_with_covars are active now)
(1 real change made)
(1 real change made)
(1 real change made)
(1 real change made)
(1 real change made)
(1 real change made)
(results agi_es_no_covars are active now)
(1 real change made)
(1 real change made)
(1 real change made)
(1 real change made)
(1 real change made)
(1 real change made)
(results agi_es_with_covars are active now)
(1 real change made)
(1 real change made)
(1 real change made)
(1 real change made)
(1 real change made)
(1 real change made)
(results agi_es_no_covars are active now)
(1 real change made)
(1 real change made)
(1 real change made)
(1 real change made)
(1 real change made)
(1 real change made)
(results agi_es_with_covars are active now)
(1 real change made)
(1 real change made)
(1 real change made)
(1 real change made)
(1 real change made)
(1 real change made)
(results agi_es_no_covars are active now)
(1 real change made)
(1 real change made)
(1 real change made)
(1 real change made)
(1 real change made)
(1 real change made)
(results agi_es_with_covars are active now)
(1 real change made)
(1 real change made)
(1 real change made)
(1 real change made)
(1 real change made)
(1 real change made)
(results agi_es_no_covars are active now)
(1 real change made)
(1 real change made)
(1 real change made)
(1 real change made)
(1 real change made)
(1 real change made)
(results agi_es_with_covars are active now)
(1 real change made)
(1 real change made)
(1 real change made)
(1 real change made)
(1 real change made)
(1 real change made)
(results agi_es_no_covars are active now)
(1 real change made)
(1 real change made)
(1 real change made)
(1 real change made)
(1 real change made)
(1 real change made)
(results agi_es_with_covars are active now)
(1 real change made)
(1 real change made)
(1 real change made)
(1 real change made)
(1 real change made)
(1 real change made)
(results agi_es_no_covars are active now)
(1 real change made)
(1 real change made)
(1 real change made)
(1 real change made)
(1 real change made)
(1 real change made)
(1 real change made)
(1 real change made)
(1 real change made)
(1 real change made)
(1 real change made)
(1 real change made)
(1 real change made)
(1 real change made)
(1 real change made)
(1 real change made)
(1 real change made)
(1 real change made)
file C:/Users/ji252/Documents/GitHub/multnomah-county-tax/results/flows/fig_multnomah_out_agi.png saved as PNG format
file C:/Users/ji252/Documents/GitHub/multnomah-county-tax/results/flows/fig_multnomah_in_agi.png saved as PNG format
file C:/Users/ji252/Documents/GitHub/multnomah-county-tax/results/flows/fig_multnomah_both_agi.png saved as PNG format

========================================================================
RUNNING ANALYSIS FOR SAMPLE: acs
Sample condition: & acs_flow == 1
Covariates: unemp_* pop_* per_capita_income_* prop_rate_mean_o prop_rate_mean_d
========================================================================

(dropped 3389 observations that are either singletons or separated by a fixed effect)
Iteration 1:   deviance = 1.9778e+06  eps = .         iters = 4    tol = 1.0e-04  min(eta) =  -2.88  P   
Iteration 2:   deviance = 3.3937e+05  eps = 4.83e+00  iters = 3    tol = 1.0e-04  min(eta) =  -3.48      
Iteration 3:   deviance = 2.9123e+05  eps = 1.65e-01  iters = 3    tol = 1.0e-04  min(eta) =  -3.71      
Iteration 4:   deviance = 2.9102e+05  eps = 7.29e-04  iters = 2    tol = 1.0e-04  min(eta) =  -3.74      
Iteration 5:   deviance = 2.9102e+05  eps = 5.68e-08  iters = 2    tol = 1.0e-04  min(eta) =  -3.74      
Iteration 6:   deviance = 2.9102e+05  eps = 9.61e-16  iters = 1    tol = 1.0e-05  min(eta) =  -3.74   S  
Iteration 7:   deviance = 2.9102e+05  eps = 1.37e-16  iters = 1    tol = 1.0e-09  min(eta) =  -3.74   S O
------------------------------------------------------------------------------------------------------------
(legend: p: exact partial-out   s: exact solver   h: step-halving   o: epsilon below tolerance)
Converged in 7 iterations and 16 HDFE sub-iterations (tol = 1.0e-08)

HDFE PPML regression                              No. of obs      =    129,600
Absorbing 2 HDFE groups                           Residual df     =     22,046
Statistics robust to heteroskedasticity           Wald chi2(10)   =     679.39
Deviance             =  291015.7779               Prob > chi2     =     0.0000
Log pseudolikelihood = -533368.3743               Pseudo R2       =     0.9851

Number of clusters (flow_id)=     22,047
                                   (Std. err. adjusted for 22,047 clusters in flow_id)
--------------------------------------------------------------------------------------
                     |               Robust
                  n1 | Coefficient  std. err.      z    P>|z|     [95% conf. interval]
---------------------+----------------------------------------------------------------
1.out_multnomah_post |  -.0022129   .0235929    -0.09   0.925     -.048454    .0440283
 1.in_multnomah_post |  -.0846358   .0168906    -5.01   0.000    -.1177409   -.0515308
             unemp_o |   .0229647   .0013063    17.58   0.000     .0204044    .0255251
             unemp_d |  -.0190961   .0014121   -13.52   0.000    -.0218638   -.0163284
               pop_o |   7.22e-09   2.60e-08     0.28   0.781    -4.38e-08    5.83e-08
               pop_d |   3.86e-07   3.88e-08     9.95   0.000     3.10e-07    4.62e-07
 per_capita_income_o |   1.12e-06   5.10e-07     2.19   0.028     1.19e-07    2.12e-06
 per_capita_income_d |  -1.67e-06   4.07e-07    -4.10   0.000    -2.46e-06   -8.69e-07
    prop_rate_mean_o |  -.0056646   .0020497    -2.76   0.006     -.009682   -.0016473
    prop_rate_mean_d |  -.0001682   .0020167    -0.08   0.934    -.0041209    .0037844
               _cons |   6.125872   .0784274    78.11   0.000     5.972157    6.279587
--------------------------------------------------------------------------------------

Absorbed degrees of freedom:
-----------------------------------------------------+
 Absorbed FE | Categories  - Redundant  = Num. Coefs |
-------------+---------------------------------------|
        year |         7           1           6     |
     flow_id |     22047       22047           0    *|
-----------------------------------------------------+
* = FE nested within cluster; treated as redundant for DoF computation
(dropped 3389 observations that are either singletons or separated by a fixed effect)
Iteration 1:   deviance = 1.9948e+06  eps = .         iters = 4    tol = 1.0e-04  min(eta) =  -2.86  P   
Iteration 2:   deviance = 3.5534e+05  eps = 4.61e+00  iters = 3    tol = 1.0e-04  min(eta) =  -3.44      
Iteration 3:   deviance = 3.0721e+05  eps = 1.57e-01  iters = 3    tol = 1.0e-04  min(eta) =  -3.68      
Iteration 4:   deviance = 3.0700e+05  eps = 6.90e-04  iters = 2    tol = 1.0e-04  min(eta) =  -3.71      
Iteration 5:   deviance = 3.0700e+05  eps = 5.37e-08  iters = 2    tol = 1.0e-04  min(eta) =  -3.71      
Iteration 6:   deviance = 3.0700e+05  eps = 9.11e-16  iters = 1    tol = 1.0e-05  min(eta) =  -3.71   S  
Iteration 7:   deviance = 3.0700e+05  eps = 0.00e+00  iters = 1    tol = 1.0e-09  min(eta) =  -3.71   S O
------------------------------------------------------------------------------------------------------------
(legend: p: exact partial-out   s: exact solver   h: step-halving   o: epsilon below tolerance)
Converged in 7 iterations and 16 HDFE sub-iterations (tol = 1.0e-08)

HDFE PPML regression                              No. of obs      =    129,600
Absorbing 2 HDFE groups                           Residual df     =     22,046
Statistics robust to heteroskedasticity           Wald chi2(2)    =      34.36
Deviance             =  306996.4457               Prob > chi2     =     0.0000
Log pseudolikelihood = -541358.7081               Pseudo R2       =     0.9849

Number of clusters (flow_id)=     22,047
                                   (Std. err. adjusted for 22,047 clusters in flow_id)
--------------------------------------------------------------------------------------
                     |               Robust
                  n1 | Coefficient  std. err.      z    P>|z|     [95% conf. interval]
---------------------+----------------------------------------------------------------
1.out_multnomah_post |   .0032104   .0243075     0.13   0.895    -.0444315    .0508523
 1.in_multnomah_post |  -.0965589   .0164903    -5.86   0.000    -.1288792   -.0642386
               _cons |    6.70651   .0000597  1.1e+05   0.000     6.706393    6.706627
--------------------------------------------------------------------------------------

Absorbed degrees of freedom:
-----------------------------------------------------+
 Absorbed FE | Categories  - Redundant  = Num. Coefs |
-------------+---------------------------------------|
        year |         7           1           6     |
     flow_id |     22047       22047           0    *|
-----------------------------------------------------+
* = FE nested within cluster; treated as redundant for DoF computation
(file C:/Users/ji252/Documents/GitHub/multnomah-county-tax/results/flows/fig_multnomah_post_n1_acs.png not found)
file C:/Users/ji252/Documents/GitHub/multnomah-county-tax/results/flows/fig_multnomah_post_n1_acs.png saved as PNG format
(dropped 3389 observations that are either singletons or separated by a fixed effect)
Iteration 1:   deviance = 3.6622e+06  eps = .         iters = 4    tol = 1.0e-04  min(eta) =  -3.00  P   
Iteration 2:   deviance = 7.1966e+05  eps = 4.09e+00  iters = 3    tol = 1.0e-04  min(eta) =  -3.70      
Iteration 3:   deviance = 6.2926e+05  eps = 1.44e-01  iters = 3    tol = 1.0e-04  min(eta) =  -4.08      
Iteration 4:   deviance = 6.2873e+05  eps = 8.40e-04  iters = 2    tol = 1.0e-04  min(eta) =  -4.17      
Iteration 5:   deviance = 6.2873e+05  eps = 1.99e-07  iters = 2    tol = 1.0e-04  min(eta) =  -4.17      
Iteration 6:   deviance = 6.2873e+05  eps = 1.03e-13  iters = 1    tol = 1.0e-05  min(eta) =  -4.17   S  
Iteration 7:   deviance = 6.2873e+05  eps = 0.00e+00  iters = 1    tol = 1.0e-08  min(eta) =  -4.17   S O
------------------------------------------------------------------------------------------------------------
(legend: p: exact partial-out   s: exact solver   h: step-halving   o: epsilon below tolerance)
Converged in 7 iterations and 16 HDFE sub-iterations (tol = 1.0e-08)

HDFE PPML regression                              No. of obs      =    129,600
Absorbing 2 HDFE groups                           Residual df     =     22,046
Statistics robust to heteroskedasticity           Wald chi2(10)   =     645.69
Deviance             =  628730.0175               Prob > chi2     =     0.0000
Log pseudolikelihood = -737640.9381               Pseudo R2       =     0.9885

Number of clusters (flow_id)=     22,047
                                   (Std. err. adjusted for 22,047 clusters in flow_id)
--------------------------------------------------------------------------------------
                     |               Robust
                  n2 | Coefficient  std. err.      z    P>|z|     [95% conf. interval]
---------------------+----------------------------------------------------------------
1.out_multnomah_post |  -.0016164   .0193979    -0.08   0.934    -.0396356    .0364027
 1.in_multnomah_post |   -.084359   .0158222    -5.33   0.000      -.11537    -.053348
             unemp_o |   .0216645   .0013954    15.53   0.000     .0189295    .0243995
             unemp_d |  -.0207735   .0015576   -13.34   0.000    -.0238264   -.0177206
               pop_o |  -6.75e-09   2.84e-08    -0.24   0.812    -6.24e-08    4.89e-08
               pop_d |   4.05e-07   3.62e-08    11.19   0.000     3.34e-07    4.76e-07
 per_capita_income_o |   1.62e-06   5.18e-07     3.12   0.002     6.00e-07    2.63e-06
 per_capita_income_d |  -2.04e-06   4.34e-07    -4.70   0.000    -2.89e-06   -1.19e-06
    prop_rate_mean_o |  -.0054931   .0021535    -2.55   0.011    -.0097139   -.0012723
    prop_rate_mean_d |  -.0005758   .0021315    -0.27   0.787    -.0047535    .0036019
               _cons |   6.744748   .0806006    83.68   0.000     6.586774    6.902722
--------------------------------------------------------------------------------------

Absorbed degrees of freedom:
-----------------------------------------------------+
 Absorbed FE | Categories  - Redundant  = Num. Coefs |
-------------+---------------------------------------|
        year |         7           1           6     |
     flow_id |     22047       22047           0    *|
-----------------------------------------------------+
* = FE nested within cluster; treated as redundant for DoF computation
(dropped 3389 observations that are either singletons or separated by a fixed effect)
Iteration 1:   deviance = 3.6934e+06  eps = .         iters = 4    tol = 1.0e-04  min(eta) =  -2.99  P   
Iteration 2:   deviance = 7.4908e+05  eps = 3.93e+00  iters = 3    tol = 1.0e-04  min(eta) =  -3.69      
Iteration 3:   deviance = 6.5872e+05  eps = 1.37e-01  iters = 3    tol = 1.0e-04  min(eta) =  -4.06      
Iteration 4:   deviance = 6.5819e+05  eps = 8.00e-04  iters = 2    tol = 1.0e-04  min(eta) =  -4.14      
Iteration 5:   deviance = 6.5819e+05  eps = 1.89e-07  iters = 2    tol = 1.0e-04  min(eta) =  -4.15      
Iteration 6:   deviance = 6.5819e+05  eps = 9.70e-14  iters = 1    tol = 1.0e-05  min(eta) =  -4.15   S  
Iteration 7:   deviance = 6.5819e+05  eps = 0.00e+00  iters = 1    tol = 1.0e-08  min(eta) =  -4.15   S O
------------------------------------------------------------------------------------------------------------
(legend: p: exact partial-out   s: exact solver   h: step-halving   o: epsilon below tolerance)
Converged in 7 iterations and 16 HDFE sub-iterations (tol = 1.0e-08)

HDFE PPML regression                              No. of obs      =    129,600
Absorbing 2 HDFE groups                           Residual df     =     22,046
Statistics robust to heteroskedasticity           Wald chi2(2)    =      39.84
Deviance             =  658193.6762               Prob > chi2     =     0.0000
Log pseudolikelihood = -752372.7674               Pseudo R2       =     0.9883

Number of clusters (flow_id)=     22,047
                                   (Std. err. adjusted for 22,047 clusters in flow_id)
--------------------------------------------------------------------------------------
                     |               Robust
                  n2 | Coefficient  std. err.      z    P>|z|     [95% conf. interval]
---------------------+----------------------------------------------------------------
1.out_multnomah_post |   .0028857    .019154     0.15   0.880    -.0346556    .0404269
 1.in_multnomah_post |  -.0991782   .0157384    -6.30   0.000     -.130025   -.0683315
               _cons |   7.303822   .0000424  1.7e+05   0.000     7.303738    7.303905
--------------------------------------------------------------------------------------

Absorbed degrees of freedom:
-----------------------------------------------------+
 Absorbed FE | Categories  - Redundant  = Num. Coefs |
-------------+---------------------------------------|
        year |         7           1           6     |
     flow_id |     22047       22047           0    *|
-----------------------------------------------------+
* = FE nested within cluster; treated as redundant for DoF computation
(file C:/Users/ji252/Documents/GitHub/multnomah-county-tax/results/flows/fig_multnomah_post_n2_acs.png not found)
file C:/Users/ji252/Documents/GitHub/multnomah-county-tax/results/flows/fig_multnomah_post_n2_acs.png saved as PNG format
(dropped 3389 observations that are either singletons or separated by a fixed effect)
Iteration 1:   deviance = 2.6805e+08  eps = .         iters = 4    tol = 1.0e-04  min(eta) =  -3.32  P   
Iteration 2:   deviance = 1.0401e+08  eps = 1.58e+00  iters = 3    tol = 1.0e-04  min(eta) =  -4.14      
Iteration 3:   deviance = 9.5891e+07  eps = 8.47e-02  iters = 3    tol = 1.0e-04  min(eta) =  -4.78      
Iteration 4:   deviance = 9.5722e+07  eps = 1.77e-03  iters = 2    tol = 1.0e-04  min(eta) =  -5.11      
Iteration 5:   deviance = 9.5721e+07  eps = 5.84e-06  iters = 2    tol = 1.0e-04  min(eta) =  -5.21      
Iteration 6:   deviance = 9.5721e+07  eps = 9.66e-10  iters = 2    tol = 1.0e-05  min(eta) =  -5.22   S  
Iteration 7:   deviance = 9.5721e+07  eps = 2.56e-15  iters = 1    tol = 1.0e-07  min(eta) =  -5.22   S  
Iteration 8:   deviance = 9.5721e+07  eps = 1.42e-16  iters = 1    tol = 1.0e-09  min(eta) =  -5.22   S O
------------------------------------------------------------------------------------------------------------
(legend: p: exact partial-out   s: exact solver   h: step-halving   o: epsilon below tolerance)
Converged in 8 iterations and 18 HDFE sub-iterations (tol = 1.0e-08)

HDFE PPML regression                              No. of obs      =    129,600
Absorbing 2 HDFE groups                           Residual df     =     22,046
Statistics robust to heteroskedasticity           Wald chi2(10)   =     511.65
Deviance             =  95721037.43               Prob > chi2     =     0.0000
Log pseudolikelihood = -48521300.98               Pseudo R2       =     0.9838

Number of clusters (flow_id)=     22,047
                                   (Std. err. adjusted for 22,047 clusters in flow_id)
--------------------------------------------------------------------------------------
                     |               Robust
                 agi | Coefficient  std. err.      z    P>|z|     [95% conf. interval]
---------------------+----------------------------------------------------------------
1.out_multnomah_post |    .116637   .0563226     2.07   0.038     .0062467    .2270274
 1.in_multnomah_post |  -.1908973   .0225148    -8.48   0.000    -.2350255   -.1467691
             unemp_o |   .0379792   .0068692     5.53   0.000     .0245158    .0514425
             unemp_d |  -.0406767   .0051414    -7.91   0.000    -.0507536   -.0305999
               pop_o |  -2.79e-07   6.28e-08    -4.45   0.000    -4.02e-07   -1.56e-07
               pop_d |   5.24e-07   8.90e-08     5.89   0.000     3.50e-07    6.99e-07
 per_capita_income_o |   7.56e-06   9.75e-07     7.75   0.000     5.65e-06    9.47e-06
 per_capita_income_d |   9.16e-07   1.13e-06     0.81   0.417    -1.30e-06    3.13e-06
    prop_rate_mean_o |   -.013418   .0062772    -2.14   0.033    -.0257211   -.0011149
    prop_rate_mean_d |   .0080536   .0054192     1.49   0.137    -.0025678     .018675
               _cons |   10.23336   .2129496    48.06   0.000     9.815987    10.65073
--------------------------------------------------------------------------------------

Absorbed degrees of freedom:
-----------------------------------------------------+
 Absorbed FE | Categories  - Redundant  = Num. Coefs |
-------------+---------------------------------------|
        year |         7           1           6     |
     flow_id |     22047       22047           0    *|
-----------------------------------------------------+
* = FE nested within cluster; treated as redundant for DoF computation
(dropped 3389 observations that are either singletons or separated by a fixed effect)
Iteration 1:   deviance = 2.7605e+08  eps = .         iters = 4    tol = 1.0e-04  min(eta) =  -3.25  P   
Iteration 2:   deviance = 1.1017e+08  eps = 1.51e+00  iters = 3    tol = 1.0e-04  min(eta) =  -4.15      
Iteration 3:   deviance = 1.0194e+08  eps = 8.07e-02  iters = 3    tol = 1.0e-04  min(eta) =  -4.83      
Iteration 4:   deviance = 1.0178e+08  eps = 1.66e-03  iters = 2    tol = 1.0e-04  min(eta) =  -5.17      
Iteration 5:   deviance = 1.0178e+08  eps = 5.36e-06  iters = 2    tol = 1.0e-04  min(eta) =  -5.25      
Iteration 6:   deviance = 1.0178e+08  eps = 9.20e-10  iters = 2    tol = 1.0e-05  min(eta) =  -5.25   S  
Iteration 7:   deviance = 1.0178e+08  eps = 2.27e-15  iters = 1    tol = 1.0e-07  min(eta) =  -5.25   S  
Iteration 8:   deviance = 1.0178e+08  eps = 1.34e-16  iters = 1    tol = 1.0e-09  min(eta) =  -5.25   S O
------------------------------------------------------------------------------------------------------------
(legend: p: exact partial-out   s: exact solver   h: step-halving   o: epsilon below tolerance)
Converged in 8 iterations and 18 HDFE sub-iterations (tol = 1.0e-08)

HDFE PPML regression                              No. of obs      =    129,600
Absorbing 2 HDFE groups                           Residual df     =     22,046
Statistics robust to heteroskedasticity           Wald chi2(2)    =      79.19
Deviance             =  101775047.8               Prob > chi2     =     0.0000
Log pseudolikelihood = -51548306.18               Pseudo R2       =     0.9827

Number of clusters (flow_id)=     22,047
                                   (Std. err. adjusted for 22,047 clusters in flow_id)
--------------------------------------------------------------------------------------
                     |               Robust
                 agi | Coefficient  std. err.      z    P>|z|     [95% conf. interval]
---------------------+----------------------------------------------------------------
1.out_multnomah_post |   .1151791   .0612446     1.88   0.060    -.0048582    .2352163
 1.in_multnomah_post |  -.1994398   .0231161    -8.63   0.000    -.2447464   -.1541331
               _cons |   11.16124   .0001579  7.1e+04   0.000     11.16093    11.16155
--------------------------------------------------------------------------------------

Absorbed degrees of freedom:
-----------------------------------------------------+
 Absorbed FE | Categories  - Redundant  = Num. Coefs |
-------------+---------------------------------------|
        year |         7           1           6     |
     flow_id |     22047       22047           0    *|
-----------------------------------------------------+
* = FE nested within cluster; treated as redundant for DoF computation
(file C:/Users/ji252/Documents/GitHub/multnomah-county-tax/results/flows/fig_multnomah_post_agi_acs.png not found)
file C:/Users/ji252/Documents/GitHub/multnomah-county-tax/results/flows/fig_multnomah_post_agi_acs.png saved as PNG format
1003 1015 1097 4005 4013 4025 5007 5119 5143 6001 6007 6013 6017 6019 6023 6025 6029 6031 6037 6039 6041 6047 6055 6059 6061 6065 6067 6071 6073 6075 6077 60
> 79 6081 6083 6085 6087 6089 6095 6097 6099 6107 6111 6113 8069 10001 10003 10005 11001 12001 12009 12011 12015 12017 12019 12021 12031 12033 12053 12057 12
> 061 12071 12073 12081 12083 12085 12091 12095 12097 12099 12101 12103 12105 12111 12113 12115 12117 13015 13021 13045 13051 13057 13059 13063 13067 13073 1
> 3077 13097 13113 13117 13135 13139 13151 13185 13223 13245 13313 16019 17031 17043 17089 17097 17111 17113 17119 17143 17161 17167 17179 17197 18003 18019 
> 18035 18039 18063 18081 18089 18091 18095 18097 18105 18127 18141 18157 18163 18167 19013 19103 19113 19163 20045 20091 20209 21015 21067 21111 21117 21227
>  22005 22017 22033 22055 22071 22073 22103 23001 23011 24003 24005 24013 24015 24017 24021 24025 24027 24031 24033 24510 25003 25025 26005 26021 26065 2607
> 5 26077 26081 26093 26099 26115 26121 26125 26139 26145 26147 26161 26163 27003 27037 27053 27109 27123 27163 28033 28047 28059 29095 29099 29183 29189 295
> 10 31055 31109 31153 32003 32031 34003 34005 34007 34013 34015 34017 34019 34021 34023 34025 34027 34029 34031 34035 34037 34039 34041 35013 35043 36001 36
> 005 36013 36029 36047 36055 36059 36061 36063 36071 36075 36081 36083 36085 36087 36089 36091 36093 36103 36109 37001 37019 37021 37035 37051 37057 37063 3
> 7067 37071 37081 37085 37119 37135 37147 37151 37159 37183 37191 38017 39003 39017 39023 39035 39041 39045 39049 39057 39061 39089 39093 39103 39109 39113 
> 39133 39139 39153 39165 39169 40017 40027 40109 41005 41019 41029 41039 41047 41051 41067 42003 42011 42017 42019 42021 42027 42029 42043 42045 42049 42051
>  42071 42075 42085 42089 42091 42101 42107 42129 42133 44003 44007 44009 45083 47009 47037 47065 47149 47157 47187 47189 48027 48029 48039 48041 48061 4808
> 5 48091 48113 48121 48135 48139 48141 48157 48167 48183 48187 48201 48209 48215 48245 48251 48257 48303 48309 48329 48339 48355 48367 48375 48381 48423 484
> 39 48441 48451 48453 48479 48485 48491 49011 49035 49049 49053 49057 51013 51041 51087 51107 51510 51650 51700 51760 51810 53011 53033 53035 53053 53061 53
> 063 53067 53073 53077 55009 55025 55059 55063 55073 55079 55087 55101 55105 55117 55127 55133 55139
Running regressions for 386 counties (acs sample)...
(file C:\Users\ji252\AppData\Local\Temp\ST_1cd48_000009.tmp not found)
Processing county 100 of 386 (fips = 17089)...
Processing county 200 of 386 (fips = 34017)...
Processing county 300 of 386 (fips = 42129)...

==========================================
Multnomah County Results:
==========================================

    Variable |        Obs        Mean    Std. dev.  
>      Min        Max
-------------+--------------------------------------
> -------------------
       b_out |          1     .116637           .   
>  .116637    .116637
        b_in |          1   -.1908973           .  -
> .1908973  -.1908973
  pctile_out |          1    93.26425           .   
> 93.26425   93.26425
   pctile_in |          1    6.735751           .   
> 6.735751   6.735751

Distribution of coefficients (all counties):

          Out-migration coefficient (County x Post)
----------------------------------------------------
> ---------
      Percentiles      Smallest
 1%    -.3068653      -1.085196
 5%    -.2371705      -.3452315
10%    -.1933728      -.3142822       Obs           
>       386
25%    -.1308724      -.3068653       Sum of wgt.   
>       386

50%     -.068173                      Mean          
> -.0615695
                        Largest       Std. dev.     
>  .1306556
75%     .0033888       .2401696
90%     .0819461       .2480409       Variance      
>  .0170709
95%     .1283096       .3075692       Skewness      
>  .0617987
99%     .2401696       .9156172       Kurtosis      
>  19.59754

          In-migration coefficient (County x Post)
----------------------------------------------------
> ---------
      Percentiles      Smallest
 1%    -.3479243      -.8163297
 5%    -.2103909      -.4469585
10%    -.1670359      -.3582215       Obs           
>       386
25%    -.1076507      -.3479243       Sum of wgt.   
>       386

50%    -.0408166                      Mean          
> -.0244704
                        Largest       Std. dev.     
>  .1365747
75%     .0488692       .3261347
90%     .1672236       .3376232       Variance      
>  .0186526
95%     .2106411       .3755583       Skewness      
> -.0355125
99%     .3261347       .4674779       Kurtosis      
>  6.046852
  variable multnomah was float now byte
  variable rank_b_out was float now int
  variable rank_b_in was float now int
  (2,702 bytes saved)
(file
    C:/Users/ji252/Documents/GitHub/multnomah-coun
    > ty-tax/data/working/county_did_coefficients_
    > acs.dta not found)
file
    C:/Users/ji252/Documents/GitHub/multnomah-coun
    > ty-tax/data/working/county_did_coefficients_
    > acs.dta saved
(file
    C:/Users/ji252/Documents/GitHub/multnomah-coun
    > ty-tax/data/working/county_did_coefficients_
    > acs.csv not found)
file C:/Users/ji252/Documents/GitHub/multnomah-count
> y-tax/data/working/county_did_coefficients_acs.csv
>  saved
County coefficients saved to C:/Users/ji252/Document
> s/GitHub/multnomah-county-tax/data/working/county_
> did_coefficients_acs.dta
Count of FIPS with non-missing in-migration flow coe
> f.
  386
Count of FIPS with non-missing in-migration flow coe
> f. greater than Multnomah
  26
  25
(26 real changes made)
Count of FIPS with non-missing out-migration flow co
> ef.
  386
Count of FIPS with non-missing out-migration flow co
> ef. greater than Multnomah
  26
  21
(26 real changes made)

           |        tag_out
    tag_in |         0          1 |     Total
-----------+----------------------+----------
         0 |       336         24 |       360 
         1 |        24          2 |        26 
-----------+----------------------+----------
     Total |       360         26 |       386 
(bin=50, start=-1.085196, width=.04001626)
(file
    C:/Users/ji252/Documents/GitHub/multnomah-coun
    > ty-tax/results/flows/fig_hist_out_b_acs.png
    not found)
file
    C:/Users/ji252/Documents/GitHub/multnomah-coun
    > ty-tax/results/flows/fig_hist_out_b_acs.png
    saved as PNG format
(bin=50, start=-.81632972, width=.02567615)
(file
    C:/Users/ji252/Documents/GitHub/multnomah-coun
    > ty-tax/results/flows/fig_hist_in_b_acs.png
    not found)
file
    C:/Users/ji252/Documents/GitHub/multnomah-coun
    > ty-tax/results/flows/fig_hist_in_b_acs.png
    saved as PNG format
(file
    C:/Users/ji252/Documents/GitHub/multnomah-coun
    > ty-tax/results/flows/fig_scatter_out_in_b_ac
    > s.png not found)
file
    C:/Users/ji252/Documents/GitHub/multnomah-coun
    > ty-tax/results/flows/fig_scatter_out_in_b_ac
    > s.png saved as PNG format
(bin=50, start=-23.432154, width=.63410162)
(file
    C:/Users/ji252/Documents/GitHub/multnomah-coun
    > ty-tax/results/flows/fig_hist_out_t_acs.png
    not found)
file
    C:/Users/ji252/Documents/GitHub/multnomah-coun
    > ty-tax/results/flows/fig_hist_out_t_acs.png
    saved as PNG format
(bin=50, start=-16.306009, width=.55474382)
(file
    C:/Users/ji252/Documents/GitHub/multnomah-coun
    > ty-tax/results/flows/fig_hist_in_t_acs.png
    not found)
file
    C:/Users/ji252/Documents/GitHub/multnomah-coun
    > ty-tax/results/flows/fig_hist_in_t_acs.png
    saved as PNG format
(file
    C:/Users/ji252/Documents/GitHub/multnomah-coun
    > ty-tax/results/flows/fig_scatter_out_in_t_ac
    > s.png not found)
file
    C:/Users/ji252/Documents/GitHub/multnomah-coun
    > ty-tax/results/flows/fig_scatter_out_in_t_ac
    > s.png saved as PNG format
(dropped 3389 observations that are either singleton
> s or separated by a fixed effect)
Iteration 1:   deviance = 1.9775e+06  eps = .       
>                                                   
>   iters = 4                                       
>                tol = 1.0e-04                      
>                               min(eta) =  -2.88  P
>    
Iteration 2:   deviance = 3.3913e+05  eps = 4.83e+00
>                                                   
>   iters = 3                                       
>                tol = 1.0e-04                      
>                               min(eta) =  -3.47   
>    
Iteration 3:   deviance = 2.9099e+05  eps = 1.65e-01
>                                                   
>   iters = 3                                       
>                tol = 1.0e-04                      
>                               min(eta) =  -3.71   
>    
Iteration 4:   deviance = 2.9077e+05  eps = 7.29e-04
>                                                   
>   iters = 2                                       
>                tol = 1.0e-04                      
>                               min(eta) =  -3.74   
>    
Iteration 5:   deviance = 2.9077e+05  eps = 5.69e-08
>                                                   
>   iters = 2                                       
>                tol = 1.0e-04                      
>                               min(eta) =  -3.74   
>    
Iteration 6:   deviance = 2.9077e+05  eps = 8.25e-16
>                                                   
>   iters = 1                                       
>                tol = 1.0e-05                      
>                               min(eta) =  -3.74   
> S  
Iteration 7:   deviance = 2.9077e+05  eps = 1.37e-16
>                                                   
>   iters = 1                                       
>                tol = 1.0e-09                      
>                               min(eta) =  -3.74   
> S O
----------------------------------------------------
> --------------------------------------------------
> ------
(legend: p: exact partial-out   s: exact solver   h:
>  step-halving   o: epsilon below tolerance)
Converged in 7 iterations and 16 HDFE sub-iterations
>  (tol = 1.0e-08)

HDFE PPML regression                              No
> . of obs                                          
>               =                                   
>                    129,600
Absorbing 2 HDFE groups                           Re
> sidual df                                         
>               =                                   
>                     22,046
Statistics robust to heteroskedasticity           Wa
> ld chi2(20)                                       
>               =                                   
>                     935.60
Deviance             =  290774.4263               Pr
> ob > chi2                                         
>               =                                   
>                     0.0000
Log pseudolikelihood = -533247.6985               Ps
> eudo R2                                           
>               =                                   
>                     0.9851

Number of clusters (flow_id)=     22,047
                           (Std. err. adjusted for 2
> 2,047 clusters in flow_id)
----------------------------------------------------
> --------------------------
             |               Robust
          n1 | Coefficient  std. err.      z    P>|z
> |                                                 
>       [95% con                                    
>               f. interval]
-------------+--------------------------------------
> --------------------------
  x_out_2016 |   .0216813   .0235243     0.92   0.35
> 7                                                 
>      -.0244255                                    
>                   .0677882
  x_out_2017 |   .0754026   .0137838     5.47   0.00
> 0                                                 
>       .0483867                                    
>                   .1024184
  x_out_2018 |   .0064161   .0122318     0.52   0.60
> 0                                                 
>      -.0175579                                    
>                   .0303901
  x_out_2019 |   -.007318   .0171262    -0.43   0.66
> 9                                                 
>      -.0408848                                    
>                   .0262487
  x_out_2021 |   .0425224   .0152848     2.78   0.00
> 5                                                 
>       .0125649                                    
>                     .07248
  x_out_2022 |  -.0036282   .0324137    -0.11   0.91
> 1                                                 
>      -.0671579                                    
>                   .0599015
   x_in_2016 |   .0846162   .0218546     3.87   0.00
> 0                                                 
>        .041782                                    
>                   .1274504
   x_in_2017 |   .0341028   .0212663     1.60   0.10
> 9                                                 
>      -.0075783                                    
>                   .0757839
   x_in_2018 |    .002899   .0138536     0.21   0.83
> 4                                                 
>      -.0242536                                    
>                   .0300515
   x_in_2019 |   .0203849   .0136763     1.49   0.13
> 6                                                 
>      -.0064202                                    
>                     .04719
   x_in_2021 |  -.0550648   .0166367    -3.31   0.00
> 1                                                 
>      -.0876721                                    
>                  -.0224574
   x_in_2022 |  -.0575413   .0283466    -2.03   0.04
> 2                                                 
>      -.1130995                                    
>                  -.0019831
     unemp_o |   .0229936   .0013081    17.58   0.00
> 0                                                 
>       .0204298                                    
>                   .0255575
     unemp_d |  -.0190333    .001416   -13.44   0.00
> 0                                                 
>      -.0218086                                    
>                  -.0162579
       pop_o |   7.19e-09   2.60e-08     0.28   0.78
> 2                                                 
>      -4.39e-08                                    
>                   5.82e-08
       pop_d |   3.85e-07   3.87e-08     9.95   0.00
> 0                                                 
>       3.10e-07                                    
>                   4.61e-07
per_capita~o |   1.13e-06   5.11e-07     2.21   0.02
> 7                                                 
>       1.26e-07                                    
>                   2.13e-06
per_capita~d |  -1.66e-06   4.07e-07    -4.07   0.00
> 0                                                 
>      -2.45e-06                                    
>                  -8.59e-07
prop_rate_~o |  -.0055057   .0020538    -2.68   0.00
> 7                                                 
>      -.0095311                                    
>                  -.0014803
prop_rate_~d |  -.0001415   .0020209    -0.07   0.94
> 4                                                 
>      -.0041024                                    
>                   .0038194
       _cons |   6.123871   .0784472    78.06   0.00
> 0                                                 
>       5.970117                                    
>                   6.277624
----------------------------------------------------
> --------------------------

Absorbed degrees of freedom:
----------------------------------------------------
> -+
 Absorbed FE | Categories  - Redundant  = Num. Coefs
>  |
-------------+--------------------------------------
> -|
        year |         7           1           6    
>                                                   
>  |
     flow_id |     22047       22047           0    
> *                                                 
>  |
----------------------------------------------------
> -+
* = FE nested within cluster; treated as redundant f
> or DoF computation
(dropped 3389 observations that are either singleton
> s or separated by a fixed effect)
Iteration 1:   deviance = 1.9944e+06  eps = .       
>                                                   
>   iters = 4                                       
>                tol = 1.0e-04                      
>                               min(eta) =  -2.86  P
>    
Iteration 2:   deviance = 3.5504e+05  eps = 4.62e+00
>                                                   
>   iters = 3                                       
>                tol = 1.0e-04                      
>                               min(eta) =  -3.44   
>    
Iteration 3:   deviance = 3.0691e+05  eps = 1.57e-01
>                                                   
>   iters = 3                                       
>                tol = 1.0e-04                      
>                               min(eta) =  -3.68   
>    
Iteration 4:   deviance = 3.0670e+05  eps = 6.90e-04
>                                                   
>   iters = 2                                       
>                tol = 1.0e-04                      
>                               min(eta) =  -3.71   
>    
Iteration 5:   deviance = 3.0670e+05  eps = 5.38e-08
>                                                   
>   iters = 2                                       
>                tol = 1.0e-04                      
>                               min(eta) =  -3.71   
>    
Iteration 6:   deviance = 3.0670e+05  eps = 7.82e-16
>                                                   
>   iters = 1                                       
>                tol = 1.0e-05                      
>                               min(eta) =  -3.71   
> S  
Iteration 7:   deviance = 3.0670e+05  eps = 1.30e-16
>                                                   
>   iters = 1                                       
>                tol = 1.0e-09                      
>                               min(eta) =  -3.71   
> S O
----------------------------------------------------
> --------------------------------------------------
> ------
(legend: p: exact partial-out   s: exact solver   h:
>  step-halving   o: epsilon below tolerance)
Converged in 7 iterations and 16 HDFE sub-iterations
>  (tol = 1.0e-08)

HDFE PPML regression                              No
> . of obs                                          
>               =                                   
>                    129,600
Absorbing 2 HDFE groups                           Re
> sidual df                                         
>               =                                   
>                     22,046
Statistics robust to heteroskedasticity           Wa
> ld chi2(12)                                       
>               =                                   
>                     270.13
Deviance             =  306702.3224               Pr
> ob > chi2                                         
>               =                                   
>                     0.0000
Log pseudolikelihood = -541211.6465               Ps
> eudo R2                                           
>               =                                   
>                     0.9849

Number of clusters (flow_id)=     22,047
                           (Std. err. adjusted for 2
> 2,047 clusters in flow_id)
----------------------------------------------------
> --------------------------
             |               Robust
          n1 | Coefficient  std. err.      z    P>|z
> |                                                 
>       [95% con                                    
>               f. interval]
-------------+--------------------------------------
> --------------------------
  x_out_2016 |   .0006873   .0224723     0.03   0.97
> 6                                                 
>      -.0433577                                    
>                   .0447323
  x_out_2017 |   .0569814   .0148049     3.85   0.00
> 0                                                 
>       .0279643                                    
>                   .0859984
  x_out_2018 |  -.0116661   .0159217    -0.73   0.46
> 4                                                 
>       -.042872                                    
>                   .0195398
  x_out_2019 |  -.0246004   .0203952    -1.21   0.22
> 8                                                 
>      -.0645741                                    
>                   .0153734
  x_out_2021 |   .0345233    .016497     2.09   0.03
> 6                                                 
>       .0021898                                    
>                   .0668568
  x_out_2022 |   -.014277   .0355923    -0.40   0.68
> 8                                                 
>      -.0840367                                    
>                   .0554827
   x_in_2016 |   .1145287   .0187551     6.11   0.00
> 0                                                 
>       .0777694                                    
>                    .151288
   x_in_2017 |   .0603117   .0207866     2.90   0.00
> 4                                                 
>       .0195707                                    
>                   .1010526
   x_in_2018 |   .0239054   .0153574     1.56   0.12
> 0                                                 
>      -.0061945                                    
>                   .0540053
   x_in_2019 |   .0394928    .014881     2.65   0.00
> 8                                                 
>       .0103267                                    
>                    .068659
   x_in_2021 |  -.0478143    .015323    -3.12   0.00
> 2                                                 
>      -.0778468                                    
>                  -.0177817
   x_in_2022 |  -.0499275   .0244579    -2.04   0.04
> 1                                                 
>      -.0978641                                    
>                  -.0019909
       _cons |    6.70613   .0001131  5.9e+04   0.00
> 0                                                 
>       6.705908                                    
>                   6.706351
----------------------------------------------------
> --------------------------

Absorbed degrees of freedom:
----------------------------------------------------
> -+
 Absorbed FE | Categories  - Redundant  = Num. Coefs
>  |
-------------+--------------------------------------
> -|
        year |         7           1           6    
>                                                   
>  |
     flow_id |     22047       22047           0    
> *                                                 
>  |
----------------------------------------------------
> -+
* = FE nested within cluster; treated as redundant f
> or DoF computation
Number of observations (_N) was 0, now 7.
(7 missing values generated)
(7 missing values generated)
(7 missing values generated)
(7 missing values generated)
(7 missing values generated)
(7 missing values generated)
(7 missing values generated)
(7 missing values generated)
(7 missing values generated)
(7 missing values generated)
(7 missing values generated)
(7 missing values generated)
(results n1_es_with_covars are active now)
(1 real change made)
(1 real change made)
(1 real change made)
(1 real change made)
(1 real change made)
(1 real change made)
(results n1_es_no_covars are active now)
(1 real change made)
(1 real change made)
(1 real change made)
(1 real change made)
(1 real change made)
(1 real change made)
(results n1_es_with_covars are active now)
(1 real change made)
(1 real change made)
(1 real change made)
(1 real change made)
(1 real change made)
(1 real change made)
(results n1_es_no_covars are active now)
(1 real change made)
(1 real change made)
(1 real change made)
(1 real change made)
(1 real change made)
(1 real change made)
(results n1_es_with_covars are active now)
(1 real change made)
(1 real change made)
(1 real change made)
(1 real change made)
(1 real change made)
(1 real change made)
(results n1_es_no_covars are active now)
(1 real change made)
(1 real change made)
(1 real change made)
(1 real change made)
(1 real change made)
(1 real change made)
(results n1_es_with_covars are active now)
(1 real change made)
(1 real change made)
(1 real change made)
(1 real change made)
(1 real change made)
(1 real change made)
(results n1_es_no_covars are active now)
(1 real change made)
(1 real change made)
(1 real change made)
(1 real change made)
(1 real change made)
(1 real change made)
(results n1_es_with_covars are active now)
(1 real change made)
(1 real change made)
(1 real change made)
(1 real change made)
(1 real change made)
(1 real change made)
(results n1_es_no_covars are active now)
(1 real change made)
(1 real change made)
(1 real change made)
(1 real change made)
(1 real change made)
(1 real change made)
(results n1_es_with_covars are active now)
(1 real change made)
(1 real change made)
(1 real change made)
(1 real change made)
(1 real change made)
(1 real change made)
(results n1_es_no_covars are active now)
(1 real change made)
(1 real change made)
(1 real change made)
(1 real change made)
(1 real change made)
(1 real change made)
(1 real change made)
(1 real change made)
(1 real change made)
(1 real change made)
(1 real change made)
(1 real change made)
(1 real change made)
(1 real change made)
(1 real change made)
(1 real change made)
(1 real change made)
(1 real change made)
(file
    C:/Users/ji252/Documents/GitHub/multnomah-coun
    > ty-tax/results/flows/fig_multnomah_out_n1_ac
    > s.png not found)
file
    C:/Users/ji252/Documents/GitHub/multnomah-coun
    > ty-tax/results/flows/fig_multnomah_out_n1_ac
    > s.png saved as PNG format
(file
    C:/Users/ji252/Documents/GitHub/multnomah-coun
    > ty-tax/results/flows/fig_multnomah_in_n1_acs
    > .png not found)
file
    C:/Users/ji252/Documents/GitHub/multnomah-coun
    > ty-tax/results/flows/fig_multnomah_in_n1_acs
    > .png saved as PNG format
(file
    C:/Users/ji252/Documents/GitHub/multnomah-coun
    > ty-tax/results/flows/fig_multnomah_both_n1_a
    > cs.png not found)
file
    C:/Users/ji252/Documents/GitHub/multnomah-coun
    > ty-tax/results/flows/fig_multnomah_both_n1_a
    > cs.png saved as PNG format
(dropped 3389 observations that are either singleton
> s or separated by a fixed effect)
Iteration 1:   deviance = 3.6616e+06  eps = .       
>                                                   
>   iters = 4                                       
>                tol = 1.0e-04                      
>                               min(eta) =  -3.00  P
>    
Iteration 2:   deviance = 7.1914e+05  eps = 4.09e+00
>                                                   
>   iters = 3                                       
>                tol = 1.0e-04                      
>                               min(eta) =  -3.70   
>    
Iteration 3:   deviance = 6.2873e+05  eps = 1.44e-01
>                                                   
>   iters = 3                                       
>                tol = 1.0e-04                      
>                               min(eta) =  -4.08   
>    
Iteration 4:   deviance = 6.2821e+05  eps = 8.41e-04
>                                                   
>   iters = 2                                       
>                tol = 1.0e-04                      
>                               min(eta) =  -4.17   
>    
Iteration 5:   deviance = 6.2821e+05  eps = 1.99e-07
>                                                   
>   iters = 2                                       
>                tol = 1.0e-04                      
>                               min(eta) =  -4.17   
>    
Iteration 6:   deviance = 6.2821e+05  eps = 1.03e-13
>                                                   
>   iters = 1                                       
>                tol = 1.0e-05                      
>                               min(eta) =  -4.17   
> S  
Iteration 7:   deviance = 6.2821e+05  eps = 1.16e-16
>                                                   
>   iters = 1                                       
>                tol = 1.0e-08                      
>                               min(eta) =  -4.17   
> S O
----------------------------------------------------
> --------------------------------------------------
> ------
(legend: p: exact partial-out   s: exact solver   h:
>  step-halving   o: epsilon below tolerance)
Converged in 7 iterations and 16 HDFE sub-iterations
>  (tol = 1.0e-08)

HDFE PPML regression                              No
> . of obs                                          
>               =                                   
>                    129,600
Absorbing 2 HDFE groups                           Re
> sidual df                                         
>               =                                   
>                     22,046
Statistics robust to heteroskedasticity           Wa
> ld chi2(20)                                       
>               =                                   
>                     878.51
Deviance             =  628206.6664               Pr
> ob > chi2                                         
>               =                                   
>                     0.0000
Log pseudolikelihood = -737379.2625               Ps
> eudo R2                                           
>               =                                   
>                     0.9885

Number of clusters (flow_id)=     22,047
                           (Std. err. adjusted for 2
> 2,047 clusters in flow_id)
----------------------------------------------------
> --------------------------
             |               Robust
          n2 | Coefficient  std. err.      z    P>|z
> |                                                 
>       [95% con                                    
>               f. interval]
-------------+--------------------------------------
> --------------------------
  x_out_2016 |   .0590591   .0219986     2.68   0.00
> 7                                                 
>       .0159427                                    
>                   .1021756
  x_out_2017 |   .0944793   .0156804     6.03   0.00
> 0                                                 
>       .0637464                                    
>                   .1252123
  x_out_2018 |   .0132395   .0123118     1.08   0.28
> 2                                                 
>      -.0108913                                    
>                   .0373703
  x_out_2019 |  -.0065173   .0209758    -0.31   0.75
> 6                                                 
>      -.0476291                                    
>                   .0345944
  x_out_2021 |   .0595244   .0139373     4.27   0.00
> 0                                                 
>       .0322077                                    
>                   .0868411
  x_out_2022 |    .006459   .0289337     0.22   0.82
> 3                                                 
>        -.05025                                    
>                    .063168
   x_in_2016 |   .0959863   .0224964     4.27   0.00
> 0                                                 
>       .0518942                                    
>                   .1400784
   x_in_2017 |   .0354647   .0175548     2.02   0.04
> 3                                                 
>       .0010579                                    
>                   .0698714
   x_in_2018 |   .0151202   .0148031     1.02   0.30
> 7                                                 
>      -.0138935                                    
>                   .0441338
   x_in_2019 |   .0323672   .0129112     2.51   0.01
> 2                                                 
>       .0070617                                    
>                   .0576727
   x_in_2021 |  -.0501441   .0176639    -2.84   0.00
> 5                                                 
>      -.0847648                                    
>                  -.0155234
   x_in_2022 |   -.047307   .0268481    -1.76   0.07
> 8                                                 
>      -.0999283                                    
>                   .0053143
     unemp_o |   .0217058   .0013967    15.54   0.00
> 0                                                 
>       .0189684                                    
>                   .0244432
     unemp_d |  -.0207307   .0015615   -13.28   0.00
> 0                                                 
>       -.023791                                    
>                  -.0176703
       pop_o |  -6.86e-09   2.84e-08    -0.24   0.81
> 0                                                 
>      -6.26e-08                                    
>                   4.89e-08
       pop_d |   4.05e-07   3.62e-08    11.18   0.00
> 0                                                 
>       3.34e-07                                    
>                   4.76e-07
per_capita~o |   1.63e-06   5.18e-07     3.14   0.00
> 2                                                 
>       6.10e-07                                    
>                   2.64e-06
per_capita~d |  -2.03e-06   4.34e-07    -4.67   0.00
> 0                                                 
>      -2.88e-06                                    
>                  -1.18e-06
prop_rate_~o |  -.0053243    .002158    -2.47   0.01
> 4                                                 
>      -.0095539                                    
>                  -.0010947
prop_rate_~d |  -.0005593   .0021348    -0.26   0.79
> 3                                                 
>      -.0047435                                    
>                   .0036249
       _cons |   6.742645   .0806562    83.60   0.00
> 0                                                 
>       6.584561                                    
>                   6.900728
----------------------------------------------------
> --------------------------

Absorbed degrees of freedom:
----------------------------------------------------
> -+
 Absorbed FE | Categories  - Redundant  = Num. Coefs
>  |
-------------+--------------------------------------
> -|
        year |         7           1           6    
>                                                   
>  |
     flow_id |     22047       22047           0    
> *                                                 
>  |
----------------------------------------------------
> -+
* = FE nested within cluster; treated as redundant f
> or DoF computation
(dropped 3389 observations that are either singleton
> s or separated by a fixed effect)
Iteration 1:   deviance = 3.6928e+06  eps = .       
>                                                   
>   iters = 4                                       
>                tol = 1.0e-04                      
>                               min(eta) =  -2.99  P
>    
Iteration 2:   deviance = 7.4847e+05  eps = 3.93e+00
>                                                   
>   iters = 3                                       
>                tol = 1.0e-04                      
>                               min(eta) =  -3.69   
>    
Iteration 3:   deviance = 6.5811e+05  eps = 1.37e-01
>                                                   
>   iters = 3                                       
>                tol = 1.0e-04                      
>                               min(eta) =  -4.06   
>    
Iteration 4:   deviance = 6.5758e+05  eps = 8.01e-04
>                                                   
>   iters = 2                                       
>                tol = 1.0e-04                      
>                               min(eta) =  -4.14   
>    
Iteration 5:   deviance = 6.5758e+05  eps = 1.89e-07
>                                                   
>   iters = 2                                       
>                tol = 1.0e-04                      
>                               min(eta) =  -4.15   
>    
Iteration 6:   deviance = 6.5758e+05  eps = 9.75e-14
>                                                   
>   iters = 1                                       
>                tol = 1.0e-05                      
>                               min(eta) =  -4.15   
> S  
Iteration 7:   deviance = 6.5758e+05  eps = 2.21e-16
>                                                   
>   iters = 1                                       
>                tol = 1.0e-08                      
>                               min(eta) =  -4.15   
> S O
----------------------------------------------------
> --------------------------------------------------
> ------
(legend: p: exact partial-out   s: exact solver   h:
>  step-halving   o: epsilon below tolerance)
Converged in 7 iterations and 16 HDFE sub-iterations
>  (tol = 1.0e-08)

HDFE PPML regression                              No
> . of obs                                          
>               =                                   
>                    129,600
Absorbing 2 HDFE groups                           Re
> sidual df                                         
>               =                                   
>                     22,046
Statistics robust to heteroskedasticity           Wa
> ld chi2(12)                                       
>               =                                   
>                     235.62
Deviance             =  657583.8915               Pr
> ob > chi2                                         
>               =                                   
>                     0.0000
Log pseudolikelihood = -752067.8751               Ps
> eudo R2                                           
>               =                                   
>                     0.9883

Number of clusters (flow_id)=     22,047
                           (Std. err. adjusted for 2
> 2,047 clusters in flow_id)
----------------------------------------------------
> --------------------------
             |               Robust
          n2 | Coefficient  std. err.      z    P>|z
> |                                                 
>       [95% con                                    
>               f. interval]
-------------+--------------------------------------
> --------------------------
  x_out_2016 |   .0373266   .0184606     2.02   0.04
> 3                                                 
>       .0011446                                    
>                   .0735087
  x_out_2017 |   .0759461   .0140242     5.42   0.00
> 0                                                 
>       .0484592                                    
>                    .103433
  x_out_2018 |  -.0062191   .0145871    -0.43   0.67
> 0                                                 
>      -.0348092                                    
>                   .0223711
  x_out_2019 |  -.0253307   .0229546    -1.10   0.27
> 0                                                 
>      -.0703208                                    
>                   .0196595
  x_out_2021 |   .0507793   .0149756     3.39   0.00
> 1                                                 
>       .0214278                                    
>                   .0801309
  x_out_2022 |  -.0067742   .0323187    -0.21   0.83
> 4                                                 
>      -.0701176                                    
>                   .0565692
   x_in_2016 |   .1293669   .0194492     6.65   0.00
> 0                                                 
>       .0912471                                    
>                   .1674867
   x_in_2017 |     .06503    .017004     3.82   0.00
> 0                                                 
>       .0317027                                    
>                   .0983573
   x_in_2018 |    .038089   .0171927     2.22   0.02
> 7                                                 
>        .004392                                    
>                   .0717861
   x_in_2019 |   .0535092   .0150661     3.55   0.00
> 0                                                 
>       .0239801                                    
>                   .0830383
   x_in_2021 |  -.0431737    .016665    -2.59   0.01
> 0                                                 
>      -.0758365                                    
>                   -.010511
   x_in_2022 |  -.0406385   .0232158    -1.75   0.08
> 0                                                 
>      -.0861405                                    
>                   .0048635
       _cons |   7.303372   .0000937  7.8e+04   0.00
> 0                                                 
>       7.303188                                    
>                   7.303556
----------------------------------------------------
> --------------------------

Absorbed degrees of freedom:
----------------------------------------------------
> -+
 Absorbed FE | Categories  - Redundant  = Num. Coefs
>  |
-------------+--------------------------------------
> -|
        year |         7           1           6    
>                                                   
>  |
     flow_id |     22047       22047           0    
> *                                                 
>  |
----------------------------------------------------
> -+
* = FE nested within cluster; treated as redundant f
> or DoF computation
Number of observations (_N) was 0, now 7.
(7 missing values generated)
(7 missing values generated)
(7 missing values generated)
(7 missing values generated)
(7 missing values generated)
(7 missing values generated)
(7 missing values generated)
(7 missing values generated)
(7 missing values generated)
(7 missing values generated)
(7 missing values generated)
(7 missing values generated)
(results n2_es_with_covars are active now)
(1 real change made)
(1 real change made)
(1 real change made)
(1 real change made)
(1 real change made)
(1 real change made)
(results n2_es_no_covars are active now)
(1 real change made)
(1 real change made)
(1 real change made)
(1 real change made)
(1 real change made)
(1 real change made)
(results n2_es_with_covars are active now)
(1 real change made)
(1 real change made)
(1 real change made)
(1 real change made)
(1 real change made)
(1 real change made)
(results n2_es_no_covars are active now)
(1 real change made)
(1 real change made)
(1 real change made)
(1 real change made)
(1 real change made)
(1 real change made)
(results n2_es_with_covars are active now)
(1 real change made)
(1 real change made)
(1 real change made)
(1 real change made)
(1 real change made)
(1 real change made)
(results n2_es_no_covars are active now)
(1 real change made)
(1 real change made)
(1 real change made)
(1 real change made)
(1 real change made)
(1 real change made)
(results n2_es_with_covars are active now)
(1 real change made)
(1 real change made)
(1 real change made)
(1 real change made)
(1 real change made)
(1 real change made)
(results n2_es_no_covars are active now)
(1 real change made)
(1 real change made)
(1 real change made)
(1 real change made)
(1 real change made)
(1 real change made)
(results n2_es_with_covars are active now)
(1 real change made)
(1 real change made)
(1 real change made)
(1 real change made)
(1 real change made)
(1 real change made)
(results n2_es_no_covars are active now)
(1 real change made)
(1 real change made)
(1 real change made)
(1 real change made)
(1 real change made)
(1 real change made)
(results n2_es_with_covars are active now)
(1 real change made)
(1 real change made)
(1 real change made)
(1 real change made)
(1 real change made)
(1 real change made)
(results n2_es_no_covars are active now)
(1 real change made)
(1 real change made)
(1 real change made)
(1 real change made)
(1 real change made)
(1 real change made)
(1 real change made)
(1 real change made)
(1 real change made)
(1 real change made)
(1 real change made)
(1 real change made)
(1 real change made)
(1 real change made)
(1 real change made)
(1 real change made)
(1 real change made)
(1 real change made)
(file
    C:/Users/ji252/Documents/GitHub/multnomah-coun
    > ty-tax/results/flows/fig_multnomah_out_n2_ac
    > s.png not found)
file
    C:/Users/ji252/Documents/GitHub/multnomah-coun
    > ty-tax/results/flows/fig_multnomah_out_n2_ac
    > s.png saved as PNG format
(file
    C:/Users/ji252/Documents/GitHub/multnomah-coun
    > ty-tax/results/flows/fig_multnomah_in_n2_acs
    > .png not found)
file
    C:/Users/ji252/Documents/GitHub/multnomah-coun
    > ty-tax/results/flows/fig_multnomah_in_n2_acs
    > .png saved as PNG format
(file
    C:/Users/ji252/Documents/GitHub/multnomah-coun
    > ty-tax/results/flows/fig_multnomah_both_n2_a
    > cs.png not found)
file
    C:/Users/ji252/Documents/GitHub/multnomah-coun
    > ty-tax/results/flows/fig_multnomah_both_n2_a
    > cs.png saved as PNG format
(dropped 3389 observations that are either singleton
> s or separated by a fixed effect)
Iteration 1:   deviance = 2.6802e+08  eps = .       
>                                                   
>   iters = 4                                       
>                tol = 1.0e-04                      
>                               min(eta) =  -3.32  P
>    
Iteration 2:   deviance = 1.0398e+08  eps = 1.58e+00
>                                                   
>   iters = 3                                       
>                tol = 1.0e-04                      
>                               min(eta) =  -4.14   
>    
Iteration 3:   deviance = 9.5862e+07  eps = 8.47e-02
>                                                   
>   iters = 3                                       
>                tol = 1.0e-04                      
>                               min(eta) =  -4.79   
>    
Iteration 4:   deviance = 9.5693e+07  eps = 1.77e-03
>                                                   
>   iters = 2                                       
>                tol = 1.0e-04                      
>                               min(eta) =  -5.11   
>    
Iteration 5:   deviance = 9.5692e+07  eps = 5.84e-06
>                                                   
>   iters = 2                                       
>                tol = 1.0e-04                      
>                               min(eta) =  -5.21   
>    
Iteration 6:   deviance = 9.5692e+07  eps = 9.67e-10
>                                                   
>   iters = 2                                       
>                tol = 1.0e-05                      
>                               min(eta) =  -5.22   
> S  
Iteration 7:   deviance = 9.5692e+07  eps = 2.56e-15
>                                                   
>   iters = 1                                       
>                tol = 1.0e-07                      
>                               min(eta) =  -5.22   
> S  
Iteration 8:   deviance = 9.5692e+07  eps = 0.00e+00
>                                                   
>   iters = 1                                       
>                tol = 1.0e-09                      
>                               min(eta) =  -5.22   
> S O
----------------------------------------------------
> --------------------------------------------------
> ------
(legend: p: exact partial-out   s: exact solver   h:
>  step-halving   o: epsilon below tolerance)
Converged in 8 iterations and 18 HDFE sub-iterations
>  (tol = 1.0e-08)

HDFE PPML regression                              No
> . of obs                                          
>               =                                   
>                    129,600
Absorbing 2 HDFE groups                           Re
> sidual df                                         
>               =                                   
>                     22,046
Statistics robust to heteroskedasticity           Wa
> ld chi2(20)                                       
>               =                                   
>                     793.90
Deviance             =  95692345.52               Pr
> ob > chi2                                         
>               =                                   
>                     0.0000
Log pseudolikelihood = -48506955.03               Ps
> eudo R2                                           
>               =                                   
>                     0.9838

Number of clusters (flow_id)=     22,047
                           (Std. err. adjusted for 2
> 2,047 clusters in flow_id)
----------------------------------------------------
> --------------------------
             |               Robust
         agi | Coefficient  std. err.      z    P>|z
> |                                                 
>       [95% con                                    
>               f. interval]
-------------+--------------------------------------
> --------------------------
  x_out_2016 |   .0040056   .0480877     0.08   0.93
> 4                                                 
>      -.0902445                                    
>                   .0982558
  x_out_2017 |   .1119817   .0286847     3.90   0.00
> 0                                                 
>       .0557607                                    
>                   .1682027
  x_out_2018 |   .0861931   .0578538     1.49   0.13
> 6                                                 
>      -.0271982                                    
>                   .1995843
  x_out_2019 |   .0741679   .0403691     1.84   0.06
> 6                                                 
>      -.0049541                                    
>                     .15329
  x_out_2021 |   .1755181   .0214335     8.19   0.00
> 0                                                 
>       .1335092                                    
>                    .217527
  x_out_2022 |   .1727474   .0644051     2.68   0.00
> 7                                                 
>       .0465158                                    
>                    .298979
   x_in_2016 |   .1068567   .0287734     3.71   0.00
> 0                                                 
>       .0504618                                    
>                   .1632515
   x_in_2017 |   .0598298   .0346418     1.73   0.08
> 4                                                 
>      -.0080668                                    
>                   .1277263
   x_in_2018 |   .0029687   .0376167     0.08   0.93
> 7                                                 
>      -.0707587                                    
>                   .0766962
   x_in_2019 |   .0405833   .0296853     1.37   0.17
> 2                                                 
>      -.0175989                                    
>                   .0987654
   x_in_2021 |  -.1285752   .0350195    -3.67   0.00
> 0                                                 
>      -.1972122                                    
>                  -.0599382
   x_in_2022 |  -.1697776   .0385657    -4.40   0.00
> 0                                                 
>      -.2453651                                    
>                  -.0941902
     unemp_o |   .0379987   .0068736     5.53   0.00
> 0                                                 
>       .0245267                                    
>                   .0514708
     unemp_d |  -.0406669   .0051563    -7.89   0.00
> 0                                                 
>      -.0507731                                    
>                  -.0305607
       pop_o |  -2.79e-07   6.28e-08    -4.44   0.00
> 0                                                 
>      -4.02e-07                                    
>                  -1.56e-07
       pop_d |   5.24e-07   8.90e-08     5.89   0.00
> 0                                                 
>       3.49e-07                                    
>                   6.98e-07
per_capita~o |   7.56e-06   9.75e-07     7.76   0.00
> 0                                                 
>       5.65e-06                                    
>                   9.47e-06
per_capita~d |   9.19e-07   1.13e-06     0.81   0.41
> 6                                                 
>      -1.29e-06                                    
>                   3.13e-06
prop_rate_~o |  -.0133421   .0062851    -2.12   0.03
> 4                                                 
>      -.0256606                                    
>                  -.0010235
prop_rate_~d |   .0081334    .005426     1.50   0.13
> 4                                                 
>      -.0025013                                    
>                   .0187681
       _cons |   10.23183    .212935    48.05   0.00
> 0                                                 
>       9.814487                                    
>                   10.64918
----------------------------------------------------
> --------------------------

Absorbed degrees of freedom:
----------------------------------------------------
> -+
 Absorbed FE | Categories  - Redundant  = Num. Coefs
>  |
-------------+--------------------------------------
> -|
        year |         7           1           6    
>                                                   
>  |
     flow_id |     22047       22047           0    
> *                                                 
>  |
----------------------------------------------------
> -+
* = FE nested within cluster; treated as redundant f
> or DoF computation
(dropped 3389 observations that are either singleton
> s or separated by a fixed effect)
Iteration 1:   deviance = 2.7601e+08  eps = .       
>                                                   
>   iters = 4                                       
>                tol = 1.0e-04                      
>                               min(eta) =  -3.28  P
>    
Iteration 2:   deviance = 1.1014e+08  eps = 1.51e+00
>                                                   
>   iters = 3                                       
>                tol = 1.0e-04                      
>                               min(eta) =  -4.15   
>    
Iteration 3:   deviance = 1.0191e+08  eps = 8.07e-02
>                                                   
>   iters = 3                                       
>                tol = 1.0e-04                      
>                               min(eta) =  -4.83   
>    
Iteration 4:   deviance = 1.0174e+08  eps = 1.66e-03
>                                                   
>   iters = 2                                       
>                tol = 1.0e-04                      
>                               min(eta) =  -5.17   
>    
Iteration 5:   deviance = 1.0174e+08  eps = 5.36e-06
>                                                   
>   iters = 2                                       
>                tol = 1.0e-04                      
>                               min(eta) =  -5.25   
>    
Iteration 6:   deviance = 1.0174e+08  eps = 9.20e-10
>                                                   
>   iters = 2                                       
>                tol = 1.0e-05                      
>                               min(eta) =  -5.25   
> S  
Iteration 7:   deviance = 1.0174e+08  eps = 2.54e-15
>                                                   
>   iters = 1                                       
>                tol = 1.0e-07                      
>                               min(eta) =  -5.25   
> S  
Iteration 8:   deviance = 1.0174e+08  eps = 0.00e+00
>                                                   
>   iters = 1                                       
>                tol = 1.0e-09                      
>                               min(eta) =  -5.25   
> S O
----------------------------------------------------
> --------------------------------------------------
> ------
(legend: p: exact partial-out   s: exact solver   h:
>  step-halving   o: epsilon below tolerance)
Converged in 8 iterations and 18 HDFE sub-iterations
>  (tol = 1.0e-08)

HDFE PPML regression                              No
> . of obs                                          
>               =                                   
>                    129,600
Absorbing 2 HDFE groups                           Re
> sidual df                                         
>               =                                   
>                     22,046
Statistics robust to heteroskedasticity           Wa
> ld chi2(12)                                       
>               =                                   
>                     283.29
Deviance             =  101743999.7               Pr
> ob > chi2                                         
>               =                                   
>                     0.0000
Log pseudolikelihood =  -51532782.1               Ps
> eudo R2                                           
>               =                                   
>                     0.9828

Number of clusters (flow_id)=     22,047
                           (Std. err. adjusted for 2
> 2,047 clusters in flow_id)
----------------------------------------------------
> --------------------------
             |               Robust
         agi | Coefficient  std. err.      z    P>|z
> |                                                 
>       [95% con                                    
>               f. interval]
-------------+--------------------------------------
> --------------------------
  x_out_2016 |  -.0431608   .0451648    -0.96   0.33
> 9                                                 
>      -.1316821                                    
>                   .0453605
  x_out_2017 |   .0740926   .0257856     2.87   0.00
> 4                                                 
>       .0235537                                    
>                   .1246314
  x_out_2018 |   .0441215   .0554411     0.80   0.42
> 6                                                 
>       -.064541                                    
>                    .152784
  x_out_2019 |   .0391689   .0443094     0.88   0.37
> 7                                                 
>       -.047676                                    
>                   .1260138
  x_out_2021 |   .1451036   .0257289     5.64   0.00
> 0                                                 
>       .0946758                                    
>                   .1955313
  x_out_2022 |   .1387811   .0714183     1.94   0.05
> 2                                                 
>      -.0011963                                    
>                   .2787584
   x_in_2016 |   .1408432   .0306178     4.60   0.00
> 0                                                 
>       .0808334                                    
>                   .2008529
   x_in_2017 |    .088106   .0399843     2.20   0.02
> 8                                                 
>       .0097382                                    
>                   .1664738
   x_in_2018 |   .0300755   .0429007     0.70   0.48
> 3                                                 
>      -.0540084                                    
>                   .1141593
   x_in_2019 |   .0626958    .034931     1.79   0.07
> 3                                                 
>      -.0057678                                    
>                   .1311593
   x_in_2021 |  -.1125724    .033865    -3.32   0.00
> 1                                                 
>      -.1789465                                    
>                  -.0461983
   x_in_2022 |  -.1593401   .0344418    -4.63   0.00
> 0                                                 
>      -.2268447                                    
>                  -.0918355
       _cons |   11.16068   .0002025  5.5e+04   0.00
> 0                                                 
>       11.16028                                    
>                   11.16108
----------------------------------------------------
> --------------------------

Absorbed degrees of freedom:
----------------------------------------------------
> -+
 Absorbed FE | Categories  - Redundant  = Num. Coefs
>  |
-------------+--------------------------------------
> -|
        year |         7           1           6    
>                                                   
>  |
     flow_id |     22047       22047           0    
> *                                                 
>  |
----------------------------------------------------
> -+
* = FE nested within cluster; treated as redundant f
> or DoF computation
Number of observations (_N) was 0, now 7.
(7 missing values generated)
(7 missing values generated)
(7 missing values generated)
(7 missing values generated)
(7 missing values generated)
(7 missing values generated)
(7 missing values generated)
(7 missing values generated)
(7 missing values generated)
(7 missing values generated)
(7 missing values generated)
(7 missing values generated)
(results agi_es_with_covars are active now)
(1 real change made)
(1 real change made)
(1 real change made)
(1 real change made)
(1 real change made)
(1 real change made)
(results agi_es_no_covars are active now)
(1 real change made)
(1 real change made)
(1 real change made)
(1 real change made)
(1 real change made)
(1 real change made)
(results agi_es_with_covars are active now)
(1 real change made)
(1 real change made)
(1 real change made)
(1 real change made)
(1 real change made)
(1 real change made)
(results agi_es_no_covars are active now)
(1 real change made)
(1 real change made)
(1 real change made)
(1 real change made)
(1 real change made)
(1 real change made)
(results agi_es_with_covars are active now)
(1 real change made)
(1 real change made)
(1 real change made)
(1 real change made)
(1 real change made)
(1 real change made)
(results agi_es_no_covars are active now)
(1 real change made)
(1 real change made)
(1 real change made)
(1 real change made)
(1 real change made)
(1 real change made)
(results agi_es_with_covars are active now)
(1 real change made)
(1 real change made)
(1 real change made)
(1 real change made)
(1 real change made)
(1 real change made)
(results agi_es_no_covars are active now)
(1 real change made)
(1 real change made)
(1 real change made)
(1 real change made)
(1 real change made)
(1 real change made)
(results agi_es_with_covars are active now)
(1 real change made)
(1 real change made)
(1 real change made)
(1 real change made)
(1 real change made)
(1 real change made)
(results agi_es_no_covars are active now)
(1 real change made)
(1 real change made)
(1 real change made)
(1 real change made)
(1 real change made)
(1 real change made)
(results agi_es_with_covars are active now)
(1 real change made)
(1 real change made)
(1 real change made)
(1 real change made)
(1 real change made)
(1 real change made)
(results agi_es_no_covars are active now)
(1 real change made)
(1 real change made)
(1 real change made)
(1 real change made)
(1 real change made)
(1 real change made)
(1 real change made)
(1 real change made)
(1 real change made)
(1 real change made)
(1 real change made)
(1 real change made)
(1 real change made)
(1 real change made)
(1 real change made)
(1 real change made)
(1 real change made)
(1 real change made)
(file
    C:/Users/ji252/Documents/GitHub/multnomah-coun
    > ty-tax/results/flows/fig_multnomah_out_agi_a
    > cs.png not found)
file
    C:/Users/ji252/Documents/GitHub/multnomah-coun
    > ty-tax/results/flows/fig_multnomah_out_agi_a
    > cs.png saved as PNG format
(file
    C:/Users/ji252/Documents/GitHub/multnomah-coun
    > ty-tax/results/flows/fig_multnomah_in_agi_ac
    > s.png not found)
file
    C:/Users/ji252/Documents/GitHub/multnomah-coun
    > ty-tax/results/flows/fig_multnomah_in_agi_ac
    > s.png saved as PNG format
(file
    C:/Users/ji252/Documents/GitHub/multnomah-coun
    > ty-tax/results/flows/fig_multnomah_both_agi_
    > acs.png not found)
file
    C:/Users/ji252/Documents/GitHub/multnomah-coun
    > ty-tax/results/flows/fig_multnomah_both_agi_
    > acs.png saved as PNG format

. 
. 
. ** Close log
. clear

. log close log_02
      name:  log_02
       log:  C:/Users/ji252/Documents/GitHub/multnom
> ah-county-tax/code/logs/02_log_flow_2026-01-20.log
  log type:  text
 closed on:  20 Jan 2026, 22:26:12
----------------------------------------------------
